Jul  1 09:59:24 techo2-PC kernel: [ 1076.220036] usb 2-6: new high-speed USB device number 2 using ehci-pci
Jul  1 09:59:24 techo2-PC kernel: [ 1076.370642] usb 2-6: New USB device found, idVendor=0930, idProduct=6544
Jul  1 09:59:24 techo2-PC kernel: [ 1076.370645] usb 2-6: New USB device strings: Mfr=1, Product=2, SerialNumber=3
Jul  1 09:59:24 techo2-PC kernel: [ 1076.370646] usb 2-6: Product: TransMemory     
Jul  1 09:59:24 techo2-PC kernel: [ 1076.370648] usb 2-6: Manufacturer: TOSHIBA 
Jul  1 09:59:24 techo2-PC kernel: [ 1076.370649] usb 2-6: SerialNumber: C412F52D6CA2C05170052917
Jul  1 09:59:24 techo2-PC kernel: [ 1076.474205] usb-storage 2-6:1.0: USB Mass Storage device detected
Jul  1 09:59:24 techo2-PC kernel: [ 1076.490021] scsi host2: usb-storage 2-6:1.0
Jul  1 09:59:24 techo2-PC kernel: [ 1076.490340] usbcore: registered new interface driver usb-storage
Jul  1 09:59:24 techo2-PC kernel: [ 1076.494082] usbcore: registered new interface driver uas
Jul  1 09:59:25 techo2-PC kernel: [ 1077.841794] scsi 2:0:0:0: Direct-Access     TOSHIBA  TransMemory      1.00 PQ: 0 ANSI: 4
Jul  1 09:59:25 techo2-PC kernel: [ 1077.845305] sd 2:0:0:0: Attached scsi generic sg1 type 0
Jul  1 09:59:25 techo2-PC kernel: [ 1077.845891] sd 2:0:0:0: [sdb] 30310400 512-byte logical blocks: (15.5 GB/14.5 GiB)
Jul  1 09:59:25 techo2-PC kernel: [ 1077.846632] sd 2:0:0:0: [sdb] Write Protect is off
Jul  1 09:59:25 techo2-PC kernel: [ 1077.846634] sd 2:0:0:0: [sdb] Mode Sense: 45 00 00 00
Jul  1 09:59:25 techo2-PC kernel: [ 1077.847293] sd 2:0:0:0: [sdb] Write cache: disabled, read cache: enabled, doesn't support DPO or FUA
Jul  1 09:59:25 techo2-PC kernel: [ 1077.852124]  sdb: sdb1
Jul  1 09:59:25 techo2-PC kernel: [ 1077.854648] sd 2:0:0:0: [sdb] Attached SCSI removable disk
Jul  1 10:00:07 techo2-PC kernel: [ 1119.697111] perf: interrupt took too long (3921 > 3920), lowering kernel.perf_event_max_sample_rate to 51000
Jul  1 10:21:13 techo2-PC kernel: [ 2385.830632] perf: interrupt took too long (4941 > 4901), lowering kernel.perf_event_max_sample_rate to 40250
Jul  1 13:12:56 techo2-PC NetworkManager[728]: <info>  [1561966976.0208] manager: disable requested (sleeping: no  enabled: yes)
Jul  1 13:12:56 techo2-PC NetworkManager[728]: <info>  [1561966976.0209] manager: disabling...
Jul  1 13:12:56 techo2-PC NetworkManager[728]: <info>  [1561966976.0210] manager: NetworkManager state is now ASLEEP
Jul  1 13:12:56 techo2-PC NetworkManager[728]: <info>  [1561966976.0212] audit: op="networking-control" arg="off" pid=1888 uid=1000 result="success"
Jul  1 13:12:56 techo2-PC NetworkManager[728]: <info>  [1561966976.0213] device (enp2s0): state change: activated -> deactivating (reason 'sleeping') [100 110 37]
Jul  1 13:12:56 techo2-PC NetworkManager[728]: <info>  [1561966976.1594] device (enp2s0): state change: deactivating -> disconnected (reason 'sleeping') [110 30 37]
Jul  1 13:12:56 techo2-PC NetworkManager[728]: <info>  [1561966976.1604] dns-mgr: Writing DNS information to /sbin/resolvconf
Jul  1 13:12:56 techo2-PC NetworkManager[728]: <info>  [1561966976.6582] device (enp2s0): state change: disconnected -> unmanaged (reason 'sleeping') [30 10 37]
Jul  1 13:12:56 techo2-PC NetworkManager[728]: <info>  [1561966976.6779] device (enp2s0): link disconnected
Jul  1 13:13:00 techo2-PC kernel: [12692.532362] IPv6: ADDRCONF(NETDEV_UP): enp2s0: link is not ready
Jul  1 13:13:00 techo2-PC NetworkManager[728]: <info>  [1561966980.6631] manager: enable requested (sleeping: no  enabled: no)
Jul  1 13:13:00 techo2-PC NetworkManager[728]: <info>  [1561966980.6631] manager: re-enabling...
Jul  1 13:13:00 techo2-PC NetworkManager[728]: <info>  [1561966980.6631] device (enp2s0): state change: unmanaged -> unavailable (reason 'managed') [10 20 2]
Jul  1 13:13:00 techo2-PC kernel: [12692.597346] r8169 0000:02:00.0 enp2s0: link down
Jul  1 13:13:00 techo2-PC kernel: [12692.597362] r8169 0000:02:00.0 enp2s0: link down
Jul  1 13:13:00 techo2-PC kernel: [12692.597584] IPv6: ADDRCONF(NETDEV_UP): enp2s0: link is not ready
Jul  1 13:13:00 techo2-PC NetworkManager[728]: <info>  [1561966980.7313] manager: NetworkManager state is now DISCONNECTED
Jul  1 13:13:00 techo2-PC NetworkManager[728]: <info>  [1561966980.7368] audit: op="networking-control" arg="on" pid=1888 uid=1000 result="success"
Jul  1 13:13:03 techo2-PC kernel: [12695.087544] r8169 0000:02:00.0 enp2s0: link up
Jul  1 13:13:03 techo2-PC kernel: [12695.087558] IPv6: ADDRCONF(NETDEV_CHANGE): enp2s0: link becomes ready
Jul  1 13:13:03 techo2-PC NetworkManager[728]: <info>  [1561966983.2191] device (enp2s0): link connected
Jul  1 13:13:03 techo2-PC NetworkManager[728]: <info>  [1561966983.2205] device (enp2s0): state change: unavailable -> disconnected (reason 'carrier-changed') [20 30 40]
Jul  1 13:13:03 techo2-PC NetworkManager[728]: <info>  [1561966983.2225] policy: auto-activating connection 'Wired connection 1'
Jul  1 13:13:03 techo2-PC NetworkManager[728]: <info>  [1561966983.2257] device (enp2s0): Activation: starting connection 'Wired connection 1' (4245a977-20ce-3117-95fe-5be0f364b288)
Jul  1 13:13:03 techo2-PC NetworkManager[728]: <info>  [1561966983.2264] device (enp2s0): state change: disconnected -> prepare (reason 'none') [30 40 0]
Jul  1 13:13:03 techo2-PC NetworkManager[728]: <info>  [1561966983.2275] manager: NetworkManager state is now CONNECTING
Jul  1 13:13:03 techo2-PC NetworkManager[728]: <info>  [1561966983.2298] device (enp2s0): state change: prepare -> config (reason 'none') [40 50 0]
Jul  1 13:13:03 techo2-PC NetworkManager[728]: <info>  [1561966983.2326] device (enp2s0): state change: config -> ip-config (reason 'none') [50 70 0]
Jul  1 13:13:03 techo2-PC NetworkManager[728]: <info>  [1561966983.2917] device (enp2s0): state change: ip-config -> ip-check (reason 'none') [70 80 0]
Jul  1 13:13:03 techo2-PC NetworkManager[728]: <info>  [1561966983.2930] device (enp2s0): state change: ip-check -> secondaries (reason 'none') [80 90 0]
Jul  1 13:13:03 techo2-PC NetworkManager[728]: <info>  [1561966983.2933] device (enp2s0): state change: secondaries -> activated (reason 'none') [90 100 0]
Jul  1 13:13:03 techo2-PC NetworkManager[728]: <info>  [1561966983.2934] manager: NetworkManager state is now CONNECTED_LOCAL
Jul  1 13:13:03 techo2-PC NetworkManager[728]: <info>  [1561966983.3812] manager: NetworkManager state is now CONNECTED_GLOBAL
Jul  1 13:13:03 techo2-PC NetworkManager[728]: <info>  [1561966983.3813] policy: set 'Wired connection 1' (enp2s0) as default for IPv4 routing and DNS
Jul  1 13:13:03 techo2-PC NetworkManager[728]: <info>  [1561966983.3815] dns-mgr: Writing DNS information to /sbin/resolvconf
Jul  1 13:13:03 techo2-PC NetworkManager[728]: <info>  [1561966983.3994] device (enp2s0): Activation: successful, device activated.
Jul  1 15:05:47 techo2-PC NetworkManager[728]: <info>  [1561973747.6350] manager: disable requested (sleeping: no  enabled: yes)
Jul  1 15:05:47 techo2-PC NetworkManager[728]: <info>  [1561973747.6351] manager: disabling...
Jul  1 15:05:47 techo2-PC NetworkManager[728]: <info>  [1561973747.6352] manager: NetworkManager state is now ASLEEP
Jul  1 15:05:47 techo2-PC NetworkManager[728]: <info>  [1561973747.6354] audit: op="networking-control" arg="off" pid=1888 uid=1000 result="success"
Jul  1 15:05:47 techo2-PC NetworkManager[728]: <info>  [1561973747.6355] device (enp2s0): state change: activated -> deactivating (reason 'sleeping') [100 110 37]
Jul  1 15:05:47 techo2-PC NetworkManager[728]: <info>  [1561973747.7363] device (enp2s0): state change: deactivating -> disconnected (reason 'sleeping') [110 30 37]
Jul  1 15:05:47 techo2-PC NetworkManager[728]: <info>  [1561973747.7373] dns-mgr: Writing DNS information to /sbin/resolvconf
Jul  1 15:05:47 techo2-PC NetworkManager[728]: <info>  [1561973747.8574] device (enp2s0): state change: disconnected -> unmanaged (reason 'sleeping') [30 10 37]
Jul  1 15:05:47 techo2-PC NetworkManager[728]: <info>  [1561973747.8863] device (enp2s0): link disconnected
Jul  1 15:05:51 techo2-PC NetworkManager[728]: <info>  [1561973751.5878] manager: enable requested (sleeping: no  enabled: no)
Jul  1 15:05:51 techo2-PC NetworkManager[728]: <info>  [1561973751.5878] manager: re-enabling...
Jul  1 15:05:51 techo2-PC NetworkManager[728]: <info>  [1561973751.5878] device (enp2s0): state change: unmanaged -> unavailable (reason 'managed') [10 20 2]
Jul  1 15:05:51 techo2-PC kernel: [19463.457065] IPv6: ADDRCONF(NETDEV_UP): enp2s0: link is not ready
Jul  1 15:05:51 techo2-PC NetworkManager[728]: <info>  [1561973751.6542] manager: NetworkManager state is now DISCONNECTED
Jul  1 15:05:51 techo2-PC NetworkManager[728]: <info>  [1561973751.6544] audit: op="networking-control" arg="on" pid=1888 uid=1000 result="success"
Jul  1 15:05:51 techo2-PC kernel: [19463.521413] r8169 0000:02:00.0 enp2s0: link down
Jul  1 15:05:51 techo2-PC kernel: [19463.521471] r8169 0000:02:00.0 enp2s0: link down
Jul  1 15:05:51 techo2-PC kernel: [19463.521663] IPv6: ADDRCONF(NETDEV_UP): enp2s0: link is not ready
Jul  1 15:05:54 techo2-PC NetworkManager[728]: <info>  [1561973754.2727] device (enp2s0): link connected
Jul  1 15:05:54 techo2-PC kernel: [19466.140921] r8169 0000:02:00.0 enp2s0: link up
Jul  1 15:05:54 techo2-PC kernel: [19466.140933] IPv6: ADDRCONF(NETDEV_CHANGE): enp2s0: link becomes ready
Jul  1 15:05:54 techo2-PC NetworkManager[728]: <info>  [1561973754.2741] device (enp2s0): state change: unavailable -> disconnected (reason 'carrier-changed') [20 30 40]
Jul  1 15:05:54 techo2-PC NetworkManager[728]: <info>  [1561973754.2764] policy: auto-activating connection 'Wired connection 1'
Jul  1 15:05:54 techo2-PC NetworkManager[728]: <info>  [1561973754.2777] device (enp2s0): Activation: starting connection 'Wired connection 1' (4245a977-20ce-3117-95fe-5be0f364b288)
Jul  1 15:05:54 techo2-PC NetworkManager[728]: <info>  [1561973754.2779] device (enp2s0): state change: disconnected -> prepare (reason 'none') [30 40 0]
Jul  1 15:05:54 techo2-PC NetworkManager[728]: <info>  [1561973754.2781] manager: NetworkManager state is now CONNECTING
Jul  1 15:05:54 techo2-PC NetworkManager[728]: <info>  [1561973754.2786] device (enp2s0): state change: prepare -> config (reason 'none') [40 50 0]
Jul  1 15:05:54 techo2-PC NetworkManager[728]: <info>  [1561973754.2797] device (enp2s0): state change: config -> ip-config (reason 'none') [50 70 0]
Jul  1 15:05:54 techo2-PC NetworkManager[728]: <info>  [1561973754.3340] device (enp2s0): state change: ip-config -> ip-check (reason 'none') [70 80 0]
Jul  1 15:05:54 techo2-PC NetworkManager[728]: <info>  [1561973754.3353] device (enp2s0): state change: ip-check -> secondaries (reason 'none') [80 90 0]
Jul  1 15:05:54 techo2-PC NetworkManager[728]: <info>  [1561973754.3356] device (enp2s0): state change: secondaries -> activated (reason 'none') [90 100 0]
Jul  1 15:05:54 techo2-PC NetworkManager[728]: <info>  [1561973754.3357] manager: NetworkManager state is now CONNECTED_LOCAL
Jul  1 15:05:54 techo2-PC NetworkManager[728]: <info>  [1561973754.4794] manager: NetworkManager state is now CONNECTED_GLOBAL
Jul  1 15:05:54 techo2-PC NetworkManager[728]: <info>  [1561973754.4796] policy: set 'Wired connection 1' (enp2s0) as default for IPv4 routing and DNS
Jul  1 15:05:54 techo2-PC NetworkManager[728]: <info>  [1561973754.4797] dns-mgr: Writing DNS information to /sbin/resolvconf
Jul  1 15:05:54 techo2-PC NetworkManager[728]: <info>  [1561973754.4874] device (enp2s0): Activation: successful, device activated.
Jul  1 15:16:15 techo2-PC kernel: [20087.553138] kauditd_printk_skb: 13 callbacks suppressed
Jul  1 15:16:15 techo2-PC kernel: [20087.553140] audit: type=1400 audit(1561974375.684:25): apparmor="STATUS" operation="profile_load" profile="unconfined" name="/usr/sbin/mysqld" pid=26510 comm="apparmor_parser"
Jul  1 15:16:17 techo2-PC kernel: [20088.859113] audit: type=1400 audit(1561974376.990:26): apparmor="DENIED" operation="open" profile="/usr/sbin/mysqld" name="/proc/26586/status" pid=26586 comm="mysqld" requested_mask="r" denied_mask="r" fsuid=122 ouid=122
Jul  1 15:16:17 techo2-PC kernel: [20088.859134] audit: type=1400 audit(1561974376.990:27): apparmor="DENIED" operation="open" profile="/usr/sbin/mysqld" name="/sys/devices/system/node/" pid=26586 comm="mysqld" requested_mask="r" denied_mask="r" fsuid=122 ouid=0
Jul  1 15:16:17 techo2-PC kernel: [20088.859197] audit: type=1400 audit(1561974376.990:28): apparmor="DENIED" operation="open" profile="/usr/sbin/mysqld" name="/proc/26586/status" pid=26586 comm="mysqld" requested_mask="r" denied_mask="r" fsuid=122 ouid=122
Jul  1 15:16:27 techo2-PC kernel: [20099.056634] usb 2-6: USB disconnect, device number 2
Jul  1 15:16:33 techo2-PC kernel: [20105.619100] FAT-fs (sdb1): unable to read boot sector to mark fs as dirty
Jul  2 09:46:54 techo2-PC kernel: [    0.000000] random: get_random_bytes called from start_kernel+0x42/0x50d with crng_init=0
Jul  2 09:46:54 techo2-PC kernel: [    0.000000] Linux version 4.13.0-36-generic (buildd@lgw01-amd64-033) (gcc version 5.4.0 20160609 (Ubuntu 5.4.0-6ubuntu1~16.04.9)) #40~16.04.1-Ubuntu SMP Fri Feb 16 23:25:58 UTC 2018 (Ubuntu 4.13.0-36.40~16.04.1-generic 4.13.13)
Jul  2 09:46:54 techo2-PC kernel: [    0.000000] Command line: BOOT_IMAGE=/boot/vmlinuz-4.13.0-36-generic root=UUID=ab578ffd-e2b0-430e-9611-beb09c4f3df2 ro quiet splash vt.handoff=7
Jul  2 09:46:54 techo2-PC kernel: [    0.000000] KERNEL supported cpus:
Jul  2 09:46:54 techo2-PC kernel: [    0.000000]   Intel GenuineIntel
Jul  2 09:46:54 techo2-PC kernel: [    0.000000]   AMD AuthenticAMD
Jul  2 09:46:54 techo2-PC kernel: [    0.000000]   Centaur CentaurHauls
Jul  2 09:46:54 techo2-PC kernel: [    0.000000] x86/fpu: Supporting XSAVE feature 0x001: 'x87 floating point registers'
Jul  2 09:46:54 techo2-PC kernel: [    0.000000] x86/fpu: Supporting XSAVE feature 0x002: 'SSE registers'
Jul  2 09:46:54 techo2-PC kernel: [    0.000000] x86/fpu: Enabled xstate features 0x3, context size is 576 bytes, using 'standard' format.
Jul  2 09:46:54 techo2-PC kernel: [    0.000000] e820: BIOS-provided physical RAM map:
Jul  2 09:46:54 techo2-PC kernel: [    0.000000] BIOS-e820: [mem 0x0000000000000000-0x000000000009fbff] usable
Jul  2 09:46:54 techo2-PC kernel: [    0.000000] BIOS-e820: [mem 0x000000000009fc00-0x000000000009ffff] reserved
Jul  2 09:46:54 techo2-PC kernel: [    0.000000] BIOS-e820: [mem 0x00000000000e0000-0x00000000000fffff] reserved
Jul  2 09:46:54 techo2-PC kernel: [    0.000000] BIOS-e820: [mem 0x0000000000100000-0x00000000b7d8ffff] usable
Jul  2 09:46:54 techo2-PC kernel: [    0.000000] BIOS-e820: [mem 0x00000000b7d90000-0x00000000b7d9dfff] ACPI data
Jul  2 09:46:54 techo2-PC kernel: [    0.000000] BIOS-e820: [mem 0x00000000b7d9e000-0x00000000b7ddffff] ACPI NVS
Jul  2 09:46:54 techo2-PC kernel: [    0.000000] BIOS-e820: [mem 0x00000000b7de0000-0x00000000bfffffff] reserved
Jul  2 09:46:54 techo2-PC kernel: [    0.000000] BIOS-e820: [mem 0x00000000fee00000-0x00000000fee00fff] reserved
Jul  2 09:46:54 techo2-PC kernel: [    0.000000] BIOS-e820: [mem 0x00000000ffb00000-0x00000000ffffffff] reserved
Jul  2 09:46:54 techo2-PC kernel: [    0.000000] BIOS-e820: [mem 0x0000000100000000-0x000000013fffffff] usable
Jul  2 09:46:54 techo2-PC kernel: [    0.000000] NX (Execute Disable) protection: active
Jul  2 09:46:54 techo2-PC kernel: [    0.000000] random: fast init done
Jul  2 09:46:54 techo2-PC kernel: [    0.000000] SMBIOS 2.6 present.
Jul  2 09:46:54 techo2-PC kernel: [    0.000000] DMI: Hewlett-Packard HP Pro 3090 MT/0B58h, BIOS V1.01 01/27/2010
Jul  2 09:46:54 techo2-PC kernel: [    0.000000] tsc: Fast TSC calibration using PIT
Jul  2 09:46:54 techo2-PC kernel: [    0.000000] e820: update [mem 0x00000000-0x00000fff] usable ==> reserved
Jul  2 09:46:54 techo2-PC kernel: [    0.000000] e820: remove [mem 0x000a0000-0x000fffff] usable
Jul  2 09:46:54 techo2-PC kernel: [    0.000000] e820: last_pfn = 0x140000 max_arch_pfn = 0x400000000
Jul  2 09:46:54 techo2-PC kernel: [    0.000000] MTRR default type: uncachable
Jul  2 09:46:54 techo2-PC kernel: [    0.000000] MTRR fixed ranges enabled:
Jul  2 09:46:54 techo2-PC kernel: [    0.000000]   00000-9FFFF write-back
Jul  2 09:46:54 techo2-PC kernel: [    0.000000]   A0000-BFFFF uncachable
Jul  2 09:46:54 techo2-PC kernel: [    0.000000]   C0000-CFFFF write-protect
Jul  2 09:46:54 techo2-PC kernel: [    0.000000]   D0000-DFFFF uncachable
Jul  2 09:46:54 techo2-PC kernel: [    0.000000]   E0000-EFFFF write-through
Jul  2 09:46:54 techo2-PC kernel: [    0.000000]   F0000-FFFFF write-protect
Jul  2 09:46:54 techo2-PC kernel: [    0.000000] MTRR variable ranges enabled:
Jul  2 09:46:54 techo2-PC kernel: [    0.000000]   0 base 000000000 mask F00000000 write-back
Jul  2 09:46:54 techo2-PC kernel: [    0.000000]   1 base 100000000 mask FC0000000 write-back
Jul  2 09:46:54 techo2-PC kernel: [    0.000000]   2 base 0C0000000 mask FC0000000 uncachable
Jul  2 09:46:54 techo2-PC kernel: [    0.000000]   3 base 0B7E00000 mask FFFE00000 uncachable
Jul  2 09:46:54 techo2-PC kernel: [    0.000000]   4 base 0B8000000 mask FF8000000 uncachable
Jul  2 09:46:54 techo2-PC kernel: [    0.000000]   5 disabled
Jul  2 09:46:54 techo2-PC kernel: [    0.000000]   6 disabled
Jul  2 09:46:54 techo2-PC kernel: [    0.000000]   7 disabled
Jul  2 09:46:54 techo2-PC kernel: [    0.000000] x86/PAT: Configuration [0-7]: WB  WC  UC- UC  WB  WC  UC- WT  
Jul  2 09:46:54 techo2-PC kernel: [    0.000000] total RAM covered: 3966M
Jul  2 09:46:54 techo2-PC kernel: [    0.000000] Found optimal setting for mtrr clean up
Jul  2 09:46:54 techo2-PC kernel: [    0.000000]  gran_size: 64K 	chunk_size: 256M 	num_reg: 5  	lose cover RAM: 0G
Jul  2 09:46:54 techo2-PC kernel: [    0.000000] e820: update [mem 0xb7e00000-0xffffffff] usable ==> reserved
Jul  2 09:46:54 techo2-PC kernel: [    0.000000] e820: last_pfn = 0xb7d90 max_arch_pfn = 0x400000000
Jul  2 09:46:54 techo2-PC kernel: [    0.000000] found SMP MP-table at [mem 0x000ff780-0x000ff78f] mapped at [ffff99ed000ff780]
Jul  2 09:46:54 techo2-PC kernel: [    0.000000] Scanning 1 areas for low memory corruption
Jul  2 09:46:54 techo2-PC kernel: [    0.000000] Base memory trampoline at [ffff99ed00099000] 99000 size 24576
Jul  2 09:46:54 techo2-PC kernel: [    0.000000] BRK [0x3a72a000, 0x3a72afff] PGTABLE
Jul  2 09:46:54 techo2-PC kernel: [    0.000000] BRK [0x3a72b000, 0x3a72bfff] PGTABLE
Jul  2 09:46:54 techo2-PC kernel: [    0.000000] BRK [0x3a72c000, 0x3a72cfff] PGTABLE
Jul  2 09:46:54 techo2-PC kernel: [    0.000000] BRK [0x3a72d000, 0x3a72dfff] PGTABLE
Jul  2 09:46:54 techo2-PC kernel: [    0.000000] BRK [0x3a72e000, 0x3a72efff] PGTABLE
Jul  2 09:46:54 techo2-PC kernel: [    0.000000] RAMDISK: [mem 0x321d0000-0x350dffff]
Jul  2 09:46:54 techo2-PC kernel: [    0.000000] ACPI: Early table checksum verification disabled
Jul  2 09:46:54 techo2-PC kernel: [    0.000000] ACPI: RSDP 0x00000000000F9BF0 000014 (v00 HPQOEM)
Jul  2 09:46:54 techo2-PC kernel: [    0.000000] ACPI: RSDT 0x00000000B7D90000 000044 (v01 012710 RSDT1647 20100127 MSFT 00000097)
Jul  2 09:46:54 techo2-PC kernel: [    0.000000] ACPI: FACP 0x00000000B7D90200 000084 (v01 012710 FACP1647 20100127 MSFT 00000097)
Jul  2 09:46:54 techo2-PC kernel: [    0.000000] ACPI: DSDT 0x00000000B7D905C0 005B04 (v01 A7647  A7647010 00000010 INTL 20051117)
Jul  2 09:46:54 techo2-PC kernel: [    0.000000] ACPI: FACS 0x00000000B7D9E000 000040
Jul  2 09:46:54 techo2-PC kernel: [    0.000000] ACPI: APIC 0x00000000B7D90390 00006C (v01 012710 APIC1647 20100127 MSFT 00000097)
Jul  2 09:46:54 techo2-PC kernel: [    0.000000] ACPI: MCFG 0x00000000B7D90400 00003C (v01 012710 SLIC-BPC 20100127 MSFT 00000097)
Jul  2 09:46:54 techo2-PC kernel: [    0.000000] ACPI: SLIC 0x00000000B7D90440 000176 (v01 012710 SLIC1647 20100127 MSFT 00000097)
Jul  2 09:46:54 techo2-PC kernel: [    0.000000] ACPI: OEMB 0x00000000B7D9E040 000072 (v01 012710 OEMB1647 20100127 MSFT 00000097)
Jul  2 09:46:54 techo2-PC kernel: [    0.000000] ACPI: HPET 0x00000000B7D9A5C0 000038 (v01 012710 OEMHPET  20100127 MSFT 00000097)
Jul  2 09:46:54 techo2-PC kernel: [    0.000000] ACPI: GSCI 0x00000000B7D9E0C0 002024 (v01 012710 GMCHSCI  20100127 MSFT 00000097)
Jul  2 09:46:54 techo2-PC kernel: [    0.000000] ACPI: SSDT 0x00000000B7DA0B20 000363 (v01 DpgPmm CpuPm    00000012 INTL 20051117)
Jul  2 09:46:54 techo2-PC kernel: [    0.000000] ACPI: Local APIC address 0xfee00000
Jul  2 09:46:54 techo2-PC kernel: [    0.000000] No NUMA configuration found
Jul  2 09:46:54 techo2-PC kernel: [    0.000000] Faking a node at [mem 0x0000000000000000-0x000000013fffffff]
Jul  2 09:46:54 techo2-PC kernel: [    0.000000] NODE_DATA(0) allocated [mem 0x13ffd2000-0x13fffcfff]
Jul  2 09:46:54 techo2-PC kernel: [    0.000000] Zone ranges:
Jul  2 09:46:54 techo2-PC kernel: [    0.000000]   DMA      [mem 0x0000000000001000-0x0000000000ffffff]
Jul  2 09:46:54 techo2-PC kernel: [    0.000000]   DMA32    [mem 0x0000000001000000-0x00000000ffffffff]
Jul  2 09:46:54 techo2-PC kernel: [    0.000000]   Normal   [mem 0x0000000100000000-0x000000013fffffff]
Jul  2 09:46:54 techo2-PC kernel: [    0.000000]   Device   empty
Jul  2 09:46:54 techo2-PC kernel: [    0.000000] Movable zone start for each node
Jul  2 09:46:54 techo2-PC kernel: [    0.000000] Early memory node ranges
Jul  2 09:46:54 techo2-PC kernel: [    0.000000]   node   0: [mem 0x0000000000001000-0x000000000009efff]
Jul  2 09:46:54 techo2-PC kernel: [    0.000000]   node   0: [mem 0x0000000000100000-0x00000000b7d8ffff]
Jul  2 09:46:54 techo2-PC kernel: [    0.000000]   node   0: [mem 0x0000000100000000-0x000000013fffffff]
Jul  2 09:46:54 techo2-PC kernel: [    0.000000] Initmem setup node 0 [mem 0x0000000000001000-0x000000013fffffff]
Jul  2 09:46:54 techo2-PC kernel: [    0.000000] On node 0 totalpages: 1015086
Jul  2 09:46:54 techo2-PC kernel: [    0.000000]   DMA zone: 64 pages used for memmap
Jul  2 09:46:54 techo2-PC kernel: [    0.000000]   DMA zone: 21 pages reserved
Jul  2 09:46:54 techo2-PC kernel: [    0.000000]   DMA zone: 3998 pages, LIFO batch:0
Jul  2 09:46:54 techo2-PC kernel: [    0.000000]   DMA32 zone: 11703 pages used for memmap
Jul  2 09:46:54 techo2-PC kernel: [    0.000000]   DMA32 zone: 748944 pages, LIFO batch:31
Jul  2 09:46:54 techo2-PC kernel: [    0.000000]   Normal zone: 4096 pages used for memmap
Jul  2 09:46:54 techo2-PC kernel: [    0.000000]   Normal zone: 262144 pages, LIFO batch:31
Jul  2 09:46:54 techo2-PC kernel: [    0.000000] Reserving Intel graphics memory at 0x00000000b8000000-0x00000000bfffffff
Jul  2 09:46:54 techo2-PC kernel: [    0.000000] ACPI: PM-Timer IO Port: 0x808
Jul  2 09:46:54 techo2-PC kernel: [    0.000000] ACPI: Local APIC address 0xfee00000
Jul  2 09:46:54 techo2-PC kernel: [    0.000000] IOAPIC[0]: apic_id 2, version 32, address 0xfec00000, GSI 0-23
Jul  2 09:46:54 techo2-PC kernel: [    0.000000] ACPI: INT_SRC_OVR (bus 0 bus_irq 0 global_irq 2 dfl dfl)
Jul  2 09:46:54 techo2-PC kernel: [    0.000000] ACPI: INT_SRC_OVR (bus 0 bus_irq 9 global_irq 9 high level)
Jul  2 09:46:54 techo2-PC kernel: [    0.000000] ACPI: IRQ0 used by override.
Jul  2 09:46:54 techo2-PC kernel: [    0.000000] ACPI: IRQ9 used by override.
Jul  2 09:46:54 techo2-PC kernel: [    0.000000] Using ACPI (MADT) for SMP configuration information
Jul  2 09:46:54 techo2-PC kernel: [    0.000000] ACPI: HPET id: 0xffffffff base: 0xfed00000
Jul  2 09:46:54 techo2-PC kernel: [    0.000000] smpboot: Allowing 4 CPUs, 2 hotplug CPUs
Jul  2 09:46:54 techo2-PC kernel: [    0.000000] PM: Registered nosave memory: [mem 0x00000000-0x00000fff]
Jul  2 09:46:54 techo2-PC kernel: [    0.000000] PM: Registered nosave memory: [mem 0x0009f000-0x0009ffff]
Jul  2 09:46:54 techo2-PC kernel: [    0.000000] PM: Registered nosave memory: [mem 0x000a0000-0x000dffff]
Jul  2 09:46:54 techo2-PC kernel: [    0.000000] PM: Registered nosave memory: [mem 0x000e0000-0x000fffff]
Jul  2 09:46:54 techo2-PC kernel: [    0.000000] PM: Registered nosave memory: [mem 0xb7d90000-0xb7d9dfff]
Jul  2 09:46:54 techo2-PC kernel: [    0.000000] PM: Registered nosave memory: [mem 0xb7d9e000-0xb7ddffff]
Jul  2 09:46:54 techo2-PC kernel: [    0.000000] PM: Registered nosave memory: [mem 0xb7de0000-0xbfffffff]
Jul  2 09:46:54 techo2-PC kernel: [    0.000000] PM: Registered nosave memory: [mem 0xc0000000-0xfedfffff]
Jul  2 09:46:54 techo2-PC kernel: [    0.000000] PM: Registered nosave memory: [mem 0xfee00000-0xfee00fff]
Jul  2 09:46:54 techo2-PC kernel: [    0.000000] PM: Registered nosave memory: [mem 0xfee01000-0xffafffff]
Jul  2 09:46:54 techo2-PC kernel: [    0.000000] PM: Registered nosave memory: [mem 0xffb00000-0xffffffff]
Jul  2 09:46:54 techo2-PC kernel: [    0.000000] e820: [mem 0xc0000000-0xfedfffff] available for PCI devices
Jul  2 09:46:54 techo2-PC kernel: [    0.000000] Booting paravirtualized kernel on bare hardware
Jul  2 09:46:54 techo2-PC kernel: [    0.000000] clocksource: refined-jiffies: mask: 0xffffffff max_cycles: 0xffffffff, max_idle_ns: 7645519600211568 ns
Jul  2 09:46:54 techo2-PC kernel: [    0.000000] setup_percpu: NR_CPUS:8192 nr_cpumask_bits:4 nr_cpu_ids:4 nr_node_ids:1
Jul  2 09:46:54 techo2-PC kernel: [    0.000000] percpu: Embedded 45 pages/cpu @ffff99ee3fc00000 s146520 r8192 d29608 u524288
Jul  2 09:46:54 techo2-PC kernel: [    0.000000] pcpu-alloc: s146520 r8192 d29608 u524288 alloc=1*2097152
Jul  2 09:46:54 techo2-PC kernel: [    0.000000] pcpu-alloc: [0] 0 1 2 3 
Jul  2 09:46:54 techo2-PC kernel: [    0.000000] Built 1 zonelists in Node order, mobility grouping on.  Total pages: 999202
Jul  2 09:46:54 techo2-PC kernel: [    0.000000] Policy zone: Normal
Jul  2 09:46:54 techo2-PC kernel: [    0.000000] Kernel command line: BOOT_IMAGE=/boot/vmlinuz-4.13.0-36-generic root=UUID=ab578ffd-e2b0-430e-9611-beb09c4f3df2 ro quiet splash vt.handoff=7
Jul  2 09:46:54 techo2-PC kernel: [    0.000000] PID hash table entries: 4096 (order: 3, 32768 bytes)
Jul  2 09:46:54 techo2-PC kernel: [    0.000000] Calgary: detecting Calgary via BIOS EBDA area
Jul  2 09:46:54 techo2-PC kernel: [    0.000000] Calgary: Unable to locate Rio Grande table in EBDA - bailing!
Jul  2 09:46:54 techo2-PC kernel: [    0.000000] Memory: 3855804K/4060344K available (12300K kernel code, 2481K rwdata, 4008K rodata, 2364K init, 2368K bss, 204540K reserved, 0K cma-reserved)
Jul  2 09:46:54 techo2-PC kernel: [    0.000000] SLUB: HWalign=64, Order=0-3, MinObjects=0, CPUs=4, Nodes=1
Jul  2 09:46:54 techo2-PC kernel: [    0.000000] Kernel/User page tables isolation: enabled
Jul  2 09:46:54 techo2-PC kernel: [    0.000000] ftrace: allocating 37831 entries in 148 pages
Jul  2 09:46:54 techo2-PC kernel: [    0.000000] Hierarchical RCU implementation.
Jul  2 09:46:54 techo2-PC kernel: [    0.000000] 	RCU restricting CPUs from NR_CPUS=8192 to nr_cpu_ids=4.
Jul  2 09:46:54 techo2-PC kernel: [    0.000000] 	Tasks RCU enabled.
Jul  2 09:46:54 techo2-PC kernel: [    0.000000] RCU: Adjusting geometry for rcu_fanout_leaf=16, nr_cpu_ids=4
Jul  2 09:46:54 techo2-PC kernel: [    0.000000] NR_IRQS: 524544, nr_irqs: 456, preallocated irqs: 16
Jul  2 09:46:54 techo2-PC kernel: [    0.000000] vt handoff: transparent VT on vt#7
Jul  2 09:46:54 techo2-PC kernel: [    0.000000] Console: colour dummy device 80x25
Jul  2 09:46:54 techo2-PC kernel: [    0.000000] console [tty0] enabled
Jul  2 09:46:54 techo2-PC kernel: [    0.000000] clocksource: hpet: mask: 0xffffffff max_cycles: 0xffffffff, max_idle_ns: 133484882848 ns
Jul  2 09:46:54 techo2-PC kernel: [    0.000000] hpet clockevent registered
Jul  2 09:46:54 techo2-PC kernel: [    0.000000] tsc: Fast TSC calibration using PIT
Jul  2 09:46:54 techo2-PC kernel: [    0.004000] tsc: Detected 2925.910 MHz processor
Jul  2 09:46:54 techo2-PC kernel: [    0.004000] Calibrating delay loop (skipped), value calculated using timer frequency.. 5851.82 BogoMIPS (lpj=11703640)
Jul  2 09:46:54 techo2-PC kernel: [    0.004000] pid_max: default: 32768 minimum: 301
Jul  2 09:46:54 techo2-PC kernel: [    0.004000] ACPI: Core revision 20170531
Jul  2 09:46:54 techo2-PC kernel: [    0.009866] ACPI: 2 ACPI AML tables successfully acquired and loaded
Jul  2 09:46:54 techo2-PC kernel: [    0.009890] Security Framework initialized
Jul  2 09:46:54 techo2-PC kernel: [    0.009891] Yama: becoming mindful.
Jul  2 09:46:54 techo2-PC kernel: [    0.009910] AppArmor: AppArmor initialized
Jul  2 09:46:54 techo2-PC kernel: [    0.011316] Dentry cache hash table entries: 524288 (order: 10, 4194304 bytes)
Jul  2 09:46:54 techo2-PC kernel: [    0.012227] Inode-cache hash table entries: 262144 (order: 9, 2097152 bytes)
Jul  2 09:46:54 techo2-PC kernel: [    0.012273] Mount-cache hash table entries: 8192 (order: 4, 65536 bytes)
Jul  2 09:46:54 techo2-PC kernel: [    0.012301] Mountpoint-cache hash table entries: 8192 (order: 4, 65536 bytes)
Jul  2 09:46:54 techo2-PC kernel: [    0.012552] FEATURE SPEC_CTRL Not Present
Jul  2 09:46:54 techo2-PC kernel: [    0.012553] CPU: Physical Processor ID: 0
Jul  2 09:46:54 techo2-PC kernel: [    0.012554] CPU: Processor Core ID: 0
Jul  2 09:46:54 techo2-PC kernel: [    0.012555] mce: CPU supports 6 MCE banks
Jul  2 09:46:54 techo2-PC kernel: [    0.012562] CPU0: Thermal monitoring enabled (TM2)
Jul  2 09:46:54 techo2-PC kernel: [    0.012564] process: using mwait in idle threads
Jul  2 09:46:54 techo2-PC kernel: [    0.012568] Last level iTLB entries: 4KB 128, 2MB 4, 4MB 4
Jul  2 09:46:54 techo2-PC kernel: [    0.012569] Last level dTLB entries: 4KB 256, 2MB 0, 4MB 32, 1GB 0
Jul  2 09:46:54 techo2-PC kernel: [    0.012571] Spectre V2 mitigation: Mitigation: Full generic retpoline
Jul  2 09:46:54 techo2-PC kernel: [    0.012572] Spectre V2 mitigation: Speculation control IBPB not-supported IBRS not-supported
Jul  2 09:46:54 techo2-PC kernel: [    0.012699] Freeing SMP alternatives memory: 36K
Jul  2 09:46:54 techo2-PC kernel: [    0.016105] smpboot: Max logical packages: 2
Jul  2 09:46:54 techo2-PC kernel: [    0.016483] ..TIMER: vector=0x30 apic1=0 pin1=2 apic2=-1 pin2=-1
Jul  2 09:46:54 techo2-PC kernel: [    0.060000] smpboot: CPU0: Intel(R) Core(TM)2 Duo CPU     E7500  @ 2.93GHz (family: 0x6, model: 0x17, stepping: 0xa)
Jul  2 09:46:54 techo2-PC kernel: [    0.060000] Performance Events: PEBS fmt0+, Core2 events, Intel PMU driver.
Jul  2 09:46:54 techo2-PC kernel: [    0.060000] ... version:                2
Jul  2 09:46:54 techo2-PC kernel: [    0.060000] ... bit width:              40
Jul  2 09:46:54 techo2-PC kernel: [    0.060000] ... generic registers:      2
Jul  2 09:46:54 techo2-PC kernel: [    0.060000] ... value mask:             000000ffffffffff
Jul  2 09:46:54 techo2-PC kernel: [    0.060000] ... max period:             000000007fffffff
Jul  2 09:46:54 techo2-PC kernel: [    0.060000] ... fixed-purpose events:   3
Jul  2 09:46:54 techo2-PC kernel: [    0.060000] ... event mask:             0000000700000003
Jul  2 09:46:54 techo2-PC kernel: [    0.060000] Hierarchical SRCU implementation.
Jul  2 09:46:54 techo2-PC kernel: [    0.060000] smp: Bringing up secondary CPUs ...
Jul  2 09:46:54 techo2-PC kernel: [    0.060000] x86: Booting SMP configuration:
Jul  2 09:46:54 techo2-PC kernel: [    0.060000] .... node  #0, CPUs:      #1
Jul  2 09:46:54 techo2-PC kernel: [    0.060000] smp: Brought up 1 node, 2 CPUs
Jul  2 09:46:54 techo2-PC kernel: [    0.060000] smpboot: Total of 2 processors activated (11703.64 BogoMIPS)
Jul  2 09:46:54 techo2-PC kernel: [    0.060354] NMI watchdog: enabled on all CPUs, permanently consumes one hw-PMU counter.
Jul  2 09:46:54 techo2-PC kernel: [    0.060368] devtmpfs: initialized
Jul  2 09:46:54 techo2-PC kernel: [    0.060368] x86/mm: Memory block size: 128MB
Jul  2 09:46:54 techo2-PC kernel: [    0.060522] evm: security.selinux
Jul  2 09:46:54 techo2-PC kernel: [    0.060523] evm: security.SMACK64
Jul  2 09:46:54 techo2-PC kernel: [    0.060523] evm: security.SMACK64EXEC
Jul  2 09:46:54 techo2-PC kernel: [    0.060524] evm: security.SMACK64TRANSMUTE
Jul  2 09:46:54 techo2-PC kernel: [    0.060525] evm: security.SMACK64MMAP
Jul  2 09:46:54 techo2-PC kernel: [    0.060525] evm: security.ima
Jul  2 09:46:54 techo2-PC kernel: [    0.060526] evm: security.capability
Jul  2 09:46:54 techo2-PC kernel: [    0.060551] PM: Registering ACPI NVS region [mem 0xb7d9e000-0xb7ddffff] (270336 bytes)
Jul  2 09:46:54 techo2-PC kernel: [    0.060551] clocksource: jiffies: mask: 0xffffffff max_cycles: 0xffffffff, max_idle_ns: 7645041785100000 ns
Jul  2 09:46:54 techo2-PC kernel: [    0.060551] futex hash table entries: 1024 (order: 4, 65536 bytes)
Jul  2 09:46:54 techo2-PC kernel: [    0.060551] pinctrl core: initialized pinctrl subsystem
Jul  2 09:46:54 techo2-PC kernel: [    0.060551] RTC time:  4:16:34, date: 07/02/19
Jul  2 09:46:54 techo2-PC kernel: [    0.060551] NET: Registered protocol family 16
Jul  2 09:46:54 techo2-PC kernel: [    0.060551] cpuidle: using governor ladder
Jul  2 09:46:54 techo2-PC kernel: [    0.060551] cpuidle: using governor menu
Jul  2 09:46:54 techo2-PC kernel: [    0.060551] PCCT header not found.
Jul  2 09:46:54 techo2-PC kernel: [    0.060551] ACPI: bus type PCI registered
Jul  2 09:46:54 techo2-PC kernel: [    0.060551] acpiphp: ACPI Hot Plug PCI Controller Driver version: 0.5
Jul  2 09:46:54 techo2-PC kernel: [    0.060551] PCI: MMCONFIG for domain 0000 [bus 00-ff] at [mem 0xe0000000-0xefffffff] (base 0xe0000000)
Jul  2 09:46:54 techo2-PC kernel: [    0.060551] PCI: not using MMCONFIG
Jul  2 09:46:54 techo2-PC kernel: [    0.060551] PCI: Using configuration type 1 for base access
Jul  2 09:46:54 techo2-PC kernel: [    0.064009] HugeTLB registered 2.00 MiB page size, pre-allocated 0 pages
Jul  2 09:46:54 techo2-PC kernel: [    0.064093] ACPI: Added _OSI(Module Device)
Jul  2 09:46:54 techo2-PC kernel: [    0.064094] ACPI: Added _OSI(Processor Device)
Jul  2 09:46:54 techo2-PC kernel: [    0.064095] ACPI: Added _OSI(3.0 _SCP Extensions)
Jul  2 09:46:54 techo2-PC kernel: [    0.064096] ACPI: Added _OSI(Processor Aggregator Device)
Jul  2 09:46:54 techo2-PC kernel: [    0.064287] ACPI: Executed 1 blocks of module-level executable AML code
Jul  2 09:46:54 techo2-PC kernel: [    0.066517] ACPI: Dynamic OEM Table Load:
Jul  2 09:46:54 techo2-PC kernel: [    0.066522] ACPI: SSDT 0xFFFF99EE3A9E8800 00050E (v01 DpgPmm P001Ist  00000011 INTL 20051117)
Jul  2 09:46:54 techo2-PC kernel: [    0.066700] ACPI: Dynamic OEM Table Load:
Jul  2 09:46:54 techo2-PC kernel: [    0.066705] ACPI: SSDT 0xFFFF99EE3A9EF000 000513 (v01 PmRef  P001Cst  00003001 INTL 20051117)
Jul  2 09:46:54 techo2-PC kernel: [    0.067190] ACPI: Interpreter enabled
Jul  2 09:46:54 techo2-PC kernel: [    0.067206] ACPI: (supports S0 S3 S4 S5)
Jul  2 09:46:54 techo2-PC kernel: [    0.067207] ACPI: Using IOAPIC for interrupt routing
Jul  2 09:46:54 techo2-PC kernel: [    0.067231] PCI: MMCONFIG for domain 0000 [bus 00-ff] at [mem 0xe0000000-0xefffffff] (base 0xe0000000)
Jul  2 09:46:54 techo2-PC kernel: [    0.068311] PCI: MMCONFIG at [mem 0xe0000000-0xefffffff] reserved in ACPI motherboard resources
Jul  2 09:46:54 techo2-PC kernel: [    0.068323] PCI: Using host bridge windows from ACPI; if necessary, use "pci=nocrs" and report a bug
Jul  2 09:46:54 techo2-PC kernel: [    0.068552] ACPI: GPE 0x1B active on init
Jul  2 09:46:54 techo2-PC kernel: [    0.068562] ACPI: Enabled 13 GPEs in block 00 to 3F
Jul  2 09:46:54 techo2-PC kernel: [    0.074375] ACPI: PCI Root Bridge [PCI0] (domain 0000 [bus 00-ff])
Jul  2 09:46:54 techo2-PC kernel: [    0.074379] acpi PNP0A08:00: _OSC: OS supports [ExtendedConfig ASPM ClockPM Segments MSI]
Jul  2 09:46:54 techo2-PC kernel: [    0.074383] acpi PNP0A08:00: _OSC failed (AE_NOT_FOUND); disabling ASPM
Jul  2 09:46:54 techo2-PC kernel: [    0.074600] PCI host bridge to bus 0000:00
Jul  2 09:46:54 techo2-PC kernel: [    0.074602] pci_bus 0000:00: root bus resource [io  0x0000-0x0cf7 window]
Jul  2 09:46:54 techo2-PC kernel: [    0.074603] pci_bus 0000:00: root bus resource [io  0x0d00-0xffff window]
Jul  2 09:46:54 techo2-PC kernel: [    0.074605] pci_bus 0000:00: root bus resource [mem 0x000a0000-0x000bffff window]
Jul  2 09:46:54 techo2-PC kernel: [    0.074606] pci_bus 0000:00: root bus resource [mem 0x000d0000-0x000dffff window]
Jul  2 09:46:54 techo2-PC kernel: [    0.074608] pci_bus 0000:00: root bus resource [mem 0xb7e00000-0xdfffffff window]
Jul  2 09:46:54 techo2-PC kernel: [    0.074609] pci_bus 0000:00: root bus resource [mem 0xf0000000-0xfed8ffff window]
Jul  2 09:46:54 techo2-PC kernel: [    0.074610] pci_bus 0000:00: root bus resource [bus 00-ff]
Jul  2 09:46:54 techo2-PC kernel: [    0.074618] pci 0000:00:00.0: [8086:2e20] type 00 class 0x060000
Jul  2 09:46:54 techo2-PC kernel: [    0.074639] DMAR: Forcing write-buffer flush capability
Jul  2 09:46:54 techo2-PC kernel: [    0.074640] DMAR: Disabling IOMMU for graphics on this chipset
Jul  2 09:46:54 techo2-PC kernel: [    0.074711] pci 0000:00:02.0: [8086:2e22] type 00 class 0x030000
Jul  2 09:46:54 techo2-PC kernel: [    0.074722] pci 0000:00:02.0: reg 0x10: [mem 0xfe400000-0xfe7fffff 64bit]
Jul  2 09:46:54 techo2-PC kernel: [    0.074727] pci 0000:00:02.0: reg 0x18: [mem 0xd0000000-0xdfffffff 64bit pref]
Jul  2 09:46:54 techo2-PC kernel: [    0.074731] pci 0000:00:02.0: reg 0x20: [io  0xdc00-0xdc07]
Jul  2 09:46:54 techo2-PC kernel: [    0.074836] pci 0000:00:1a.0: [8086:3a37] type 00 class 0x0c0300
Jul  2 09:46:54 techo2-PC kernel: [    0.074874] pci 0000:00:1a.0: reg 0x20: [io  0xd880-0xd89f]
Jul  2 09:46:54 techo2-PC kernel: [    0.074977] pci 0000:00:1a.1: [8086:3a38] type 00 class 0x0c0300
Jul  2 09:46:54 techo2-PC kernel: [    0.075015] pci 0000:00:1a.1: reg 0x20: [io  0xd800-0xd81f]
Jul  2 09:46:54 techo2-PC kernel: [    0.075124] pci 0000:00:1a.7: [8086:3a3c] type 00 class 0x0c0320
Jul  2 09:46:54 techo2-PC kernel: [    0.075143] pci 0000:00:1a.7: reg 0x10: [mem 0xfeafa000-0xfeafa3ff]
Jul  2 09:46:54 techo2-PC kernel: [    0.075216] pci 0000:00:1a.7: PME# supported from D0 D3hot D3cold
Jul  2 09:46:54 techo2-PC kernel: [    0.075291] pci 0000:00:1b.0: [8086:3a3e] type 00 class 0x040300
Jul  2 09:46:54 techo2-PC kernel: [    0.075309] pci 0000:00:1b.0: reg 0x10: [mem 0xfeaf4000-0xfeaf7fff 64bit]
Jul  2 09:46:54 techo2-PC kernel: [    0.075371] pci 0000:00:1b.0: PME# supported from D0 D3hot D3cold
Jul  2 09:46:54 techo2-PC kernel: [    0.075448] pci 0000:00:1c.0: [8086:3a40] type 01 class 0x060400
Jul  2 09:46:54 techo2-PC kernel: [    0.075508] pci 0000:00:1c.0: PME# supported from D0 D3hot D3cold
Jul  2 09:46:54 techo2-PC kernel: [    0.075589] pci 0000:00:1c.1: [8086:3a42] type 01 class 0x060400
Jul  2 09:46:54 techo2-PC kernel: [    0.075653] pci 0000:00:1c.1: PME# supported from D0 D3hot D3cold
Jul  2 09:46:54 techo2-PC kernel: [    0.075737] pci 0000:00:1d.0: [8086:3a34] type 00 class 0x0c0300
Jul  2 09:46:54 techo2-PC kernel: [    0.075776] pci 0000:00:1d.0: reg 0x20: [io  0xd480-0xd49f]
Jul  2 09:46:54 techo2-PC kernel: [    0.075876] pci 0000:00:1d.1: [8086:3a35] type 00 class 0x0c0300
Jul  2 09:46:54 techo2-PC kernel: [    0.075915] pci 0000:00:1d.1: reg 0x20: [io  0xd400-0xd41f]
Jul  2 09:46:54 techo2-PC kernel: [    0.076024] pci 0000:00:1d.2: [8086:3a36] type 00 class 0x0c0300
Jul  2 09:46:54 techo2-PC kernel: [    0.076062] pci 0000:00:1d.2: reg 0x20: [io  0xd080-0xd09f]
Jul  2 09:46:54 techo2-PC kernel: [    0.076163] pci 0000:00:1d.3: [8086:3a39] type 00 class 0x0c0300
Jul  2 09:46:54 techo2-PC kernel: [    0.076201] pci 0000:00:1d.3: reg 0x20: [io  0xd000-0xd01f]
Jul  2 09:46:54 techo2-PC kernel: [    0.076307] pci 0000:00:1d.7: [8086:3a3a] type 00 class 0x0c0320
Jul  2 09:46:54 techo2-PC kernel: [    0.076326] pci 0000:00:1d.7: reg 0x10: [mem 0xfeaf8000-0xfeaf83ff]
Jul  2 09:46:54 techo2-PC kernel: [    0.076399] pci 0000:00:1d.7: PME# supported from D0 D3hot D3cold
Jul  2 09:46:54 techo2-PC kernel: [    0.076475] pci 0000:00:1e.0: [8086:244e] type 01 class 0x060401
Jul  2 09:46:54 techo2-PC kernel: [    0.076584] pci 0000:00:1f.0: [8086:3a18] type 00 class 0x060100
Jul  2 09:46:54 techo2-PC kernel: [    0.076740] pci 0000:00:1f.2: [8086:3a20] type 00 class 0x01018a
Jul  2 09:46:54 techo2-PC kernel: [    0.076755] pci 0000:00:1f.2: reg 0x10: [io  0x0000-0x0007]
Jul  2 09:46:54 techo2-PC kernel: [    0.076761] pci 0000:00:1f.2: reg 0x14: [io  0x0000-0x0003]
Jul  2 09:46:54 techo2-PC kernel: [    0.076767] pci 0000:00:1f.2: reg 0x18: [io  0x0000-0x0007]
Jul  2 09:46:54 techo2-PC kernel: [    0.076774] pci 0000:00:1f.2: reg 0x1c: [io  0x0000-0x0003]
Jul  2 09:46:54 techo2-PC kernel: [    0.076780] pci 0000:00:1f.2: reg 0x20: [io  0xff90-0xff9f]
Jul  2 09:46:54 techo2-PC kernel: [    0.076786] pci 0000:00:1f.2: reg 0x24: [io  0xffa0-0xffaf]
Jul  2 09:46:54 techo2-PC kernel: [    0.076795] pci 0000:00:1f.2: legacy IDE quirk: reg 0x10: [io  0x01f0-0x01f7]
Jul  2 09:46:54 techo2-PC kernel: [    0.076796] pci 0000:00:1f.2: legacy IDE quirk: reg 0x14: [io  0x03f6]
Jul  2 09:46:54 techo2-PC kernel: [    0.076798] pci 0000:00:1f.2: legacy IDE quirk: reg 0x18: [io  0x0170-0x0177]
Jul  2 09:46:54 techo2-PC kernel: [    0.076799] pci 0000:00:1f.2: legacy IDE quirk: reg 0x1c: [io  0x0376]
Jul  2 09:46:54 techo2-PC kernel: [    0.076883] pci 0000:00:1f.3: [8086:3a30] type 00 class 0x0c0500
Jul  2 09:46:54 techo2-PC kernel: [    0.076899] pci 0000:00:1f.3: reg 0x10: [mem 0xfeaf3c00-0xfeaf3cff 64bit]
Jul  2 09:46:54 techo2-PC kernel: [    0.076916] pci 0000:00:1f.3: reg 0x20: [io  0x0400-0x041f]
Jul  2 09:46:54 techo2-PC kernel: [    0.077031] pci 0000:00:1c.0: PCI bridge to [bus 01]
Jul  2 09:46:54 techo2-PC kernel: [    0.077088] pci 0000:02:00.0: [10ec:8168] type 00 class 0x020000
Jul  2 09:46:54 techo2-PC kernel: [    0.077114] pci 0000:02:00.0: reg 0x10: [io  0xe800-0xe8ff]
Jul  2 09:46:54 techo2-PC kernel: [    0.077139] pci 0000:02:00.0: reg 0x18: [mem 0xfebff000-0xfebfffff 64bit]
Jul  2 09:46:54 techo2-PC kernel: [    0.077154] pci 0000:02:00.0: reg 0x20: [mem 0xfdffc000-0xfdffffff 64bit pref]
Jul  2 09:46:54 techo2-PC kernel: [    0.077165] pci 0000:02:00.0: reg 0x30: [mem 0xfebc0000-0xfebdffff pref]
Jul  2 09:46:54 techo2-PC kernel: [    0.077239] pci 0000:02:00.0: supports D1 D2
Jul  2 09:46:54 techo2-PC kernel: [    0.077240] pci 0000:02:00.0: PME# supported from D0 D1 D2 D3hot D3cold
Jul  2 09:46:54 techo2-PC kernel: [    0.088025] pci 0000:00:1c.1: PCI bridge to [bus 02]
Jul  2 09:46:54 techo2-PC kernel: [    0.088030] pci 0000:00:1c.1:   bridge window [io  0xe000-0xefff]
Jul  2 09:46:54 techo2-PC kernel: [    0.088034] pci 0000:00:1c.1:   bridge window [mem 0xfeb00000-0xfebfffff]
Jul  2 09:46:54 techo2-PC kernel: [    0.088040] pci 0000:00:1c.1:   bridge window [mem 0xfdf00000-0xfdffffff 64bit pref]
Jul  2 09:46:54 techo2-PC kernel: [    0.088125] pci 0000:00:1e.0: PCI bridge to [bus 03] (subtractive decode)
Jul  2 09:46:54 techo2-PC kernel: [    0.088135] pci 0000:00:1e.0:   bridge window [io  0x0000-0x0cf7 window] (subtractive decode)
Jul  2 09:46:54 techo2-PC kernel: [    0.088138] pci 0000:00:1e.0:   bridge window [io  0x0d00-0xffff window] (subtractive decode)
Jul  2 09:46:54 techo2-PC kernel: [    0.088141] pci 0000:00:1e.0:   bridge window [mem 0x000a0000-0x000bffff window] (subtractive decode)
Jul  2 09:46:54 techo2-PC kernel: [    0.088143] pci 0000:00:1e.0:   bridge window [mem 0x000d0000-0x000dffff window] (subtractive decode)
Jul  2 09:46:54 techo2-PC kernel: [    0.088146] pci 0000:00:1e.0:   bridge window [mem 0xb7e00000-0xdfffffff window] (subtractive decode)
Jul  2 09:46:54 techo2-PC kernel: [    0.088148] pci 0000:00:1e.0:   bridge window [mem 0xf0000000-0xfed8ffff window] (subtractive decode)
Jul  2 09:46:54 techo2-PC kernel: [    0.088762] ACPI: PCI Interrupt Link [LNKA] (IRQs 3 4 6 7 *10 11 12 14 15)
Jul  2 09:46:54 techo2-PC kernel: [    0.088811] ACPI: PCI Interrupt Link [LNKB] (IRQs *5)
Jul  2 09:46:54 techo2-PC kernel: [    0.088856] ACPI: PCI Interrupt Link [LNKC] (IRQs *3 4 6 7 10 11 12 14 15)
Jul  2 09:46:54 techo2-PC kernel: [    0.088904] ACPI: PCI Interrupt Link [LNKD] (IRQs 3 4 6 7 *10 11 12 14 15)
Jul  2 09:46:54 techo2-PC kernel: [    0.088952] ACPI: PCI Interrupt Link [LNKE] (IRQs 3 4 6 7 10 11 12 14 15) *0, disabled.
Jul  2 09:46:54 techo2-PC kernel: [    0.089000] ACPI: PCI Interrupt Link [LNKF] (IRQs 3 4 6 7 10 *11 12 14 15)
Jul  2 09:46:54 techo2-PC kernel: [    0.089048] ACPI: PCI Interrupt Link [LNKG] (IRQs 3 4 6 7 *10 11 12 14 15)
Jul  2 09:46:54 techo2-PC kernel: [    0.089095] ACPI: PCI Interrupt Link [LNKH] (IRQs 3 4 6 7 10 *11 12 14 15)
Jul  2 09:46:54 techo2-PC kernel: [    0.089378] SCSI subsystem initialized
Jul  2 09:46:54 techo2-PC kernel: [    0.089403] libata version 3.00 loaded.
Jul  2 09:46:54 techo2-PC kernel: [    0.089403] pci 0000:00:02.0: vgaarb: setting as boot VGA device
Jul  2 09:46:54 techo2-PC kernel: [    0.089403] pci 0000:00:02.0: vgaarb: VGA device added: decodes=io+mem,owns=io+mem,locks=none
Jul  2 09:46:54 techo2-PC kernel: [    0.089403] pci 0000:00:02.0: vgaarb: bridge control possible
Jul  2 09:46:54 techo2-PC kernel: [    0.089403] vgaarb: loaded
Jul  2 09:46:54 techo2-PC kernel: [    0.089403] ACPI: bus type USB registered
Jul  2 09:46:54 techo2-PC kernel: [    0.089403] usbcore: registered new interface driver usbfs
Jul  2 09:46:54 techo2-PC kernel: [    0.089403] usbcore: registered new interface driver hub
Jul  2 09:46:54 techo2-PC kernel: [    0.089403] usbcore: registered new device driver usb
Jul  2 09:46:54 techo2-PC kernel: [    0.089403] EDAC MC: Ver: 3.0.0
Jul  2 09:46:54 techo2-PC kernel: [    0.089403] PCI: Using ACPI for IRQ routing
Jul  2 09:46:54 techo2-PC kernel: [    0.094849] PCI: pci_cache_line_size set to 64 bytes
Jul  2 09:46:54 techo2-PC kernel: [    0.094886] Expanded resource Reserved due to conflict with PCI Bus 0000:00
Jul  2 09:46:54 techo2-PC kernel: [    0.094888] e820: reserve RAM buffer [mem 0x0009fc00-0x0009ffff]
Jul  2 09:46:54 techo2-PC kernel: [    0.094889] e820: reserve RAM buffer [mem 0xb7d90000-0xb7ffffff]
Jul  2 09:46:54 techo2-PC kernel: [    0.094977] NetLabel: Initializing
Jul  2 09:46:54 techo2-PC kernel: [    0.094978] NetLabel:  domain hash size = 128
Jul  2 09:46:54 techo2-PC kernel: [    0.094978] NetLabel:  protocols = UNLABELED CIPSOv4 CALIPSO
Jul  2 09:46:54 techo2-PC kernel: [    0.094996] NetLabel:  unlabeled traffic allowed by default
Jul  2 09:46:54 techo2-PC kernel: [    0.095013] HPET: 4 timers in total, 0 timers will be used for per-cpu timer
Jul  2 09:46:54 techo2-PC kernel: [    0.095013] hpet0: at MMIO 0xfed00000, IRQs 2, 8, 0, 0
Jul  2 09:46:54 techo2-PC kernel: [    0.095013] hpet0: 4 comparators, 64-bit 14.318180 MHz counter
Jul  2 09:46:54 techo2-PC kernel: [    0.097012] clocksource: Switched to clocksource hpet
Jul  2 09:46:54 techo2-PC kernel: [    0.109580] VFS: Disk quotas dquot_6.6.0
Jul  2 09:46:54 techo2-PC kernel: [    0.109604] VFS: Dquot-cache hash table entries: 512 (order 0, 4096 bytes)
Jul  2 09:46:54 techo2-PC kernel: [    0.109734] AppArmor: AppArmor Filesystem Enabled
Jul  2 09:46:54 techo2-PC kernel: [    0.109791] pnp: PnP ACPI init
Jul  2 09:46:54 techo2-PC kernel: [    0.109884] system 00:00: [mem 0xfed14000-0xfed19fff] has been reserved
Jul  2 09:46:54 techo2-PC kernel: [    0.109885] system 00:00: [mem 0xfed90000-0xfed93fff] has been reserved
Jul  2 09:46:54 techo2-PC kernel: [    0.109890] system 00:00: Plug and Play ACPI device, IDs PNP0c01 (active)
Jul  2 09:46:54 techo2-PC kernel: [    0.109958] pnp 00:01: Plug and Play ACPI device, IDs PNP0b00 (active)
Jul  2 09:46:54 techo2-PC kernel: [    0.110005] pnp 00:02: Plug and Play ACPI device, IDs PNP0303 PNP030b (active)
Jul  2 09:46:54 techo2-PC kernel: [    0.110055] pnp 00:03: Plug and Play ACPI device, IDs PNP0f03 PNP0f13 (active)
Jul  2 09:46:54 techo2-PC kernel: [    0.110375] pnp 00:04: [dma 3]
Jul  2 09:46:54 techo2-PC kernel: [    0.110477] pnp 00:04: Plug and Play ACPI device, IDs PNP0401 (active)
Jul  2 09:46:54 techo2-PC kernel: [    0.110575] system 00:05: [io  0x0a00-0x0a0f] has been reserved
Jul  2 09:46:54 techo2-PC kernel: [    0.110577] system 00:05: [io  0x0a10-0x0a1f] has been reserved
Jul  2 09:46:54 techo2-PC kernel: [    0.110579] system 00:05: Plug and Play ACPI device, IDs PNP0c02 (active)
Jul  2 09:46:54 techo2-PC kernel: [    0.110703] system 00:06: [io  0x04d0-0x04d1] has been reserved
Jul  2 09:46:54 techo2-PC kernel: [    0.110705] system 00:06: [io  0x0800-0x087f] has been reserved
Jul  2 09:46:54 techo2-PC kernel: [    0.110706] system 00:06: [io  0x0500-0x057f] has been reserved
Jul  2 09:46:54 techo2-PC kernel: [    0.110708] system 00:06: [mem 0xfed1c000-0xfed1ffff] has been reserved
Jul  2 09:46:54 techo2-PC kernel: [    0.110710] system 00:06: [mem 0xfed20000-0xfed3ffff] has been reserved
Jul  2 09:46:54 techo2-PC kernel: [    0.110712] system 00:06: [mem 0xfed40000-0xfed8ffff] has been reserved
Jul  2 09:46:54 techo2-PC kernel: [    0.110715] system 00:06: Plug and Play ACPI device, IDs PNP0c02 (active)
Jul  2 09:46:54 techo2-PC kernel: [    0.110801] system 00:07: [mem 0xffc00000-0xffefffff] has been reserved
Jul  2 09:46:54 techo2-PC kernel: [    0.110803] system 00:07: Plug and Play ACPI device, IDs PNP0c02 (active)
Jul  2 09:46:54 techo2-PC kernel: [    0.110892] system 00:08: [mem 0xfec00000-0xfec00fff] could not be reserved
Jul  2 09:46:54 techo2-PC kernel: [    0.110894] system 00:08: [mem 0xfee00000-0xfee00fff] has been reserved
Jul  2 09:46:54 techo2-PC kernel: [    0.110896] system 00:08: Plug and Play ACPI device, IDs PNP0c02 (active)
Jul  2 09:46:54 techo2-PC kernel: [    0.111062] pnp 00:09: [dma 0 disabled]
Jul  2 09:46:54 techo2-PC kernel: [    0.111121] pnp 00:09: Plug and Play ACPI device, IDs PNP0501 (active)
Jul  2 09:46:54 techo2-PC kernel: [    0.111176] system 00:0a: [mem 0xe0000000-0xefffffff] has been reserved
Jul  2 09:46:54 techo2-PC kernel: [    0.111179] system 00:0a: Plug and Play ACPI device, IDs PNP0c02 (active)
Jul  2 09:46:54 techo2-PC kernel: [    0.111322] system 00:0b: [mem 0x00000000-0x0009ffff] could not be reserved
Jul  2 09:46:54 techo2-PC kernel: [    0.111324] system 00:0b: [mem 0x000c0000-0x000cffff] could not be reserved
Jul  2 09:46:54 techo2-PC kernel: [    0.111326] system 00:0b: [mem 0x000e0000-0x000fffff] could not be reserved
Jul  2 09:46:54 techo2-PC kernel: [    0.111328] system 00:0b: [mem 0x00100000-0xb7dfffff] could not be reserved
Jul  2 09:46:54 techo2-PC kernel: [    0.111329] system 00:0b: [mem 0xfed90000-0xffffffff] could not be reserved
Jul  2 09:46:54 techo2-PC kernel: [    0.111332] system 00:0b: Plug and Play ACPI device, IDs PNP0c01 (active)
Jul  2 09:46:54 techo2-PC kernel: [    0.111438] pnp: PnP ACPI: found 12 devices
Jul  2 09:46:54 techo2-PC kernel: [    0.117774] clocksource: acpi_pm: mask: 0xffffff max_cycles: 0xffffff, max_idle_ns: 2085701024 ns
Jul  2 09:46:54 techo2-PC kernel: [    0.117788] pci 0000:00:1c.0: bridge window [io  0x1000-0x0fff] to [bus 01] add_size 1000
Jul  2 09:46:54 techo2-PC kernel: [    0.117790] pci 0000:00:1c.0: bridge window [mem 0x00100000-0x000fffff 64bit pref] to [bus 01] add_size 200000 add_align 100000
Jul  2 09:46:54 techo2-PC kernel: [    0.117792] pci 0000:00:1c.0: bridge window [mem 0x00100000-0x000fffff] to [bus 01] add_size 200000 add_align 100000
Jul  2 09:46:54 techo2-PC kernel: [    0.117809] pci 0000:00:1c.0: BAR 14: assigned [mem 0xc0000000-0xc01fffff]
Jul  2 09:46:54 techo2-PC kernel: [    0.117814] pci 0000:00:1c.0: BAR 15: assigned [mem 0xc0200000-0xc03fffff 64bit pref]
Jul  2 09:46:54 techo2-PC kernel: [    0.117816] pci 0000:00:1c.0: BAR 13: assigned [io  0x1000-0x1fff]
Jul  2 09:46:54 techo2-PC kernel: [    0.117819] pci 0000:00:1c.0: PCI bridge to [bus 01]
Jul  2 09:46:54 techo2-PC kernel: [    0.117821] pci 0000:00:1c.0:   bridge window [io  0x1000-0x1fff]
Jul  2 09:46:54 techo2-PC kernel: [    0.117825] pci 0000:00:1c.0:   bridge window [mem 0xc0000000-0xc01fffff]
Jul  2 09:46:54 techo2-PC kernel: [    0.117828] pci 0000:00:1c.0:   bridge window [mem 0xc0200000-0xc03fffff 64bit pref]
Jul  2 09:46:54 techo2-PC kernel: [    0.117833] pci 0000:00:1c.1: PCI bridge to [bus 02]
Jul  2 09:46:54 techo2-PC kernel: [    0.117835] pci 0000:00:1c.1:   bridge window [io  0xe000-0xefff]
Jul  2 09:46:54 techo2-PC kernel: [    0.117838] pci 0000:00:1c.1:   bridge window [mem 0xfeb00000-0xfebfffff]
Jul  2 09:46:54 techo2-PC kernel: [    0.117841] pci 0000:00:1c.1:   bridge window [mem 0xfdf00000-0xfdffffff 64bit pref]
Jul  2 09:46:54 techo2-PC kernel: [    0.117846] pci 0000:00:1e.0: PCI bridge to [bus 03]
Jul  2 09:46:54 techo2-PC kernel: [    0.117855] pci_bus 0000:00: resource 4 [io  0x0000-0x0cf7 window]
Jul  2 09:46:54 techo2-PC kernel: [    0.117856] pci_bus 0000:00: resource 5 [io  0x0d00-0xffff window]
Jul  2 09:46:54 techo2-PC kernel: [    0.117858] pci_bus 0000:00: resource 6 [mem 0x000a0000-0x000bffff window]
Jul  2 09:46:54 techo2-PC kernel: [    0.117859] pci_bus 0000:00: resource 7 [mem 0x000d0000-0x000dffff window]
Jul  2 09:46:54 techo2-PC kernel: [    0.117860] pci_bus 0000:00: resource 8 [mem 0xb7e00000-0xdfffffff window]
Jul  2 09:46:54 techo2-PC kernel: [    0.117862] pci_bus 0000:00: resource 9 [mem 0xf0000000-0xfed8ffff window]
Jul  2 09:46:54 techo2-PC kernel: [    0.117863] pci_bus 0000:01: resource 0 [io  0x1000-0x1fff]
Jul  2 09:46:54 techo2-PC kernel: [    0.117865] pci_bus 0000:01: resource 1 [mem 0xc0000000-0xc01fffff]
Jul  2 09:46:54 techo2-PC kernel: [    0.117866] pci_bus 0000:01: resource 2 [mem 0xc0200000-0xc03fffff 64bit pref]
Jul  2 09:46:54 techo2-PC kernel: [    0.117868] pci_bus 0000:02: resource 0 [io  0xe000-0xefff]
Jul  2 09:46:54 techo2-PC kernel: [    0.117869] pci_bus 0000:02: resource 1 [mem 0xfeb00000-0xfebfffff]
Jul  2 09:46:54 techo2-PC kernel: [    0.117870] pci_bus 0000:02: resource 2 [mem 0xfdf00000-0xfdffffff 64bit pref]
Jul  2 09:46:54 techo2-PC kernel: [    0.117872] pci_bus 0000:03: resource 4 [io  0x0000-0x0cf7 window]
Jul  2 09:46:54 techo2-PC kernel: [    0.117873] pci_bus 0000:03: resource 5 [io  0x0d00-0xffff window]
Jul  2 09:46:54 techo2-PC kernel: [    0.117875] pci_bus 0000:03: resource 6 [mem 0x000a0000-0x000bffff window]
Jul  2 09:46:54 techo2-PC kernel: [    0.117876] pci_bus 0000:03: resource 7 [mem 0x000d0000-0x000dffff window]
Jul  2 09:46:54 techo2-PC kernel: [    0.117878] pci_bus 0000:03: resource 8 [mem 0xb7e00000-0xdfffffff window]
Jul  2 09:46:54 techo2-PC kernel: [    0.117879] pci_bus 0000:03: resource 9 [mem 0xf0000000-0xfed8ffff window]
Jul  2 09:46:54 techo2-PC kernel: [    0.117947] NET: Registered protocol family 2
Jul  2 09:46:54 techo2-PC kernel: [    0.118120] TCP established hash table entries: 32768 (order: 6, 262144 bytes)
Jul  2 09:46:54 techo2-PC kernel: [    0.118221] TCP bind hash table entries: 32768 (order: 7, 524288 bytes)
Jul  2 09:46:54 techo2-PC kernel: [    0.118375] TCP: Hash tables configured (established 32768 bind 32768)
Jul  2 09:46:54 techo2-PC kernel: [    0.118425] UDP hash table entries: 2048 (order: 4, 65536 bytes)
Jul  2 09:46:54 techo2-PC kernel: [    0.118448] UDP-Lite hash table entries: 2048 (order: 4, 65536 bytes)
Jul  2 09:46:54 techo2-PC kernel: [    0.118508] NET: Registered protocol family 1
Jul  2 09:46:54 techo2-PC kernel: [    0.118524] pci 0000:00:02.0: Video device with shadowed ROM at [mem 0x000c0000-0x000dffff]
Jul  2 09:46:54 techo2-PC kernel: [    0.119492] PCI: CLS 32 bytes, default 64
Jul  2 09:46:54 techo2-PC kernel: [    0.119534] Unpacking initramfs...
Jul  2 09:46:54 techo2-PC kernel: [    0.841638] Freeing initrd memory: 48192K
Jul  2 09:46:54 techo2-PC kernel: [    0.841727] PCI-DMA: Using software bounce buffering for IO (SWIOTLB)
Jul  2 09:46:54 techo2-PC kernel: [    0.841731] software IO TLB [mem 0xb3d90000-0xb7d90000] (64MB) mapped at [ffff99edb3d90000-ffff99edb7d8ffff]
Jul  2 09:46:54 techo2-PC kernel: [    0.841873] Scanning for low memory corruption every 60 seconds
Jul  2 09:46:54 techo2-PC kernel: [    0.842194] audit: initializing netlink subsys (disabled)
Jul  2 09:46:54 techo2-PC kernel: [    0.842270] audit: type=2000 audit(1562040994.842:1): state=initialized audit_enabled=0 res=1
Jul  2 09:46:54 techo2-PC kernel: [    0.842545] Initialise system trusted keyrings
Jul  2 09:46:54 techo2-PC kernel: [    0.842556] Key type blacklist registered
Jul  2 09:46:54 techo2-PC kernel: [    0.842587] workingset: timestamp_bits=36 max_order=20 bucket_order=0
Jul  2 09:46:54 techo2-PC kernel: [    0.844077] zbud: loaded
Jul  2 09:46:54 techo2-PC kernel: [    0.844565] squashfs: version 4.0 (2009/01/31) Phillip Lougher
Jul  2 09:46:54 techo2-PC kernel: [    0.844710] fuse init (API version 7.26)
Jul  2 09:46:54 techo2-PC kernel: [    0.845901] Key type asymmetric registered
Jul  2 09:46:54 techo2-PC kernel: [    0.845903] Asymmetric key parser 'x509' registered
Jul  2 09:46:54 techo2-PC kernel: [    0.845938] Block layer SCSI generic (bsg) driver version 0.4 loaded (major 247)
Jul  2 09:46:54 techo2-PC kernel: [    0.845969] io scheduler noop registered
Jul  2 09:46:54 techo2-PC kernel: [    0.845970] io scheduler deadline registered
Jul  2 09:46:54 techo2-PC kernel: [    0.845999] io scheduler cfq registered (default)
Jul  2 09:46:54 techo2-PC kernel: [    0.846091] pcieport 0000:00:1c.0: enabling device (0104 -> 0107)
Jul  2 09:46:54 techo2-PC kernel: [    0.846494] vesafb: mode is 1024x768x32, linelength=4096, pages=0
Jul  2 09:46:54 techo2-PC kernel: [    0.846494] vesafb: scrolling: redraw
Jul  2 09:46:54 techo2-PC kernel: [    0.846496] vesafb: Truecolor: size=8:8:8:8, shift=24:16:8:0
Jul  2 09:46:54 techo2-PC kernel: [    0.846507] vesafb: framebuffer at 0xd0000000, mapped to 0xffffb71f80c00000, using 3072k, total 3072k
Jul  2 09:46:54 techo2-PC kernel: [    0.846596] Console: switching to colour frame buffer device 128x48
Jul  2 09:46:54 techo2-PC kernel: [    0.846616] fb0: VESA VGA frame buffer device
Jul  2 09:46:54 techo2-PC kernel: [    0.846629] intel_idle: does not run on family 6 model 23
Jul  2 09:46:54 techo2-PC kernel: [    0.846725] input: Power Button as /devices/LNXSYSTM:00/LNXSYBUS:00/PNP0C0C:00/input/input0
Jul  2 09:46:54 techo2-PC kernel: [    0.846737] ACPI: Power Button [PWRB]
Jul  2 09:46:54 techo2-PC kernel: [    0.846774] input: Power Button as /devices/LNXSYSTM:00/LNXPWRBN:00/input/input1
Jul  2 09:46:54 techo2-PC kernel: [    0.846796] ACPI: Power Button [PWRF]
Jul  2 09:46:54 techo2-PC kernel: [    0.846879] Monitor-Mwait will be used to enter C-1 state
Jul  2 09:46:54 techo2-PC kernel: [    0.846882] Monitor-Mwait will be used to enter C-2 state
Jul  2 09:46:54 techo2-PC kernel: [    0.846885] Monitor-Mwait will be used to enter C-3 state
Jul  2 09:46:54 techo2-PC kernel: [    0.846886] tsc: Marking TSC unstable due to TSC halts in idle
Jul  2 09:46:54 techo2-PC kernel: [    0.847132] GHES: HEST is not enabled!
Jul  2 09:46:54 techo2-PC kernel: [    0.847207] Serial: 8250/16550 driver, 32 ports, IRQ sharing enabled
Jul  2 09:46:54 techo2-PC kernel: [    0.867616] 00:09: ttyS0 at I/O 0x3f8 (irq = 4, base_baud = 115200) is a 16550A
Jul  2 09:46:54 techo2-PC kernel: [    0.869066] Linux agpgart interface v0.103
Jul  2 09:46:54 techo2-PC kernel: [    0.870535] loop: module loaded
Jul  2 09:46:54 techo2-PC kernel: [    0.870649] ata_piix 0000:00:1f.2: version 2.13
Jul  2 09:46:54 techo2-PC kernel: [    0.870740] ata_piix 0000:00:1f.2: MAP [ P0 P2 P1 P3 ]
Jul  2 09:46:54 techo2-PC kernel: [    1.029113] scsi host0: ata_piix
Jul  2 09:46:54 techo2-PC kernel: [    1.029218] scsi host1: ata_piix
Jul  2 09:46:54 techo2-PC kernel: [    1.029256] ata1: SATA max UDMA/133 cmd 0x1f0 ctl 0x3f6 bmdma 0xff90 irq 14
Jul  2 09:46:54 techo2-PC kernel: [    1.029259] ata2: SATA max UDMA/133 cmd 0x170 ctl 0x376 bmdma 0xff98 irq 15
Jul  2 09:46:54 techo2-PC kernel: [    1.029342] libphy: Fixed MDIO Bus: probed
Jul  2 09:46:54 techo2-PC kernel: [    1.029343] tun: Universal TUN/TAP device driver, 1.6
Jul  2 09:46:54 techo2-PC kernel: [    1.029391] PPP generic driver version 2.4.2
Jul  2 09:46:54 techo2-PC kernel: [    1.029438] ehci_hcd: USB 2.0 'Enhanced' Host Controller (EHCI) Driver
Jul  2 09:46:54 techo2-PC kernel: [    1.029441] ehci-pci: EHCI PCI platform driver
Jul  2 09:46:54 techo2-PC kernel: [    1.029533] ehci-pci 0000:00:1a.7: EHCI Host Controller
Jul  2 09:46:54 techo2-PC kernel: [    1.029539] ehci-pci 0000:00:1a.7: new USB bus registered, assigned bus number 1
Jul  2 09:46:54 techo2-PC kernel: [    1.029549] ehci-pci 0000:00:1a.7: debug port 1
Jul  2 09:46:54 techo2-PC kernel: [    1.033459] ehci-pci 0000:00:1a.7: cache line size of 32 is not supported
Jul  2 09:46:54 techo2-PC kernel: [    1.033471] ehci-pci 0000:00:1a.7: irq 18, io mem 0xfeafa000
Jul  2 09:46:54 techo2-PC kernel: [    1.048087] ehci-pci 0000:00:1a.7: USB 2.0 started, EHCI 1.00
Jul  2 09:46:54 techo2-PC kernel: [    1.048146] usb usb1: New USB device found, idVendor=1d6b, idProduct=0002
Jul  2 09:46:54 techo2-PC kernel: [    1.048149] usb usb1: New USB device strings: Mfr=3, Product=2, SerialNumber=1
Jul  2 09:46:54 techo2-PC kernel: [    1.048152] usb usb1: Product: EHCI Host Controller
Jul  2 09:46:54 techo2-PC kernel: [    1.048155] usb usb1: Manufacturer: Linux 4.13.0-36-generic ehci_hcd
Jul  2 09:46:54 techo2-PC kernel: [    1.048157] usb usb1: SerialNumber: 0000:00:1a.7
Jul  2 09:46:54 techo2-PC kernel: [    1.048331] hub 1-0:1.0: USB hub found
Jul  2 09:46:54 techo2-PC kernel: [    1.048341] hub 1-0:1.0: 4 ports detected
Jul  2 09:46:54 techo2-PC kernel: [    1.048547] ehci-pci 0000:00:1d.7: EHCI Host Controller
Jul  2 09:46:54 techo2-PC kernel: [    1.048552] ehci-pci 0000:00:1d.7: new USB bus registered, assigned bus number 2
Jul  2 09:46:54 techo2-PC kernel: [    1.048561] ehci-pci 0000:00:1d.7: debug port 1
Jul  2 09:46:54 techo2-PC kernel: [    1.052472] ehci-pci 0000:00:1d.7: cache line size of 32 is not supported
Jul  2 09:46:54 techo2-PC kernel: [    1.052481] ehci-pci 0000:00:1d.7: irq 23, io mem 0xfeaf8000
Jul  2 09:46:54 techo2-PC kernel: [    1.068030] ehci-pci 0000:00:1d.7: USB 2.0 started, EHCI 1.00
Jul  2 09:46:54 techo2-PC kernel: [    1.068057] usb usb2: New USB device found, idVendor=1d6b, idProduct=0002
Jul  2 09:46:54 techo2-PC kernel: [    1.068059] usb usb2: New USB device strings: Mfr=3, Product=2, SerialNumber=1
Jul  2 09:46:54 techo2-PC kernel: [    1.068060] usb usb2: Product: EHCI Host Controller
Jul  2 09:46:54 techo2-PC kernel: [    1.068061] usb usb2: Manufacturer: Linux 4.13.0-36-generic ehci_hcd
Jul  2 09:46:54 techo2-PC kernel: [    1.068063] usb usb2: SerialNumber: 0000:00:1d.7
Jul  2 09:46:54 techo2-PC kernel: [    1.068169] hub 2-0:1.0: USB hub found
Jul  2 09:46:54 techo2-PC kernel: [    1.068174] hub 2-0:1.0: 8 ports detected
Jul  2 09:46:54 techo2-PC kernel: [    1.068327] ehci-platform: EHCI generic platform driver
Jul  2 09:46:54 techo2-PC kernel: [    1.068337] ohci_hcd: USB 1.1 'Open' Host Controller (OHCI) Driver
Jul  2 09:46:54 techo2-PC kernel: [    1.068339] ohci-pci: OHCI PCI platform driver
Jul  2 09:46:54 techo2-PC kernel: [    1.068348] ohci-platform: OHCI generic platform driver
Jul  2 09:46:54 techo2-PC kernel: [    1.068354] uhci_hcd: USB Universal Host Controller Interface driver
Jul  2 09:46:54 techo2-PC kernel: [    1.068420] uhci_hcd 0000:00:1a.0: UHCI Host Controller
Jul  2 09:46:54 techo2-PC kernel: [    1.068425] uhci_hcd 0000:00:1a.0: new USB bus registered, assigned bus number 3
Jul  2 09:46:54 techo2-PC kernel: [    1.068430] uhci_hcd 0000:00:1a.0: detected 2 ports
Jul  2 09:46:54 techo2-PC kernel: [    1.068453] uhci_hcd 0000:00:1a.0: irq 16, io base 0x0000d880
Jul  2 09:46:54 techo2-PC kernel: [    1.068491] usb usb3: New USB device found, idVendor=1d6b, idProduct=0001
Jul  2 09:46:54 techo2-PC kernel: [    1.068493] usb usb3: New USB device strings: Mfr=3, Product=2, SerialNumber=1
Jul  2 09:46:54 techo2-PC kernel: [    1.068494] usb usb3: Product: UHCI Host Controller
Jul  2 09:46:54 techo2-PC kernel: [    1.068495] usb usb3: Manufacturer: Linux 4.13.0-36-generic uhci_hcd
Jul  2 09:46:54 techo2-PC kernel: [    1.068497] usb usb3: SerialNumber: 0000:00:1a.0
Jul  2 09:46:54 techo2-PC kernel: [    1.068594] hub 3-0:1.0: USB hub found
Jul  2 09:46:54 techo2-PC kernel: [    1.068600] hub 3-0:1.0: 2 ports detected
Jul  2 09:46:54 techo2-PC kernel: [    1.068735] uhci_hcd 0000:00:1a.1: UHCI Host Controller
Jul  2 09:46:54 techo2-PC kernel: [    1.068739] uhci_hcd 0000:00:1a.1: new USB bus registered, assigned bus number 4
Jul  2 09:46:54 techo2-PC kernel: [    1.068746] uhci_hcd 0000:00:1a.1: detected 2 ports
Jul  2 09:46:54 techo2-PC kernel: [    1.068767] uhci_hcd 0000:00:1a.1: irq 21, io base 0x0000d800
Jul  2 09:46:54 techo2-PC kernel: [    1.068805] usb usb4: New USB device found, idVendor=1d6b, idProduct=0001
Jul  2 09:46:54 techo2-PC kernel: [    1.068807] usb usb4: New USB device strings: Mfr=3, Product=2, SerialNumber=1
Jul  2 09:46:54 techo2-PC kernel: [    1.068808] usb usb4: Product: UHCI Host Controller
Jul  2 09:46:54 techo2-PC kernel: [    1.068810] usb usb4: Manufacturer: Linux 4.13.0-36-generic uhci_hcd
Jul  2 09:46:54 techo2-PC kernel: [    1.068811] usb usb4: SerialNumber: 0000:00:1a.1
Jul  2 09:46:54 techo2-PC kernel: [    1.068907] hub 4-0:1.0: USB hub found
Jul  2 09:46:54 techo2-PC kernel: [    1.068912] hub 4-0:1.0: 2 ports detected
Jul  2 09:46:54 techo2-PC kernel: [    1.069039] uhci_hcd 0000:00:1d.0: UHCI Host Controller
Jul  2 09:46:54 techo2-PC kernel: [    1.069044] uhci_hcd 0000:00:1d.0: new USB bus registered, assigned bus number 5
Jul  2 09:46:54 techo2-PC kernel: [    1.069048] uhci_hcd 0000:00:1d.0: detected 2 ports
Jul  2 09:46:54 techo2-PC kernel: [    1.069064] uhci_hcd 0000:00:1d.0: irq 23, io base 0x0000d480
Jul  2 09:46:54 techo2-PC kernel: [    1.069100] usb usb5: New USB device found, idVendor=1d6b, idProduct=0001
Jul  2 09:46:54 techo2-PC kernel: [    1.069102] usb usb5: New USB device strings: Mfr=3, Product=2, SerialNumber=1
Jul  2 09:46:54 techo2-PC kernel: [    1.069103] usb usb5: Product: UHCI Host Controller
Jul  2 09:46:54 techo2-PC kernel: [    1.069105] usb usb5: Manufacturer: Linux 4.13.0-36-generic uhci_hcd
Jul  2 09:46:54 techo2-PC kernel: [    1.069106] usb usb5: SerialNumber: 0000:00:1d.0
Jul  2 09:46:54 techo2-PC kernel: [    1.069204] hub 5-0:1.0: USB hub found
Jul  2 09:46:54 techo2-PC kernel: [    1.069209] hub 5-0:1.0: 2 ports detected
Jul  2 09:46:54 techo2-PC kernel: [    1.069337] uhci_hcd 0000:00:1d.1: UHCI Host Controller
Jul  2 09:46:54 techo2-PC kernel: [    1.069342] uhci_hcd 0000:00:1d.1: new USB bus registered, assigned bus number 6
Jul  2 09:46:54 techo2-PC kernel: [    1.069347] uhci_hcd 0000:00:1d.1: detected 2 ports
Jul  2 09:46:54 techo2-PC kernel: [    1.069367] uhci_hcd 0000:00:1d.1: irq 19, io base 0x0000d400
Jul  2 09:46:54 techo2-PC kernel: [    1.069412] usb usb6: New USB device found, idVendor=1d6b, idProduct=0001
Jul  2 09:46:54 techo2-PC kernel: [    1.069414] usb usb6: New USB device strings: Mfr=3, Product=2, SerialNumber=1
Jul  2 09:46:54 techo2-PC kernel: [    1.069416] usb usb6: Product: UHCI Host Controller
Jul  2 09:46:54 techo2-PC kernel: [    1.069417] usb usb6: Manufacturer: Linux 4.13.0-36-generic uhci_hcd
Jul  2 09:46:54 techo2-PC kernel: [    1.069418] usb usb6: SerialNumber: 0000:00:1d.1
Jul  2 09:46:54 techo2-PC kernel: [    1.069517] hub 6-0:1.0: USB hub found
Jul  2 09:46:54 techo2-PC kernel: [    1.069522] hub 6-0:1.0: 2 ports detected
Jul  2 09:46:54 techo2-PC kernel: [    1.069650] uhci_hcd 0000:00:1d.2: UHCI Host Controller
Jul  2 09:46:54 techo2-PC kernel: [    1.069654] uhci_hcd 0000:00:1d.2: new USB bus registered, assigned bus number 7
Jul  2 09:46:54 techo2-PC kernel: [    1.069659] uhci_hcd 0000:00:1d.2: detected 2 ports
Jul  2 09:46:54 techo2-PC kernel: [    1.069674] uhci_hcd 0000:00:1d.2: irq 18, io base 0x0000d080
Jul  2 09:46:54 techo2-PC kernel: [    1.069712] usb usb7: New USB device found, idVendor=1d6b, idProduct=0001
Jul  2 09:46:54 techo2-PC kernel: [    1.069714] usb usb7: New USB device strings: Mfr=3, Product=2, SerialNumber=1
Jul  2 09:46:54 techo2-PC kernel: [    1.069716] usb usb7: Product: UHCI Host Controller
Jul  2 09:46:54 techo2-PC kernel: [    1.069717] usb usb7: Manufacturer: Linux 4.13.0-36-generic uhci_hcd
Jul  2 09:46:54 techo2-PC kernel: [    1.069718] usb usb7: SerialNumber: 0000:00:1d.2
Jul  2 09:46:54 techo2-PC kernel: [    1.069816] hub 7-0:1.0: USB hub found
Jul  2 09:46:54 techo2-PC kernel: [    1.069822] hub 7-0:1.0: 2 ports detected
Jul  2 09:46:54 techo2-PC kernel: [    1.069948] uhci_hcd 0000:00:1d.3: UHCI Host Controller
Jul  2 09:46:54 techo2-PC kernel: [    1.069952] uhci_hcd 0000:00:1d.3: new USB bus registered, assigned bus number 8
Jul  2 09:46:54 techo2-PC kernel: [    1.069957] uhci_hcd 0000:00:1d.3: detected 2 ports
Jul  2 09:46:54 techo2-PC kernel: [    1.069972] uhci_hcd 0000:00:1d.3: irq 16, io base 0x0000d000
Jul  2 09:46:54 techo2-PC kernel: [    1.070009] usb usb8: New USB device found, idVendor=1d6b, idProduct=0001
Jul  2 09:46:54 techo2-PC kernel: [    1.070011] usb usb8: New USB device strings: Mfr=3, Product=2, SerialNumber=1
Jul  2 09:46:54 techo2-PC kernel: [    1.070012] usb usb8: Product: UHCI Host Controller
Jul  2 09:46:54 techo2-PC kernel: [    1.070014] usb usb8: Manufacturer: Linux 4.13.0-36-generic uhci_hcd
Jul  2 09:46:54 techo2-PC kernel: [    1.070015] usb usb8: SerialNumber: 0000:00:1d.3
Jul  2 09:46:54 techo2-PC kernel: [    1.070104] hub 8-0:1.0: USB hub found
Jul  2 09:46:54 techo2-PC kernel: [    1.070109] hub 8-0:1.0: 2 ports detected
Jul  2 09:46:54 techo2-PC kernel: [    1.070235] i8042: PNP: PS/2 Controller [PNP0303:PS2K,PNP0f03:PS2M] at 0x60,0x64 irq 1,12
Jul  2 09:46:54 techo2-PC kernel: [    1.073020] serio: i8042 KBD port at 0x60,0x64 irq 1
Jul  2 09:46:54 techo2-PC kernel: [    1.073025] serio: i8042 AUX port at 0x60,0x64 irq 12
Jul  2 09:46:54 techo2-PC kernel: [    1.073153] mousedev: PS/2 mouse device common for all mice
Jul  2 09:46:54 techo2-PC kernel: [    1.073297] rtc_cmos 00:01: RTC can wake from S4
Jul  2 09:46:54 techo2-PC kernel: [    1.073403] rtc_cmos 00:01: rtc core: registered rtc_cmos as rtc0
Jul  2 09:46:54 techo2-PC kernel: [    1.073425] rtc_cmos 00:01: alarms up to one month, y3k, 114 bytes nvram, hpet irqs
Jul  2 09:46:54 techo2-PC kernel: [    1.073432] i2c /dev entries driver
Jul  2 09:46:54 techo2-PC kernel: [    1.073483] device-mapper: uevent: version 1.0.3
Jul  2 09:46:54 techo2-PC kernel: [    1.073546] device-mapper: ioctl: 4.37.0-ioctl (2017-09-20) initialised: dm-devel@redhat.com
Jul  2 09:46:54 techo2-PC kernel: [    1.073568] ledtrig-cpu: registered to indicate activity on CPUs
Jul  2 09:46:54 techo2-PC kernel: [    1.073904] NET: Registered protocol family 10
Jul  2 09:46:54 techo2-PC kernel: [    1.077636] Segment Routing with IPv6
Jul  2 09:46:54 techo2-PC kernel: [    1.077654] NET: Registered protocol family 17
Jul  2 09:46:54 techo2-PC kernel: [    1.077664] Key type dns_resolver registered
Jul  2 09:46:54 techo2-PC kernel: [    1.077825] RAS: Correctable Errors collector initialized.
Jul  2 09:46:54 techo2-PC kernel: [    1.077858] microcode: sig=0x1067a, pf=0x1, revision=0xa07
Jul  2 09:46:54 techo2-PC kernel: [    1.077905] microcode: Microcode Update Driver: v2.2.
Jul  2 09:46:54 techo2-PC kernel: [    1.078034] registered taskstats version 1
Jul  2 09:46:54 techo2-PC kernel: [    1.078050] Loading compiled-in X.509 certificates
Jul  2 09:46:54 techo2-PC kernel: [    1.080587] Loaded X.509 cert 'Build time autogenerated kernel key: 6392960b5d1a7feefef54e83c93c27dba99187fc'
Jul  2 09:46:54 techo2-PC kernel: [    1.080605] zswap: loaded using pool lzo/zbud
Jul  2 09:46:54 techo2-PC kernel: [    1.083808] Key type big_key registered
Jul  2 09:46:54 techo2-PC kernel: [    1.083811] Key type trusted registered
Jul  2 09:46:54 techo2-PC kernel: [    1.085398] Key type encrypted registered
Jul  2 09:46:54 techo2-PC kernel: [    1.085401] AppArmor: AppArmor sha1 policy hashing enabled
Jul  2 09:46:54 techo2-PC kernel: [    1.085404] ima: No TPM chip found, activating TPM-bypass! (rc=-19)
Jul  2 09:46:54 techo2-PC kernel: [    1.085422] evm: HMAC attrs: 0x1
Jul  2 09:46:54 techo2-PC kernel: [    1.085650]   Magic number: 11:296:261
Jul  2 09:46:54 techo2-PC kernel: [    1.085772] rtc_cmos 00:01: setting system clock to 2019-07-02 04:16:35 UTC (1562040995)
Jul  2 09:46:54 techo2-PC kernel: [    1.086104] BIOS EDD facility v0.16 2004-Jun-25, 0 devices found
Jul  2 09:46:54 techo2-PC kernel: [    1.086104] EDD information not available.
Jul  2 09:46:54 techo2-PC kernel: [    1.086133] PM: Hibernation image not present or could not be loaded.
Jul  2 09:46:54 techo2-PC kernel: [    1.103324] input: AT Translated Set 2 keyboard as /devices/platform/i8042/serio0/input/input2
Jul  2 09:46:54 techo2-PC kernel: [    1.669920] ata2.00: SATA link down (SStatus 0 SControl 300)
Jul  2 09:46:54 techo2-PC kernel: [    1.669931] ata2.01: SATA link down (SStatus 0 SControl 300)
Jul  2 09:46:54 techo2-PC kernel: [    1.828097] ata1.00: SATA link up 3.0 Gbps (SStatus 123 SControl 300)
Jul  2 09:46:54 techo2-PC kernel: [    1.828108] ata1.01: SATA link down (SStatus 0 SControl 300)
Jul  2 09:46:54 techo2-PC kernel: [    1.830415] ata1.00: ATA-7: ST3250310AS, 3.AHB, max UDMA/100
Jul  2 09:46:54 techo2-PC kernel: [    1.830417] ata1.00: 488397168 sectors, multi 16: LBA48 NCQ (depth 0/32)
Jul  2 09:46:54 techo2-PC kernel: [    1.835007] ata1.00: configured for UDMA/100
Jul  2 09:46:54 techo2-PC kernel: [    1.835172] scsi 0:0:0:0: Direct-Access     ATA      ST3250310AS      B    PQ: 0 ANSI: 5
Jul  2 09:46:54 techo2-PC kernel: [    1.835373] sd 0:0:0:0: Attached scsi generic sg0 type 0
Jul  2 09:46:54 techo2-PC kernel: [    1.835390] sd 0:0:0:0: [sda] 488397168 512-byte logical blocks: (250 GB/233 GiB)
Jul  2 09:46:54 techo2-PC kernel: [    1.835402] sd 0:0:0:0: [sda] Write Protect is off
Jul  2 09:46:54 techo2-PC kernel: [    1.835403] sd 0:0:0:0: [sda] Mode Sense: 00 3a 00 00
Jul  2 09:46:54 techo2-PC kernel: [    1.835436] sd 0:0:0:0: [sda] Write cache: enabled, read cache: enabled, doesn't support DPO or FUA
Jul  2 09:46:54 techo2-PC kernel: [    1.852053] clocksource: tsc: mask: 0xffffffffffffffff max_cycles: 0x2a2cdfa358a, max_idle_ns: 440795320405 ns
Jul  2 09:46:54 techo2-PC kernel: [    1.911188]  sda: sda1 sda2 < sda5 >
Jul  2 09:46:54 techo2-PC kernel: [    1.911637] sd 0:0:0:0: [sda] Attached SCSI disk
Jul  2 09:46:54 techo2-PC kernel: [    1.914481] Freeing unused kernel memory: 2364K
Jul  2 09:46:54 techo2-PC kernel: [    1.914483] Write protecting the kernel read-only data: 18432k
Jul  2 09:46:54 techo2-PC kernel: [    1.915404] Freeing unused kernel memory: 2024K
Jul  2 09:46:54 techo2-PC kernel: [    1.915661] Freeing unused kernel memory: 88K
Jul  2 09:46:54 techo2-PC kernel: [    1.917751] x86/mm: Checked W+X mappings: passed, no W+X pages found.
Jul  2 09:46:54 techo2-PC kernel: [    1.917751] x86/mm: Checking user space page tables
Jul  2 09:46:54 techo2-PC kernel: [    1.919697] x86/mm: Checked W+X mappings: passed, no W+X pages found.
Jul  2 09:46:54 techo2-PC kernel: [    1.989084] Floppy drive(s): fd0 is 1.44M
Jul  2 09:46:54 techo2-PC kernel: [    2.011183] r8169 Gigabit Ethernet driver 2.3LK-NAPI loaded
Jul  2 09:46:54 techo2-PC kernel: [    2.011194] r8169 0000:02:00.0: can't disable ASPM; OS doesn't have ASPM control
Jul  2 09:46:54 techo2-PC kernel: [    2.011607] r8169 0000:02:00.0 eth0: RTL8168d/8111d at 0xffffb71f80659000, 6c:62:6d:b2:b4:4d, XID 081000c0 IRQ 24
Jul  2 09:46:54 techo2-PC kernel: [    2.011609] r8169 0000:02:00.0 eth0: jumbo features [frames: 9200 bytes, tx checksumming: ko]
Jul  2 09:46:54 techo2-PC kernel: [    2.046391] r8169 0000:02:00.0 enp2s0: renamed from eth0
Jul  2 09:46:54 techo2-PC kernel: [    2.062419] pci 0000:00:00.0: Intel G45/G43 Chipset
Jul  2 09:46:54 techo2-PC kernel: [    2.062433] pci 0000:00:00.0: detected gtt size: 2097152K total, 262144K mappable
Jul  2 09:46:54 techo2-PC kernel: [    2.063031] pci 0000:00:00.0: detected 131072K stolen memory
Jul  2 09:46:54 techo2-PC kernel: [    2.063178] [drm] Memory usable by graphics device = 2048M
Jul  2 09:46:54 techo2-PC kernel: [    2.063181] checking generic (d0000000 300000) vs hw (d0000000 10000000)
Jul  2 09:46:54 techo2-PC kernel: [    2.063182] fb: switching to inteldrmfb from VESA VGA
Jul  2 09:46:54 techo2-PC kernel: [    2.063213] Console: switching to colour dummy device 80x25
Jul  2 09:46:54 techo2-PC kernel: [    2.063326] [drm] Replacing VGA console driver
Jul  2 09:46:54 techo2-PC kernel: [    2.069440] [drm] Supports vblank timestamp caching Rev 2 (21.10.2013).
Jul  2 09:46:54 techo2-PC kernel: [    2.069442] [drm] Driver supports precise vblank timestamp query.
Jul  2 09:46:54 techo2-PC kernel: [    2.069987] i915 0000:00:02.0: vgaarb: changed VGA decodes: olddecodes=io+mem,decodes=io+mem:owns=io+mem
Jul  2 09:46:54 techo2-PC kernel: [    2.075754] [drm] RC6 disabled, disabling runtime PM support
Jul  2 09:46:54 techo2-PC kernel: [    2.075891] [drm] Initialized i915 1.6.0 20170619 for 0000:00:02.0 on minor 0
Jul  2 09:46:54 techo2-PC kernel: [    2.170293] fbcon: inteldrmfb (fb0) is primary device
Jul  2 09:46:54 techo2-PC kernel: [    2.170356] Console: switching to colour frame buffer device 180x56
Jul  2 09:46:54 techo2-PC kernel: [    2.170386] i915 0000:00:02.0: fb0: inteldrmfb frame buffer device
Jul  2 09:46:54 techo2-PC kernel: [    3.198699] input: ImPS/2 Logitech Wheel Mouse as /devices/platform/i8042/serio1/input/input4
Jul  2 09:46:54 techo2-PC kernel: [    5.084070] floppy0: no floppy controllers found
Jul  2 09:46:54 techo2-PC kernel: [    5.308212] EXT4-fs (sda1): mounted filesystem with ordered data mode. Opts: (null)
Jul  2 09:46:54 techo2-PC kernel: [    6.754511] random: crng init done
Jul  2 09:46:54 techo2-PC kernel: [    9.542519] lp: driver loaded but no devices found
Jul  2 09:46:54 techo2-PC kernel: [    9.658799] ppdev: user-space parallel port driver
Jul  2 09:46:54 techo2-PC kernel: [    9.669009] parport_pc 00:04: reported by Plug and Play ACPI
Jul  2 09:46:54 techo2-PC kernel: [    9.669066] parport0: PC-style at 0x378 (0x778), irq 7, dma 3 [PCSPP,TRISTATE,COMPAT,EPP,ECP,DMA]
Jul  2 09:46:54 techo2-PC kernel: [    9.768178] lp0: using parport0 (interrupt-driven).
Jul  2 09:46:54 techo2-PC kernel: [   10.025510] EXT4-fs (sda1): re-mounted. Opts: errors=remount-ro
Jul  2 09:46:54 techo2-PC kernel: [   11.476905] shpchp: Standard Hot Plug PCI Controller Driver version: 0.4
Jul  2 09:46:54 techo2-PC kernel: [   11.528573] Floppy drive(s): fd0 is 1.44M
Jul  2 09:46:54 techo2-PC kernel: [   11.864723] ACPI Warning: SystemIO range 0x0000000000000828-0x000000000000082F conflicts with OpRegion 0x0000000000000800-0x000000000000084F (\PMRG) (20170531/utaddress-247)
Jul  2 09:46:54 techo2-PC kernel: [   11.864729] ACPI: If an ACPI driver is available for this device, you should use it instead of the native driver
Jul  2 09:46:54 techo2-PC kernel: [   11.864755] lpc_ich: Resource conflict(s) found affecting gpio_ich
Jul  2 09:46:54 techo2-PC kernel: [   12.057734] intel_powerclamp: No package C-state available
Jul  2 09:46:54 techo2-PC kernel: [   12.092377] intel_powerclamp: No package C-state available
Jul  2 09:46:54 techo2-PC kernel: [   14.556065] floppy0: no floppy controllers found
Jul  2 09:46:54 techo2-PC kernel: [   14.874826] snd_hda_codec_realtek hdaudioC0D0: autoconfig for ALC888: line_outs=1 (0x14/0x0/0x0/0x0/0x0) type:line
Jul  2 09:46:54 techo2-PC kernel: [   14.874829] snd_hda_codec_realtek hdaudioC0D0:    speaker_outs=1 (0x15/0x0/0x0/0x0/0x0)
Jul  2 09:46:54 techo2-PC kernel: [   14.874831] snd_hda_codec_realtek hdaudioC0D0:    hp_outs=1 (0x1b/0x0/0x0/0x0/0x0)
Jul  2 09:46:54 techo2-PC kernel: [   14.874832] snd_hda_codec_realtek hdaudioC0D0:    mono: mono_out=0x0
Jul  2 09:46:54 techo2-PC kernel: [   14.874833] snd_hda_codec_realtek hdaudioC0D0:    inputs:
Jul  2 09:46:54 techo2-PC kernel: [   14.874835] snd_hda_codec_realtek hdaudioC0D0:      Front Mic=0x19
Jul  2 09:46:54 techo2-PC kernel: [   14.874837] snd_hda_codec_realtek hdaudioC0D0:      Rear Mic=0x18
Jul  2 09:46:54 techo2-PC kernel: [   14.874839] snd_hda_codec_realtek hdaudioC0D0:      Line=0x1a
Jul  2 09:46:54 techo2-PC kernel: [   14.887085] input: HDA Intel Front Mic as /devices/pci0000:00/0000:00:1b.0/sound/card0/input5
Jul  2 09:46:54 techo2-PC kernel: [   14.887144] input: HDA Intel Rear Mic as /devices/pci0000:00/0000:00:1b.0/sound/card0/input6
Jul  2 09:46:54 techo2-PC kernel: [   14.887199] input: HDA Intel Line as /devices/pci0000:00/0000:00:1b.0/sound/card0/input7
Jul  2 09:46:54 techo2-PC kernel: [   14.887252] input: HDA Intel Line Out as /devices/pci0000:00/0000:00:1b.0/sound/card0/input8
Jul  2 09:46:54 techo2-PC kernel: [   14.887303] input: HDA Intel Front Headphone as /devices/pci0000:00/0000:00:1b.0/sound/card0/input9
Jul  2 09:46:54 techo2-PC kernel: [   15.023170] gpio_ich: GPIO from 451 to 511 on gpio_ich
Jul  2 09:46:54 techo2-PC kernel: [   17.462259] audit: type=1400 audit(1562041011.876:2): apparmor="STATUS" operation="profile_load" profile="unconfined" name="/sbin/dhclient" pid=561 comm="apparmor_parser"
Jul  2 09:46:54 techo2-PC kernel: [   17.462263] audit: type=1400 audit(1562041011.876:3): apparmor="STATUS" operation="profile_load" profile="unconfined" name="/usr/lib/NetworkManager/nm-dhcp-client.action" pid=561 comm="apparmor_parser"
Jul  2 09:46:54 techo2-PC kernel: [   17.462265] audit: type=1400 audit(1562041011.876:4): apparmor="STATUS" operation="profile_load" profile="unconfined" name="/usr/lib/NetworkManager/nm-dhcp-helper" pid=561 comm="apparmor_parser"
Jul  2 09:46:54 techo2-PC kernel: [   17.462267] audit: type=1400 audit(1562041011.876:5): apparmor="STATUS" operation="profile_load" profile="unconfined" name="/usr/lib/connman/scripts/dhclient-script" pid=561 comm="apparmor_parser"
Jul  2 09:46:54 techo2-PC kernel: [   17.912913] audit: type=1400 audit(1562041012.327:6): apparmor="STATUS" operation="profile_load" profile="unconfined" name="/usr/lib/lightdm/lightdm-guest-session" pid=560 comm="apparmor_parser"
Jul  2 09:46:54 techo2-PC kernel: [   17.912916] audit: type=1400 audit(1562041012.327:7): apparmor="STATUS" operation="profile_load" profile="unconfined" name="/usr/lib/lightdm/lightdm-guest-session//chromium" pid=560 comm="apparmor_parser"
Jul  2 09:46:54 techo2-PC kernel: [   17.973938] Adding 4059132k swap on /dev/sda5.  Priority:-1 extents:1 across:4059132k FS
Jul  2 09:46:54 techo2-PC kernel: [   18.057449] audit: type=1400 audit(1562041012.471:8): apparmor="STATUS" operation="profile_load" profile="unconfined" name="webbrowser-app" pid=577 comm="apparmor_parser"
Jul  2 09:46:54 techo2-PC kernel: [   18.057453] audit: type=1400 audit(1562041012.471:9): apparmor="STATUS" operation="profile_load" profile="unconfined" name="webbrowser-app//oxide_helper" pid=577 comm="apparmor_parser"
Jul  2 09:46:54 techo2-PC kernel: [   18.233675] audit: type=1400 audit(1562041012.647:10): apparmor="STATUS" operation="profile_load" profile="unconfined" name="/usr/lib/snapd/snap-confine" pid=579 comm="apparmor_parser"
Jul  2 09:46:54 techo2-PC kernel: [   18.233678] audit: type=1400 audit(1562041012.647:11): apparmor="STATUS" operation="profile_load" profile="unconfined" name="/usr/lib/snapd/snap-confine//mount-namespace-capture-helper" pid=579 comm="apparmor_parser"
Jul  2 09:47:02 techo2-PC NetworkManager[664]: <info>  [1562041022.1624] NetworkManager (version 1.2.6) is starting...
Jul  2 09:47:02 techo2-PC NetworkManager[664]: <info>  [1562041022.2083] Read config: /etc/NetworkManager/NetworkManager.conf (etc: default-wifi-powersave-on.conf)
Jul  2 09:47:02 techo2-PC NetworkManager[664]: <info>  [1562041022.2864] manager[0x254f200]: monitoring kernel firmware directory '/lib/firmware'.
Jul  2 09:47:02 techo2-PC NetworkManager[664]: <info>  [1562041022.2865] monitoring ifupdown state file '/run/network/ifstate'.
Jul  2 09:47:02 techo2-PC NetworkManager[664]: <info>  [1562041022.3662] dns-mgr[0x2548950]: init: dns=dnsmasq, rc-manager=resolvconf, plugin=dnsmasq
Jul  2 09:47:02 techo2-PC NetworkManager[664]: <info>  [1562041022.6970] init!
Jul  2 09:47:02 techo2-PC NetworkManager[664]: <info>  [1562041022.6972] management mode: unmanaged
Jul  2 09:47:02 techo2-PC NetworkManager[664]: <info>  [1562041022.6976] devices added (path: /sys/devices/pci0000:00/0000:00:1c.1/0000:02:00.0/net/enp2s0, iface: enp2s0)
Jul  2 09:47:02 techo2-PC NetworkManager[664]: <info>  [1562041022.6977] device added (path: /sys/devices/pci0000:00/0000:00:1c.1/0000:02:00.0/net/enp2s0, iface: enp2s0): no ifupdown configuration found.
Jul  2 09:47:02 techo2-PC NetworkManager[664]: <info>  [1562041022.6977] devices added (path: /sys/devices/virtual/net/lo, iface: lo)
Jul  2 09:47:02 techo2-PC NetworkManager[664]: <info>  [1562041022.6977] device added (path: /sys/devices/virtual/net/lo, iface: lo): no ifupdown configuration found.
Jul  2 09:47:02 techo2-PC NetworkManager[664]: <info>  [1562041022.6977] end _init.
Jul  2 09:47:02 techo2-PC NetworkManager[664]: <info>  [1562041022.6978] settings: loaded plugin ifupdown: (C) 2008 Canonical Ltd.  To report bugs please use the NetworkManager mailing list. (/usr/lib/x86_64-linux-gnu/NetworkManager/libnm-settings-plugin-ifupdown.so)
Jul  2 09:47:02 techo2-PC NetworkManager[664]: <info>  [1562041022.6979] settings: loaded plugin keyfile: (c) 2007 - 2015 Red Hat, Inc.  To report bugs please use the NetworkManager mailing list.
Jul  2 09:47:02 techo2-PC NetworkManager[664]: <info>  [1562041022.7012] SettingsPlugin-Ofono: init!
Jul  2 09:47:02 techo2-PC NetworkManager[664]: <warn>  [1562041022.7012] SettingsPlugin-Ofono: file doesn't exist: /var/lib/ofono
Jul  2 09:47:02 techo2-PC NetworkManager[664]: <info>  [1562041022.7012] SettingsPlugin-Ofono: end _init.
Jul  2 09:47:02 techo2-PC NetworkManager[664]: <info>  [1562041022.7013] settings: loaded plugin ofono: (C) 2013-2016 Canonical Ltd.  To report bugs please use the NetworkManager mailing list. (/usr/lib/x86_64-linux-gnu/NetworkManager/libnm-settings-plugin-ofono.so)
Jul  2 09:47:02 techo2-PC NetworkManager[664]: <info>  [1562041022.7013] (39242656) ... get_connections.
Jul  2 09:47:02 techo2-PC NetworkManager[664]: <info>  [1562041022.7013] (39242656) ... get_connections (managed=false): return empty list.
Jul  2 09:47:02 techo2-PC NetworkManager[664]: <info>  [1562041022.7496] keyfile: new connection /etc/NetworkManager/system-connections/Wired connection 1 (4245a977-20ce-3117-95fe-5be0f364b288,"Wired connection 1")
Jul  2 09:47:03 techo2-PC NetworkManager[664]: <info>  [1562041023.1166] SettingsPlugin-Ofono: (39242880) ... get_connections.
Jul  2 09:47:03 techo2-PC NetworkManager[664]: <info>  [1562041023.1166] SettingsPlugin-Ofono: (39242880) connections count: 0
Jul  2 09:47:03 techo2-PC NetworkManager[664]: <info>  [1562041023.1167] get unmanaged devices count: 0
Jul  2 09:47:03 techo2-PC NetworkManager[664]: <info>  [1562041023.4600] settings: hostname: using hostnamed
Jul  2 09:47:03 techo2-PC NetworkManager[664]: <info>  [1562041023.4600] settings: hostname changed from (none) to "techo2-PC"
Jul  2 09:47:03 techo2-PC NetworkManager[664]: <info>  [1562041023.4603] Using DHCP client 'dhclient'
Jul  2 09:47:03 techo2-PC NetworkManager[664]: <info>  [1562041023.4603] manager: WiFi enabled by radio killswitch; enabled by state file
Jul  2 09:47:03 techo2-PC NetworkManager[664]: <info>  [1562041023.4603] manager: WWAN enabled by radio killswitch; enabled by state file
Jul  2 09:47:03 techo2-PC NetworkManager[664]: <info>  [1562041023.4603] manager: Networking is enabled by state file
Jul  2 09:47:03 techo2-PC NetworkManager[664]: <info>  [1562041023.4604] Loaded device plugin: NMVxlanFactory (internal)
Jul  2 09:47:03 techo2-PC NetworkManager[664]: <info>  [1562041023.4604] Loaded device plugin: NMVlanFactory (internal)
Jul  2 09:47:03 techo2-PC NetworkManager[664]: <info>  [1562041023.4605] Loaded device plugin: NMVethFactory (internal)
Jul  2 09:47:03 techo2-PC NetworkManager[664]: <info>  [1562041023.4605] Loaded device plugin: NMTunFactory (internal)
Jul  2 09:47:03 techo2-PC NetworkManager[664]: <info>  [1562041023.4605] Loaded device plugin: NMMacvlanFactory (internal)
Jul  2 09:47:03 techo2-PC NetworkManager[664]: <info>  [1562041023.4605] Loaded device plugin: NMIPTunnelFactory (internal)
Jul  2 09:47:03 techo2-PC NetworkManager[664]: <info>  [1562041023.4606] Loaded device plugin: NMInfinibandFactory (internal)
Jul  2 09:47:03 techo2-PC NetworkManager[664]: <info>  [1562041023.4606] Loaded device plugin: NMEthernetFactory (internal)
Jul  2 09:47:03 techo2-PC NetworkManager[664]: <info>  [1562041023.4606] Loaded device plugin: NMBridgeFactory (internal)
Jul  2 09:47:03 techo2-PC NetworkManager[664]: <info>  [1562041023.4607] Loaded device plugin: NMBondFactory (internal)
Jul  2 09:47:03 techo2-PC NetworkManager[664]: <info>  [1562041023.7795] Loaded device plugin: NMAtmManager (/usr/lib/x86_64-linux-gnu/NetworkManager/libnm-device-plugin-adsl.so)
Jul  2 09:47:04 techo2-PC NetworkManager[664]: <info>  [1562041024.0345] Loaded device plugin: NMWifiFactory (/usr/lib/x86_64-linux-gnu/NetworkManager/libnm-device-plugin-wifi.so)
Jul  2 09:47:04 techo2-PC NetworkManager[664]: <info>  [1562041024.7801] Loaded device plugin: NMWwanFactory (/usr/lib/x86_64-linux-gnu/NetworkManager/libnm-device-plugin-wwan.so)
Jul  2 09:47:05 techo2-PC NetworkManager[664]: <info>  [1562041025.1944] Loaded device plugin: NMBluezManager (/usr/lib/x86_64-linux-gnu/NetworkManager/libnm-device-plugin-bluetooth.so)
Jul  2 09:47:05 techo2-PC NetworkManager[664]: <info>  [1562041025.2559] manager: (enp2s0): new Ethernet device (/org/freedesktop/NetworkManager/Devices/0)
Jul  2 09:47:05 techo2-PC NetworkManager[664]: <info>  [1562041025.2573] device (enp2s0): state change: unmanaged -> unavailable (reason 'managed') [10 20 2]
Jul  2 09:47:05 techo2-PC kernel: [   30.843376] IPv6: ADDRCONF(NETDEV_UP): enp2s0: link is not ready
Jul  2 09:47:05 techo2-PC NetworkManager[664]: nm_device_get_device_type: assertion 'NM_IS_DEVICE (self)' failed
Jul  2 09:47:05 techo2-PC NetworkManager[664]: <info>  [1562041025.4809] device (lo): link connected
Jul  2 09:47:05 techo2-PC NetworkManager[664]: <info>  [1562041025.4815] manager: (lo): new Generic device (/org/freedesktop/NetworkManager/Devices/1)
Jul  2 09:47:05 techo2-PC kernel: [   31.065395] r8169 0000:02:00.0 enp2s0: link down
Jul  2 09:47:05 techo2-PC kernel: [   31.065396] r8169 0000:02:00.0 enp2s0: link down
Jul  2 09:47:05 techo2-PC kernel: [   31.065442] IPv6: ADDRCONF(NETDEV_UP): enp2s0: link is not ready
Jul  2 09:47:05 techo2-PC NetworkManager[664]: <info>  [1562041025.6778] urfkill disappeared from the bus
Jul  2 09:47:05 techo2-PC NetworkManager[664]: <info>  [1562041025.7990] ofono is now available
Jul  2 09:47:05 techo2-PC NetworkManager[664]: <warn>  [1562041025.7997] failed to enumerate oFono devices: GDBus.Error:org.freedesktop.DBus.Error.ServiceUnknown: The name org.ofono was not provided by any .service files
Jul  2 09:47:05 techo2-PC kernel: [   31.468129] kauditd_printk_skb: 14 callbacks suppressed
Jul  2 09:47:05 techo2-PC kernel: [   31.468130] audit: type=1400 audit(1562041025.882:26): apparmor="DENIED" operation="open" profile="/usr/sbin/mysqld" name="/proc/807/status" pid=807 comm="mysqld" requested_mask="r" denied_mask="r" fsuid=122 ouid=122
Jul  2 09:47:05 techo2-PC kernel: [   31.468134] audit: type=1400 audit(1562041025.882:27): apparmor="DENIED" operation="open" profile="/usr/sbin/mysqld" name="/sys/devices/system/node/" pid=807 comm="mysqld" requested_mask="r" denied_mask="r" fsuid=122 ouid=0
Jul  2 09:47:05 techo2-PC kernel: [   31.468198] audit: type=1400 audit(1562041025.882:28): apparmor="DENIED" operation="open" profile="/usr/sbin/mysqld" name="/proc/807/status" pid=807 comm="mysqld" requested_mask="r" denied_mask="r" fsuid=122 ouid=122
Jul  2 09:47:07 techo2-PC NetworkManager[664]: <info>  [1562041027.9291] device (enp2s0): link connected
Jul  2 09:47:07 techo2-PC NetworkManager[664]: <info>  [1562041027.9302] device (enp2s0): state change: unavailable -> disconnected (reason 'carrier-changed') [20 30 40]
Jul  2 09:47:07 techo2-PC NetworkManager[664]: <info>  [1562041027.9308] policy: auto-activating connection 'Wired connection 1'
Jul  2 09:47:07 techo2-PC kernel: [   33.514567] r8169 0000:02:00.0 enp2s0: link up
Jul  2 09:47:07 techo2-PC kernel: [   33.514579] IPv6: ADDRCONF(NETDEV_CHANGE): enp2s0: link becomes ready
Jul  2 09:47:07 techo2-PC NetworkManager[664]: <info>  [1562041027.9318] device (enp2s0): Activation: starting connection 'Wired connection 1' (4245a977-20ce-3117-95fe-5be0f364b288)
Jul  2 09:47:07 techo2-PC NetworkManager[664]: <info>  [1562041027.9320] device (enp2s0): state change: disconnected -> prepare (reason 'none') [30 40 0]
Jul  2 09:47:07 techo2-PC NetworkManager[664]: <info>  [1562041027.9321] manager: NetworkManager state is now CONNECTING
Jul  2 09:47:07 techo2-PC NetworkManager[664]: <info>  [1562041027.9325] device (enp2s0): state change: prepare -> config (reason 'none') [40 50 0]
Jul  2 09:47:07 techo2-PC NetworkManager[664]: <info>  [1562041027.9328] device (enp2s0): state change: config -> ip-config (reason 'none') [50 70 0]
Jul  2 09:47:08 techo2-PC NetworkManager[664]: <info>  [1562041028.2767] device (enp2s0): state change: ip-config -> ip-check (reason 'none') [70 80 0]
Jul  2 09:47:08 techo2-PC NetworkManager[664]: <info>  [1562041028.2780] device (enp2s0): state change: ip-check -> secondaries (reason 'none') [80 90 0]
Jul  2 09:47:08 techo2-PC NetworkManager[664]: <info>  [1562041028.2783] device (enp2s0): state change: secondaries -> activated (reason 'none') [90 100 0]
Jul  2 09:47:08 techo2-PC NetworkManager[664]: <info>  [1562041028.2784] manager: NetworkManager state is now CONNECTED_LOCAL
Jul  2 09:47:08 techo2-PC NetworkManager[664]: <info>  [1562041028.4703] manager: NetworkManager state is now CONNECTED_GLOBAL
Jul  2 09:47:08 techo2-PC NetworkManager[664]: <info>  [1562041028.4709] policy: set 'Wired connection 1' (enp2s0) as default for IPv4 routing and DNS
Jul  2 09:47:08 techo2-PC NetworkManager[664]: <info>  [1562041028.4711] dns-plugin[0x25618e0]: starting dnsmasq...
Jul  2 09:47:09 techo2-PC NetworkManager[664]: <info>  [1562041029.8247] dns-mgr: Writing DNS information to /sbin/resolvconf
Jul  2 09:47:12 techo2-PC NetworkManager[664]: <info>  [1562041032.2204] device (enp2s0): Activation: successful, device activated.
Jul  2 09:47:12 techo2-PC NetworkManager[664]: <info>  [1562041032.2299] dnsmasq[0x25618e0]: dnsmasq appeared as :1.17
Jul  2 09:47:12 techo2-PC NetworkManager[664]: <info>  [1562041032.4146] manager: WiFi hardware radio set enabled
Jul  2 09:47:12 techo2-PC NetworkManager[664]: <info>  [1562041032.4147] manager: WWAN hardware radio set enabled
Jul  2 09:47:13 techo2-PC NetworkManager[664]: <info>  [1562041033.4158] manager: startup complete
Jul  2 09:47:47 techo2-PC gnome-session-binary[1877]: Entering running state
Jul  2 09:49:59 techo2-PC kernel: [  204.527264] perf: interrupt took too long (2501 > 2500), lowering kernel.perf_event_max_sample_rate to 79750
Jul  2 09:52:02 techo2-PC kernel: [  327.835040] perf: interrupt took too long (3127 > 3126), lowering kernel.perf_event_max_sample_rate to 63750
Jul  2 09:58:49 techo2-PC kernel: [  734.325724] perf: interrupt took too long (3942 > 3908), lowering kernel.perf_event_max_sample_rate to 50500
Jul  2 12:44:15 techo2-PC kernel: [10659.980222] ip_tables: (C) 2000-2006 Netfilter Core Team
Jul  2 12:44:15 techo2-PC kernel: [10660.376902] nf_conntrack version 0.5.0 (16384 buckets, 65536 max)
Jul  2 12:44:15 techo2-PC kernel: [10660.497016] ip6_tables: (C) 2000-2006 Netfilter Core Team
Jul  2 12:44:17 techo2-PC kernel: [10662.560733] [UFW BLOCK] IN=enp2s0 OUT= MAC=6c:62:6d:b2:b4:4d:50:3e:aa:a8:3e:eb:08:00 SRC=172.217.163.174 DST=10.10.73.82 LEN=70 TOS=0x00 PREC=0x00 TTL=52 ID=0 DF PROTO=UDP SPT=443 DPT=47141 LEN=50 
Jul  2 12:44:17 techo2-PC kernel: [10662.734699] [UFW BLOCK] IN=enp2s0 OUT= MAC=6c:62:6d:b2:b4:4d:50:3e:aa:a8:3e:eb:08:00 SRC=172.217.163.174 DST=10.10.73.82 LEN=70 TOS=0x00 PREC=0x00 TTL=52 ID=0 DF PROTO=UDP SPT=443 DPT=47141 LEN=50 
Jul  2 12:44:17 techo2-PC kernel: [10662.832907] [UFW BLOCK] IN=enp2s0 OUT= MAC=6c:62:6d:b2:b4:4d:50:3e:aa:a8:3e:eb:08:00 SRC=172.217.163.174 DST=10.10.73.82 LEN=70 TOS=0x00 PREC=0x00 TTL=52 ID=0 DF PROTO=UDP SPT=443 DPT=47141 LEN=50 
Jul  2 12:44:17 techo2-PC kernel: [10663.033297] [UFW BLOCK] IN=enp2s0 OUT= MAC=6c:62:6d:b2:b4:4d:50:3e:aa:a8:3e:eb:08:00 SRC=172.217.163.174 DST=10.10.73.82 LEN=70 TOS=0x00 PREC=0x00 TTL=52 ID=0 DF PROTO=UDP SPT=443 DPT=47141 LEN=50 
Jul  2 12:44:18 techo2-PC kernel: [10663.433597] [UFW BLOCK] IN=enp2s0 OUT= MAC=6c:62:6d:b2:b4:4d:50:3e:aa:a8:3e:eb:08:00 SRC=172.217.163.174 DST=10.10.73.82 LEN=70 TOS=0x00 PREC=0x00 TTL=52 ID=0 DF PROTO=UDP SPT=443 DPT=47141 LEN=50 
Jul  2 12:44:19 techo2-PC kernel: [10664.233589] [UFW BLOCK] IN=enp2s0 OUT= MAC=6c:62:6d:b2:b4:4d:50:3e:aa:a8:3e:eb:08:00 SRC=172.217.163.174 DST=10.10.73.82 LEN=70 TOS=0x00 PREC=0x00 TTL=52 ID=0 DF PROTO=UDP SPT=443 DPT=47141 LEN=50 
Jul  2 12:44:19 techo2-PC kernel: [10664.409052] nf_conntrack: default automatic helper assignment has been turned off for security reasons and CT-based  firewall rule not found. Use the iptables CT target to attach helpers instead.
Jul  2 12:44:28 techo2-PC kernel: [10673.375561] [UFW BLOCK] IN=enp2s0 OUT= MAC=6c:62:6d:b2:b4:4d:50:3e:aa:a8:3e:eb:08:00 SRC=35.170.0.145 DST=10.10.73.82 LEN=84 TOS=0x00 PREC=0x00 TTL=237 ID=61462 DF PROTO=TCP SPT=443 DPT=32792 WINDOW=438 RES=0x00 ACK PSH URGP=0 
Jul  2 12:44:28 techo2-PC kernel: [10673.788102] [UFW BLOCK] IN=enp2s0 OUT= MAC=6c:62:6d:b2:b4:4d:50:3e:aa:a8:3e:eb:08:00 SRC=35.170.0.145 DST=10.10.73.82 LEN=84 TOS=0x00 PREC=0x00 TTL=237 ID=61463 DF PROTO=TCP SPT=443 DPT=32792 WINDOW=438 RES=0x00 ACK PSH URGP=0 
Jul  2 12:44:29 techo2-PC kernel: [10674.204045] [UFW BLOCK] IN=enp2s0 OUT= MAC=6c:62:6d:b2:b4:4d:50:3e:aa:a8:3e:eb:08:00 SRC=35.170.0.145 DST=10.10.73.82 LEN=84 TOS=0x00 PREC=0x00 TTL=237 ID=61464 DF PROTO=TCP SPT=443 DPT=32792 WINDOW=438 RES=0x00 ACK PSH URGP=0 
Jul  2 12:44:29 techo2-PC kernel: [10675.036093] [UFW BLOCK] IN=enp2s0 OUT= MAC=6c:62:6d:b2:b4:4d:50:3e:aa:a8:3e:eb:08:00 SRC=35.170.0.145 DST=10.10.73.82 LEN=84 TOS=0x00 PREC=0x00 TTL=237 ID=61465 DF PROTO=TCP SPT=443 DPT=32792 WINDOW=438 RES=0x00 ACK PSH URGP=0 
Jul  2 12:44:31 techo2-PC kernel: [10676.700080] [UFW BLOCK] IN=enp2s0 OUT= MAC=6c:62:6d:b2:b4:4d:50:3e:aa:a8:3e:eb:08:00 SRC=35.170.0.145 DST=10.10.73.82 LEN=84 TOS=0x00 PREC=0x00 TTL=237 ID=61466 DF PROTO=TCP SPT=443 DPT=32792 WINDOW=438 RES=0x00 ACK PSH URGP=0 
Jul  2 12:44:35 techo2-PC kernel: [10680.220077] [UFW BLOCK] IN=enp2s0 OUT= MAC=6c:62:6d:b2:b4:4d:50:3e:aa:a8:3e:eb:08:00 SRC=35.170.0.145 DST=10.10.73.82 LEN=84 TOS=0x00 PREC=0x00 TTL=237 ID=61467 DF PROTO=TCP SPT=443 DPT=32792 WINDOW=438 RES=0x00 ACK PSH URGP=0 
Jul  2 12:44:41 techo2-PC kernel: [10686.880073] [UFW BLOCK] IN=enp2s0 OUT= MAC=6c:62:6d:b2:b4:4d:50:3e:aa:a8:3e:eb:08:00 SRC=35.170.0.145 DST=10.10.73.82 LEN=84 TOS=0x00 PREC=0x00 TTL=237 ID=61468 DF PROTO=TCP SPT=443 DPT=32792 WINDOW=438 RES=0x00 ACK PSH URGP=0 
Jul  2 14:10:09 techo2-PC NetworkManager[664]: <info>  [1562056809.0990] manager: disable requested (sleeping: no  enabled: yes)
Jul  2 14:10:09 techo2-PC NetworkManager[664]: <info>  [1562056809.0993] manager: disabling...
Jul  2 14:10:09 techo2-PC NetworkManager[664]: <info>  [1562056809.1554] manager: NetworkManager state is now ASLEEP
Jul  2 14:10:09 techo2-PC NetworkManager[664]: <info>  [1562056809.2165] audit: op="networking-control" arg="off" pid=2065 uid=1000 result="success"
