Jul  9 09:58:11 techo2-PC anacron[770]: Job `cron.daily' terminated
Jul  9 09:58:11 techo2-PC anacron[770]: Normal exit (1 job run)
Jul  9 10:04:03 techo2-PC systemd[1]: Started Daily apt download activities.
Jul  9 10:04:03 techo2-PC systemd[1]: Starting Daily apt upgrade and clean activities...
Jul  9 10:06:42 techo2-PC systemd[1]: Starting Cleanup of Temporary Directories...
Jul  9 10:06:42 techo2-PC systemd-tmpfiles[4141]: [/usr/lib/tmpfiles.d/var.conf:14] Duplicate line for path "/var/log", ignoring.
Jul  9 10:06:42 techo2-PC systemd[1]: Started Cleanup of Temporary Directories.
Jul  9 10:08:46 techo2-PC kernel: [ 1025.185171] perf: interrupt took too long (3919 > 3910), lowering kernel.perf_event_max_sample_rate to 51000
Jul  9 10:09:00 techo2-PC systemd[1]: Starting Clean php session files...
Jul  9 10:09:02 techo2-PC CRON[4267]: (root) CMD (  [ -x /usr/lib/php/sessionclean ] && if [ ! -d /run/systemd/system ]; then /usr/lib/php/sessionclean; fi)
Jul  9 10:09:02 techo2-PC systemd[1]: Started Clean php session files.
Jul  9 10:15:37 techo2-PC AptDaemon.Worker: INFO: Updating cache
Jul  9 10:15:37 techo2-PC org.debian.apt[747]: 10:15:37 AptDaemon.Worker [INFO]: Updating cache
Jul  9 10:15:42 techo2-PC AptDaemon.Worker: INFO: Finished transaction /org/debian/apt/transaction/63ebb6dbf90d4c11acf6b370f52777aa
Jul  9 10:15:42 techo2-PC org.debian.apt[747]: 10:15:42 AptDaemon.Worker [INFO]: Finished transaction /org/debian/apt/transaction/63ebb6dbf90d4c11acf6b370f52777aa
Jul  9 10:15:53 techo2-PC systemd[1]: Started Daily apt upgrade and clean activities.
Jul  9 10:15:53 techo2-PC systemd[1]: Startup finished in 6.325s (kernel) + 24min 5.750s (userspace) = 24min 12.075s.
Jul  9 10:17:01 techo2-PC CRON[4994]: (root) CMD (   cd / && run-parts --report /etc/cron.hourly)
Jul  9 10:18:00 techo2-PC gnome-session[2074]: /usr/bin/update-manager:28: PyGIWarning: Gtk was imported without specifying a version first. Use gi.require_version('Gtk', '3.0') before import to ensure that the right version gets loaded.
Jul  9 10:18:00 techo2-PC gnome-session[2074]:   from gi.repository import Gtk
Jul  9 10:18:00 techo2-PC gnome-session[2074]: /usr/lib/python3/dist-packages/UpdateManager/UnitySupport.py:29: PyGIWarning: Dbusmenu was imported without specifying a version first. Use gi.require_version('Dbusmenu', '0.4') before import to ensure that the right version gets loaded.
Jul  9 10:18:00 techo2-PC gnome-session[2074]:   from gi.repository import Dbusmenu, Unity
Jul  9 10:18:00 techo2-PC gnome-session[2074]: /usr/lib/python3/dist-packages/UpdateManager/UnitySupport.py:29: PyGIWarning: Unity was imported without specifying a version first. Use gi.require_version('Unity', '7.0') before import to ensure that the right version gets loaded.
Jul  9 10:18:00 techo2-PC gnome-session[2074]:   from gi.repository import Dbusmenu, Unity
Jul  9 10:18:00 techo2-PC gnome-session[2074]: WARNING:root:Error loading .desktop file /usr/share/app-install/desktop/imagemagick-6.q16:display-im6.q16.desktop: constructor returned NULL
Jul  9 10:18:01 techo2-PC gnome-session[2074]: WARNING:root:Error loading .desktop file /usr/share/applications/vim.desktop: constructor returned NULL
Jul  9 10:18:01 techo2-PC gnome-session[2074]: WARNING:root:Error loading .desktop file /usr/share/app-install/desktop/vim-common:vim.desktop: constructor returned NULL
Jul  9 10:18:09 techo2-PC gnome-session[2074]: (update-manager:5016): GLib-CRITICAL **: g_hash_table_destroy: assertion 'hash_table != NULL' failed
Jul  9 10:18:09 techo2-PC gnome-session[2074]: (update-manager:5016): GLib-CRITICAL **: g_hash_table_destroy: assertion 'hash_table != NULL' failed
Jul  9 10:26:06 techo2-PC AptDaemon: INFO: Quitting due to inactivity
Jul  9 10:26:06 techo2-PC AptDaemon: INFO: Quitting was requested
Jul  9 10:26:06 techo2-PC org.debian.apt[747]: 10:26:06 AptDaemon [INFO]: Quitting due to inactivity
Jul  9 10:26:06 techo2-PC org.debian.apt[747]: 10:26:06 AptDaemon [INFO]: Quitting was requested
Jul  9 10:29:04 techo2-PC systemd[1]: Stopping LSB: Apache2 web server...
Jul  9 10:29:05 techo2-PC apache2[5515]:  * Stopping Apache httpd web server apache2
Jul  9 10:29:07 techo2-PC apache2[5515]:  *
Jul  9 10:29:07 techo2-PC systemd[1]: Stopped LSB: Apache2 web server.
Jul  9 10:29:07 techo2-PC systemd[1]: Starting LSB: Apache2 web server...
Jul  9 10:29:07 techo2-PC apache2[5538]:  * Starting Apache httpd web server apache2
Jul  9 10:29:07 techo2-PC apache2[5538]: AH00558: apache2: Could not reliably determine the server's fully qualified domain name, using 127.0.1.1. Set the 'ServerName' directive globally to suppress this message
Jul  9 10:29:08 techo2-PC apache2[5538]:  *
Jul  9 10:29:08 techo2-PC systemd[1]: Started LSB: Apache2 web server.
Jul  9 10:39:00 techo2-PC systemd[1]: Starting Clean php session files...
Jul  9 10:39:00 techo2-PC systemd[1]: Started Clean php session files.
Jul  9 10:39:01 techo2-PC CRON[6067]: (root) CMD (  [ -x /usr/lib/php/sessionclean ] && if [ ! -d /run/systemd/system ]; then /usr/lib/php/sessionclean; fi)
Jul  9 10:52:48 techo2-PC org.gnome.evolution.dataserver.Sources5[1915]: ** (evolution-source-registry:2216): WARNING **: secret_service_search_sync: must specify at least one attribute to match
Jul  9 11:09:00 techo2-PC systemd[1]: Starting Clean php session files...
Jul  9 11:09:00 techo2-PC systemd[1]: Started Clean php session files.
Jul  9 11:09:01 techo2-PC CRON[6831]: (root) CMD (  [ -x /usr/lib/php/sessionclean ] && if [ ! -d /run/systemd/system ]; then /usr/lib/php/sessionclean; fi)
Jul  9 11:17:01 techo2-PC CRON[7109]: (root) CMD (   cd / && run-parts --report /etc/cron.hourly)
Jul  9 11:25:49 techo2-PC systemd[1]: Reloading LSB: Apache2 web server.
Jul  9 11:25:49 techo2-PC apache2[7399]:  * Reloading Apache httpd web server apache2
Jul  9 11:25:49 techo2-PC apache2[7399]:  *
Jul  9 11:25:49 techo2-PC systemd[1]: Reloaded LSB: Apache2 web server.
Jul  9 11:25:53 techo2-PC systemd[1]: Stopping LSB: Apache2 web server...
Jul  9 11:25:53 techo2-PC apache2[7481]:  * Stopping Apache httpd web server apache2
Jul  9 11:25:54 techo2-PC apache2[7481]:  *
Jul  9 11:25:54 techo2-PC systemd[1]: Stopped LSB: Apache2 web server.
Jul  9 11:25:54 techo2-PC systemd[1]: Starting LSB: Apache2 web server...
Jul  9 11:25:55 techo2-PC apache2[7504]:  * Starting Apache httpd web server apache2
Jul  9 11:25:55 techo2-PC apache2[7504]: AH00558: apache2: Could not reliably determine the server's fully qualified domain name, using 127.0.1.1. Set the 'ServerName' directive globally to suppress this message
Jul  9 11:25:56 techo2-PC apache2[7504]:  *
Jul  9 11:25:56 techo2-PC systemd[1]: Started LSB: Apache2 web server.
Jul  9 11:34:04 techo2-PC systemd[1]: Reloading LSB: Apache2 web server.
Jul  9 11:34:04 techo2-PC apache2[7909]:  * Reloading Apache httpd web server apache2
Jul  9 11:34:05 techo2-PC apache2[7909]:  *
Jul  9 11:34:05 techo2-PC systemd[1]: Reloaded LSB: Apache2 web server.
Jul  9 11:34:11 techo2-PC systemd[1]: Stopping LSB: Apache2 web server...
Jul  9 11:34:11 techo2-PC apache2[7988]:  * Stopping Apache httpd web server apache2
Jul  9 11:34:12 techo2-PC apache2[7988]:  *
Jul  9 11:34:12 techo2-PC systemd[1]: Stopped LSB: Apache2 web server.
Jul  9 11:34:12 techo2-PC systemd[1]: Starting LSB: Apache2 web server...
Jul  9 11:34:12 techo2-PC apache2[8011]:  * Starting Apache httpd web server apache2
Jul  9 11:34:12 techo2-PC apache2[8011]: AH00558: apache2: Could not reliably determine the server's fully qualified domain name, using 127.0.1.1. Set the 'ServerName' directive globally to suppress this message
Jul  9 11:34:13 techo2-PC apache2[8011]:  *
Jul  9 11:34:13 techo2-PC systemd[1]: Started LSB: Apache2 web server.
Jul  9 11:39:00 techo2-PC systemd[1]: Starting Clean php session files...
Jul  9 11:39:00 techo2-PC systemd[1]: Started Clean php session files.
Jul  9 11:39:01 techo2-PC CRON[8238]: (root) CMD (  [ -x /usr/lib/php/sessionclean ] && if [ ! -d /run/systemd/system ]; then /usr/lib/php/sessionclean; fi)
Jul  9 12:01:23 techo2-PC dbus[747]: [system] Activating via systemd: service name='org.freedesktop.hostname1' unit='dbus-org.freedesktop.hostname1.service'
Jul  9 12:01:23 techo2-PC systemd[1]: Starting Hostname Service...
Jul  9 12:01:24 techo2-PC dbus[747]: [system] Successfully activated service 'org.freedesktop.hostname1'
Jul  9 12:01:24 techo2-PC systemd[1]: Started Hostname Service.
Jul  9 12:01:25 techo2-PC kernel: [ 7784.198142] [UFW BLOCK] IN=enp2s0 OUT= MAC=6c:62:6d:b2:b4:4d:00:1e:0b:fc:2b:c5:08:00 SRC=10.10.73.50 DST=10.10.73.82 LEN=90 TOS=0x00 PREC=0x00 TTL=128 ID=20111 PROTO=UDP SPT=137 DPT=42244 LEN=70 
Jul  9 12:01:28 techo2-PC kernel: [ 7787.222605] [UFW BLOCK] IN=enp2s0 OUT= MAC=6c:62:6d:b2:b4:4d:00:1e:0b:fc:2b:c5:08:00 SRC=10.10.73.50 DST=10.10.73.82 LEN=90 TOS=0x00 PREC=0x00 TTL=128 ID=20112 PROTO=UDP SPT=137 DPT=57322 LEN=70 
Jul  9 12:01:28 techo2-PC org.gtk.vfs.Daemon[1915]: ** (gvfsd:1980): WARNING **: dbus_mount_reply: Error from org.gtk.vfs.Mountable.mount(): Failed to retrieve share list from server: Connection refused
Jul  9 12:01:28 techo2-PC org.gtk.vfs.Daemon[1915]: ** (process:8695): WARNING **: Couldn't create directory monitor on smb://x-gnome-default-workgroup/. Error: The specified location is not mounted
Jul  9 12:01:31 techo2-PC org.gtk.vfs.Daemon[1915]: ** (gvfsd:1980): WARNING **: dbus_mount_reply: Error from org.gtk.vfs.Mountable.mount(): Failed to retrieve share list from server: Connection refused
Jul  9 12:01:31 techo2-PC org.gtk.vfs.Daemon[1915]: ** (process:8698): WARNING **: Couldn't create directory monitor on smb://x-gnome-default-workgroup/. Error: The specified location is not mounted
Jul  9 12:01:47 techo2-PC gnome-session[2074]: Nautilus-Share-Message: Called "net usershare info" but it failed: Failed to execute child process "net" (No such file or directory)
Jul  9 12:05:22 techo2-PC gnome-session[2074]: message repeated 2 times: [ Nautilus-Share-Message: Called "net usershare info" but it failed: Failed to execute child process "net" (No such file or directory)]
Jul  9 12:09:00 techo2-PC systemd[1]: Starting Clean php session files...
Jul  9 12:09:00 techo2-PC systemd[1]: Started Clean php session files.
Jul  9 12:09:01 techo2-PC CRON[9539]: (root) CMD (  [ -x /usr/lib/php/sessionclean ] && if [ ! -d /run/systemd/system ]; then /usr/lib/php/sessionclean; fi)
Jul  9 12:17:01 techo2-PC CRON[9659]: (root) CMD (   cd / && run-parts --report /etc/cron.hourly)
Jul  9 12:36:04 techo2-PC systemd[1]: Stopping LSB: Apache2 web server...
Jul  9 12:36:04 techo2-PC apache2[10555]:  * Stopping Apache httpd web server apache2
Jul  9 12:36:05 techo2-PC apache2[10555]:  *
Jul  9 12:36:05 techo2-PC systemd[1]: Stopped LSB: Apache2 web server.
Jul  9 12:36:05 techo2-PC systemd[1]: Starting LSB: Apache2 web server...
Jul  9 12:36:05 techo2-PC apache2[10578]:  * Starting Apache httpd web server apache2
Jul  9 12:36:05 techo2-PC apache2[10578]: AH00558: apache2: Could not reliably determine the server's fully qualified domain name, using 127.0.1.1. Set the 'ServerName' directive globally to suppress this message
Jul  9 12:36:06 techo2-PC apache2[10578]:  *
Jul  9 12:36:06 techo2-PC systemd[1]: Started LSB: Apache2 web server.
Jul  9 12:36:29 techo2-PC systemd[1]: Reloading LSB: Apache2 web server.
Jul  9 12:36:29 techo2-PC apache2[10690]:  * Reloading Apache httpd web server apache2
Jul  9 12:36:29 techo2-PC apache2[10690]:  *
Jul  9 12:36:29 techo2-PC systemd[1]: Reloaded LSB: Apache2 web server.
Jul  9 12:36:42 techo2-PC systemd[1]: Reloading LSB: Apache2 web server.
Jul  9 12:36:42 techo2-PC apache2[10799]:  * Reloading Apache httpd web server apache2
Jul  9 12:36:42 techo2-PC apache2[10799]:  *
Jul  9 12:36:42 techo2-PC systemd[1]: Reloaded LSB: Apache2 web server.
Jul  9 12:39:00 techo2-PC systemd[1]: Starting Clean php session files...
Jul  9 12:39:00 techo2-PC systemd[1]: Started Clean php session files.
Jul  9 12:39:01 techo2-PC CRON[11065]: (root) CMD (  [ -x /usr/lib/php/sessionclean ] && if [ ! -d /run/systemd/system ]; then /usr/lib/php/sessionclean; fi)
Jul  9 12:39:09 techo2-PC gnome-session[2074]: Nautilus-Share-Message: Called "net usershare info" but it failed: Failed to execute child process "net" (No such file or directory)
Jul  9 12:41:06 techo2-PC systemd[1]: Reloading LSB: Apache2 web server.
Jul  9 12:41:06 techo2-PC apache2[11334]:  * Reloading Apache httpd web server apache2
Jul  9 12:41:06 techo2-PC apache2[11334]:  *
Jul  9 12:41:06 techo2-PC systemd[1]: Reloaded LSB: Apache2 web server.
Jul  9 12:41:10 techo2-PC systemd[1]: Stopping LSB: Apache2 web server...
Jul  9 12:41:10 techo2-PC apache2[11439]:  * Stopping Apache httpd web server apache2
Jul  9 12:41:11 techo2-PC apache2[11439]:  *
Jul  9 12:41:11 techo2-PC systemd[1]: Stopped LSB: Apache2 web server.
Jul  9 12:41:11 techo2-PC systemd[1]: Starting LSB: Apache2 web server...
Jul  9 12:41:11 techo2-PC apache2[11462]:  * Starting Apache httpd web server apache2
Jul  9 12:41:11 techo2-PC apache2[11462]: AH00558: apache2: Could not reliably determine the server's fully qualified domain name, using 127.0.1.1. Set the 'ServerName' directive globally to suppress this message
Jul  9 12:41:12 techo2-PC apache2[11462]:  *
Jul  9 12:41:12 techo2-PC systemd[1]: Started LSB: Apache2 web server.
Jul  9 12:51:52 techo2-PC pulseaudio[2165]: [pulseaudio] shm.c: shm_open() failed: No such file or directory
Jul  9 12:51:52 techo2-PC pulseaudio[2165]: [pulseaudio] shm.c: shm_open() failed: No such file or directory
Jul  9 13:05:52 techo2-PC gnome-session[2074]: ** (zeitgeist-datahub:2441): WARNING **: zeitgeist-datahub.vala:212: Error during inserting events: GDBus.Error:org.gnome.zeitgeist.EngineError.InvalidArgument: Incomplete event: interpretation, manifestation and actor are required
Jul  9 13:05:52 techo2-PC gnome-session[2074]: ** (zeitgeist-datahub:2441): WARNING **: zeitgeist-datahub.vala:212: Error during inserting events: GDBus.Error:org.gnome.zeitgeist.EngineError.InvalidArgument: Incomplete event: interpretation, manifestation and actor are required
Jul  9 13:09:00 techo2-PC systemd[1]: Starting Clean php session files...
Jul  9 13:09:00 techo2-PC systemd[1]: Started Clean php session files.
Jul  9 13:09:01 techo2-PC CRON[12425]: (root) CMD (  [ -x /usr/lib/php/sessionclean ] && if [ ! -d /run/systemd/system ]; then /usr/lib/php/sessionclean; fi)
Jul  9 13:17:01 techo2-PC CRON[12708]: (root) CMD (   cd / && run-parts --report /etc/cron.hourly)
Jul  9 13:39:00 techo2-PC systemd[1]: Starting Clean php session files...
Jul  9 13:39:02 techo2-PC CRON[13846]: (root) CMD (  [ -x /usr/lib/php/sessionclean ] && if [ ! -d /run/systemd/system ]; then /usr/lib/php/sessionclean; fi)
Jul  9 13:39:03 techo2-PC systemd[1]: Started Clean php session files.
Jul  9 14:09:00 techo2-PC systemd[1]: Starting Clean php session files...
Jul  9 14:09:00 techo2-PC systemd[1]: Started Clean php session files.
Jul  9 14:09:01 techo2-PC CRON[14202]: (root) CMD (  [ -x /usr/lib/php/sessionclean ] && if [ ! -d /run/systemd/system ]; then /usr/lib/php/sessionclean; fi)
Jul  9 14:17:01 techo2-PC CRON[14275]: (root) CMD (   cd / && run-parts --report /etc/cron.hourly)
Jul  9 14:39:00 techo2-PC systemd[1]: Starting Clean php session files...
Jul  9 14:39:00 techo2-PC systemd[1]: Started Clean php session files.
Jul  9 14:39:01 techo2-PC CRON[14493]: (root) CMD (  [ -x /usr/lib/php/sessionclean ] && if [ ! -d /run/systemd/system ]; then /usr/lib/php/sessionclean; fi)
Jul  9 14:44:22 techo2-PC dbus[747]: [system] Activating via systemd: service name='org.freedesktop.hostname1' unit='dbus-org.freedesktop.hostname1.service'
Jul  9 14:44:23 techo2-PC systemd[1]: Starting Hostname Service...
Jul  9 14:44:23 techo2-PC dbus[747]: [system] Successfully activated service 'org.freedesktop.hostname1'
Jul  9 14:44:23 techo2-PC systemd[1]: Started Hostname Service.
Jul  9 14:44:42 techo2-PC gnome-session[2074]: ** (zeitgeist-datahub:2441): WARNING **: zeitgeist-datahub.vala:212: Error during inserting events: GDBus.Error:org.gnome.zeitgeist.EngineError.InvalidArgument: Incomplete event: interpretation, manifestation and actor are required
Jul  9 14:45:31 techo2-PC gnome-session[2074]: message repeated 2 times: [ ** (zeitgeist-datahub:2441): WARNING **: zeitgeist-datahub.vala:212: Error during inserting events: GDBus.Error:org.gnome.zeitgeist.EngineError.InvalidArgument: Incomplete event: interpretation, manifestation and actor are required]
Jul  9 14:45:34 techo2-PC dbus[747]: [system] Activating via systemd: service name='org.freedesktop.hostname1' unit='dbus-org.freedesktop.hostname1.service'
Jul  9 14:45:34 techo2-PC systemd[1]: Starting Hostname Service...
Jul  9 14:45:34 techo2-PC dbus[747]: [system] Successfully activated service 'org.freedesktop.hostname1'
Jul  9 14:45:34 techo2-PC systemd[1]: Started Hostname Service.
Jul  9 14:45:34 techo2-PC org.gtk.vfs.Daemon[1915]: ** (process:2320): WARNING **: send_done_cb: No such interface 'org.gtk.vfs.Enumerator' on object at path /org/gtk/vfs/client/enumerator/5 (g-dbus-error-quark, 19)
Jul  9 14:47:31 techo2-PC gnome-session[2074]: ** (zeitgeist-datahub:2441): WARNING **: zeitgeist-datahub.vala:212: Error during inserting events: GDBus.Error:org.gnome.zeitgeist.EngineError.InvalidArgument: Incomplete event: interpretation, manifestation and actor are required
Jul  9 15:06:34 techo2-PC gnome-session[2074]: ** (zeitgeist-datahub:2441): WARNING **: zeitgeist-datahub.vala:212: Error during inserting events: GDBus.Error:org.gnome.zeitgeist.EngineError.InvalidArgument: Incomplete event: interpretation, manifestation and actor are required
Jul  9 15:09:00 techo2-PC systemd[1]: Starting Clean php session files...
Jul  9 15:09:01 techo2-PC systemd[1]: Started Clean php session files.
Jul  9 15:09:01 techo2-PC CRON[16034]: (root) CMD (  [ -x /usr/lib/php/sessionclean ] && if [ ! -d /run/systemd/system ]; then /usr/lib/php/sessionclean; fi)
Jul  9 15:17:01 techo2-PC CRON[16255]: (root) CMD (   cd / && run-parts --report /etc/cron.hourly)
Jul  9 15:39:00 techo2-PC systemd[1]: Starting Clean php session files...
Jul  9 15:39:00 techo2-PC systemd[1]: Started Clean php session files.
Jul  9 15:39:01 techo2-PC CRON[17259]: (root) CMD (  [ -x /usr/lib/php/sessionclean ] && if [ ! -d /run/systemd/system ]; then /usr/lib/php/sessionclean; fi)
Jul  9 15:43:03 techo2-PC systemd[1]: Stopping LSB: Apache2 web server...
Jul  9 15:43:04 techo2-PC apache2[17629]:  * Stopping Apache httpd web server apache2
Jul  9 15:43:06 techo2-PC apache2[17629]:  *
Jul  9 15:43:06 techo2-PC systemd[1]: Stopped LSB: Apache2 web server.
Jul  9 15:43:06 techo2-PC systemd[1]: Starting LSB: Apache2 web server...
Jul  9 15:43:06 techo2-PC apache2[17654]:  * Starting Apache httpd web server apache2
Jul  9 15:43:06 techo2-PC apache2[17654]: AH00558: apache2: Could not reliably determine the server's fully qualified domain name, using 127.0.1.1. Set the 'ServerName' directive globally to suppress this message
Jul  9 15:43:07 techo2-PC apache2[17654]:  *
Jul  9 15:43:07 techo2-PC systemd[1]: Started LSB: Apache2 web server.
Jul  9 15:44:04 techo2-PC systemd[1]: Reloading LSB: Apache2 web server.
Jul  9 15:44:04 techo2-PC apache2[17924]:  * Reloading Apache httpd web server apache2
Jul  9 15:44:04 techo2-PC apache2[17924]:  *
Jul  9 15:44:04 techo2-PC systemd[1]: Reloaded LSB: Apache2 web server.
Jul  9 15:50:19 techo2-PC com.canonical.Unity.Scope.Applications[1915]: Error loading package indexes: Couldn't stat '/var/cache/software-center/xapian'
Jul  9 15:50:19 techo2-PC com.canonical.Unity.Scope.Applications[1915]: (unity-scope-loader:18389): unity-applications-daemon-CRITICAL **: daemon.vala:144: Failed to load Software Center index. 'Apps Available for Download' will not be listed
Jul  9 16:09:00 techo2-PC systemd[1]: Starting Clean php session files...
Jul  9 16:09:00 techo2-PC systemd[1]: Started Clean php session files.
Jul  9 16:09:01 techo2-PC CRON[19216]: (root) CMD (  [ -x /usr/lib/php/sessionclean ] && if [ ! -d /run/systemd/system ]; then /usr/lib/php/sessionclean; fi)
Jul  9 16:17:01 techo2-PC CRON[19519]: (root) CMD (   cd / && run-parts --report /etc/cron.hourly)
Jul  9 16:24:51 techo2-PC gnome-session[2074]: ** (zeitgeist-datahub:2441): WARNING **: zeitgeist-datahub.vala:212: Error during inserting events: GDBus.Error:org.gnome.zeitgeist.EngineError.InvalidArgument: Incomplete event: interpretation, manifestation and actor are required
Jul  9 16:24:57 techo2-PC org.gnome.Terminal[1915]: <standard input>:72: warning [p 1, 6.7i]: can't break line
Jul  9 16:24:57 techo2-PC org.gnome.Terminal[1915]: ** (yelp:19843): WARNING **: Unexpected final line in man document (systemd 229                                          SYSTEMD-SYSV-GENERATOR(8))
Jul  9 16:28:34 techo2-PC systemd[1]: Stopping LSB: Apache2 web server...
Jul  9 16:28:34 techo2-PC apache2[20286]:  * Stopping Apache httpd web server apache2
Jul  9 16:28:35 techo2-PC apache2[20286]:  *
Jul  9 16:28:35 techo2-PC systemd[1]: Stopped LSB: Apache2 web server.
Jul  9 16:28:35 techo2-PC systemd[1]: Starting LSB: Apache2 web server...
Jul  9 16:28:35 techo2-PC apache2[20308]:  * Starting Apache httpd web server apache2
Jul  9 16:28:35 techo2-PC apache2[20308]: AH00558: apache2: Could not reliably determine the server's fully qualified domain name, using 127.0.1.1. Set the 'ServerName' directive globally to suppress this message
Jul  9 16:28:36 techo2-PC apache2[20308]:  *
Jul  9 16:28:36 techo2-PC systemd[1]: Started LSB: Apache2 web server.
Jul  9 16:28:59 techo2-PC systemd[1]: Stopping LSB: Apache2 web server...
Jul  9 16:28:59 techo2-PC apache2[20543]:  * Stopping Apache httpd web server apache2
Jul  9 16:29:00 techo2-PC apache2[20543]:  *
Jul  9 16:29:00 techo2-PC systemd[1]: Stopped LSB: Apache2 web server.
Jul  9 16:39:00 techo2-PC systemd[1]: Starting Clean php session files...
Jul  9 16:39:00 techo2-PC systemd[1]: Started Clean php session files.
Jul  9 16:39:01 techo2-PC CRON[21016]: (root) CMD (  [ -x /usr/lib/php/sessionclean ] && if [ ! -d /run/systemd/system ]; then /usr/lib/php/sessionclean; fi)
Jul  9 17:09:00 techo2-PC systemd[1]: Starting Clean php session files...
Jul  9 17:09:00 techo2-PC systemd[1]: Started Clean php session files.
Jul  9 17:09:01 techo2-PC CRON[21633]: (root) CMD (  [ -x /usr/lib/php/sessionclean ] && if [ ! -d /run/systemd/system ]; then /usr/lib/php/sessionclean; fi)
Jul  9 17:17:01 techo2-PC CRON[21762]: (root) CMD (   cd / && run-parts --report /etc/cron.hourly)
Jul  9 17:22:04 techo2-PC gnome-session[2074]: Nautilus-Share-Message: Called "net usershare info" but it failed: Failed to execute child process "net" (No such file or directory)
Jul  9 17:22:06 techo2-PC gnome-session[2074]: ** (nautilus:2226): WARNING **: bookmark uri is file:///var/www/mynewsite/htdocs, but expected file:///var/www/mynewsite
Jul  9 17:39:00 techo2-PC systemd[1]: Starting Clean php session files...
Jul  9 17:39:00 techo2-PC systemd[1]: Started Clean php session files.
Jul  9 17:39:01 techo2-PC CRON[22343]: (root) CMD (  [ -x /usr/lib/php/sessionclean ] && if [ ! -d /run/systemd/system ]; then /usr/lib/php/sessionclean; fi)
Jul  9 18:09:00 techo2-PC systemd[1]: Starting Clean php session files...
Jul  9 18:09:00 techo2-PC systemd[1]: Started Clean php session files.
Jul  9 18:09:01 techo2-PC CRON[22858]: (root) CMD (  [ -x /usr/lib/php/sessionclean ] && if [ ! -d /run/systemd/system ]; then /usr/lib/php/sessionclean; fi)
Jul  9 18:17:01 techo2-PC CRON[23120]: (root) CMD (   cd / && run-parts --report /etc/cron.hourly)
Jul  9 18:39:00 techo2-PC systemd[1]: Starting Clean php session files...
Jul  9 18:39:00 techo2-PC systemd[1]: Started Clean php session files.
Jul  9 18:39:01 techo2-PC CRON[23788]: (root) CMD (  [ -x /usr/lib/php/sessionclean ] && if [ ! -d /run/systemd/system ]; then /usr/lib/php/sessionclean; fi)
Jul  9 19:09:01 techo2-PC CRON[24776]: (root) CMD (  [ -x /usr/lib/php/sessionclean ] && if [ ! -d /run/systemd/system ]; then /usr/lib/php/sessionclean; fi)
Jul  9 19:09:20 techo2-PC systemd[1]: Starting Clean php session files...
Jul  9 19:09:20 techo2-PC systemd[1]: Started Clean php session files.
Jul  9 19:10:41 techo2-PC gnome-session[2074]: gnome-session-binary[2074]: GLib-GObject-CRITICAL: g_object_unref: assertion 'G_IS_OBJECT (object)' failed
Jul  9 19:10:41 techo2-PC gnome-session[2074]: gnome-session-binary[2074]: GLib-GObject-CRITICAL: g_object_unref: assertion 'G_IS_OBJECT (object)' failed
Jul  9 19:10:41 techo2-PC gnome-session-binary[2074]: GLib-GObject-CRITICAL: g_object_unref: assertion 'G_IS_OBJECT (object)' failed
Jul  9 19:10:41 techo2-PC gnome-session-binary[2074]: GLib-GObject-CRITICAL: g_object_unref: assertion 'G_IS_OBJECT (object)' failed
Jul  9 19:10:42 techo2-PC gnome-session[2074]: gnome-session-binary[2074]: GLib-GObject-CRITICAL: g_object_unref: assertion 'G_IS_OBJECT (object)' failed
Jul  9 19:10:42 techo2-PC gnome-session-binary[2074]: GLib-GObject-CRITICAL: g_object_unref: assertion 'G_IS_OBJECT (object)' failed
Jul  9 19:10:42 techo2-PC gnome-session[2074]: gnome-session-binary[2074]: GLib-GObject-CRITICAL: g_object_unref: assertion 'G_IS_OBJECT (object)' failed
Jul  9 19:10:42 techo2-PC gnome-session[2074]: gnome-session-binary[2074]: GLib-GObject-CRITICAL: g_object_unref: assertion 'G_IS_OBJECT (object)' failed
Jul  9 19:10:42 techo2-PC gnome-session-binary[2074]: GLib-GObject-CRITICAL: g_object_unref: assertion 'G_IS_OBJECT (object)' failed
Jul  9 19:10:42 techo2-PC gnome-session-binary[2074]: GLib-GObject-CRITICAL: g_object_unref: assertion 'G_IS_OBJECT (object)' failed
Jul  9 19:10:43 techo2-PC gnome-session[2074]: gnome-session-binary[2074]: GLib-GObject-CRITICAL: g_object_unref: assertion 'G_IS_OBJECT (object)' failed
Jul  9 19:10:43 techo2-PC gnome-session-binary[2074]: GLib-GObject-CRITICAL: g_object_unref: assertion 'G_IS_OBJECT (object)' failed
Jul  9 19:10:47 techo2-PC systemd[1]: Stopped Stop ureadahead data collection 45s after completed startup.
Jul  9 19:10:47 techo2-PC systemd[1]: Stopping Save/Restore Sound Card State...
Jul  9 19:10:47 techo2-PC systemd[1]: Stopping Authenticate and Authorize Users to Run Privileged Tasks...
Jul  9 19:10:48 techo2-PC systemd[1]: Stopping Daemon for generating UUIDs...
Jul  9 19:10:48 techo2-PC systemd[1]: Stopped target Timers.
Jul  9 19:10:48 techo2-PC systemd[1]: Stopped Clean PHP session files every 30 mins.
Jul  9 19:10:48 techo2-PC systemd[1]: Closed Load/Save RF Kill Switch Status /dev/rfkill Watch.
Jul  9 19:10:48 techo2-PC systemd[1]: Stopping Daemon for power management...
Jul  9 19:10:53 techo2-PC systemd[1]: Stopped target Printer.
Jul  9 19:10:53 techo2-PC systemd[1]: Stopped Daily Cleanup of Temporary Directories.
Jul  9 19:10:53 techo2-PC systemd[1]: Stopping RealtimeKit Scheduling Policy Service...
Jul  9 19:10:53 techo2-PC systemd[1]: Stopped Timer to automatically refresh installed snaps.
Jul  9 19:10:53 techo2-PC systemd[1]: Stopping Session c2 of user techo2.
Jul  9 19:10:53 techo2-PC systemd[1]: Stopping Disk Manager...
Jul  9 19:10:53 techo2-PC systemd[1]: Stopped Daily apt upgrade and clean activities.
Jul  9 19:10:53 techo2-PC systemd[1]: Stopped Daily apt download activities.
Jul  9 19:10:53 techo2-PC systemd[1]: Stopped target System Time Synchronized.
Jul  9 19:10:53 techo2-PC systemd[1]: Stopped target Graphical Interface.
Jul  9 19:10:53 techo2-PC systemd[1]: Stopped target Multi-User System.
Jul  9 19:10:53 techo2-PC systemd[1]: Stopping Make remote CUPS printers available locally...
Jul  9 19:10:53 techo2-PC systemd[1]: Stopping Regular background program processing daemon...
Jul  9 19:10:53 techo2-PC systemd[1]: Stopping Unattended Upgrades Shutdown...
Jul  9 19:10:53 techo2-PC systemd[1]: Stopping MySQL Community Server...
Jul  9 19:10:53 techo2-PC systemd[1]: Stopping Snappy daemon...
Jul  9 19:10:53 techo2-PC systemd[1]: Stopped target Login Prompts.
Jul  9 19:10:53 techo2-PC systemd[1]: Stopping Getty on tty1...
Jul  9 19:10:53 techo2-PC systemd[1]: Stopping crash report submission daemon...
Jul  9 19:10:53 techo2-PC systemd[1]: Stopping memcached daemon...
Jul  9 19:10:56 techo2-PC rsyslogd: [origin software="rsyslogd" swVersion="8.16.0" x-pid="769" x-info="http://www.rsyslog.com"] exiting on signal 15.
Jul 10 09:33:23 techo2-PC rsyslogd: [origin software="rsyslogd" swVersion="8.16.0" x-pid="781" x-info="http://www.rsyslog.com"] start
Jul 10 09:33:23 techo2-PC rsyslogd-2222: command 'KLogPermitNonKernelFacility' is currently not permitted - did you already set it via a RainerScript command (v6+ config)? [v8.16.0 try http://www.rsyslog.com/e/2222 ]
Jul 10 09:33:23 techo2-PC rsyslogd: rsyslogd's groupid changed to 108
Jul 10 09:33:23 techo2-PC rsyslogd: rsyslogd's userid changed to 104
Jul 10 09:33:23 techo2-PC systemd[1]: Mounted Huge Pages File System.
Jul 10 09:33:23 techo2-PC systemd[1]: Mounted Debug File System.
Jul 10 09:33:23 techo2-PC systemd[1]: Mounted POSIX Message Queue File System.
Jul 10 09:33:23 techo2-PC systemd-modules-load[214]: Inserted module 'lp'
Jul 10 09:33:23 techo2-PC loadkeys[212]: Loading /etc/console-setup/cached.kmap.gz
Jul 10 09:33:23 techo2-PC systemd[1]: Started Set console keymap.
Jul 10 09:33:23 techo2-PC systemd-modules-load[214]: Inserted module 'ppdev'
Jul 10 09:33:23 techo2-PC systemd-modules-load[214]: Inserted module 'parport_pc'
Jul 10 09:33:23 techo2-PC systemd[1]: Started Load Kernel Modules.
Jul 10 09:33:23 techo2-PC systemd[1]: Mounting Configuration File System...
Jul 10 09:33:23 techo2-PC systemd[1]: Mounting FUSE Control File System...
Jul 10 09:33:23 techo2-PC systemd[1]: Starting Apply Kernel Variables...
Jul 10 09:33:23 techo2-PC systemd[1]: Mounted FUSE Control File System.
Jul 10 09:33:23 techo2-PC systemd[1]: Mounted Configuration File System.
Jul 10 09:33:23 techo2-PC ureadahead[219]: ureadahead:/var/lib/update-notifier/tmp.sQhGqkfEAR: No such file or directory
Jul 10 09:33:23 techo2-PC ureadahead[219]: ureadahead:/home/techo2/.cache/upstart/gnome-keyring-ssh.log: No such file or directory
Jul 10 09:33:23 techo2-PC ureadahead[219]: ureadahead:/home/techo2/.cache/upstart/upstart-event-bridge.log: No such file or directory
Jul 10 09:33:23 techo2-PC ureadahead[219]: ureadahead:/home/techo2/.cache/upstart/ssh-agent.log: No such file or directory
Jul 10 09:33:23 techo2-PC ureadahead[219]: ureadahead:/home/techo2/.cache/upstart/update-notifier-release.log: No such file or directory
Jul 10 09:33:23 techo2-PC ureadahead[219]: ureadahead:/home/techo2/.cache/upstart/gpg-agent.log: No such file or directory
Jul 10 09:33:23 techo2-PC ureadahead[219]: ureadahead:/home/techo2/.cache/upstart/window-stack-bridge.log: No such file or directory
Jul 10 09:33:23 techo2-PC ureadahead[219]: ureadahead:/home/techo2/.local/share/evolution/addressbook/system/contacts.db-journal: No such file or directory
Jul 10 09:33:23 techo2-PC ureadahead[219]: ureadahead:/home/techo2/.local/share/evolution/addressbook/system/contacts.db-mj87C8CD929: No such file or directory
Jul 10 09:33:23 techo2-PC ureadahead[219]: ureadahead:/home/techo2/.config/dconf/user.CH113Z: No such file or directory
Jul 10 09:33:23 techo2-PC ureadahead[219]: ureadahead:/home/techo2/.config/nautilus/desktop-metadata.JDU33Z: No such file or directory
Jul 10 09:33:23 techo2-PC ureadahead[219]: ureadahead:/home/techo2/.local/share/gvfs-metadata/home-9921ada9.log: No such file or directory
Jul 10 09:33:23 techo2-PC systemd[1]: Started Create Static Device Nodes in /dev.
Jul 10 09:33:23 techo2-PC systemd[1]: Starting udev Kernel Device Manager...
Jul 10 09:33:23 techo2-PC systemd[1]: Started Apply Kernel Variables.
Jul 10 09:33:23 techo2-PC systemd[1]: Started Uncomplicated firewall.
Jul 10 09:33:23 techo2-PC systemd[1]: Started udev Kernel Device Manager.
Jul 10 09:33:23 techo2-PC systemd[1]: Starting Remount Root and Kernel File Systems...
Jul 10 09:33:23 techo2-PC systemd[1]: Started Remount Root and Kernel File Systems.
Jul 10 09:33:23 techo2-PC systemd[1]: Reached target Local File Systems (Pre).
Jul 10 09:33:23 techo2-PC systemd[1]: Starting Flush Journal to Persistent Storage...
Jul 10 09:33:23 techo2-PC systemd[1]: Started Braille Device Support.
Jul 10 09:33:23 techo2-PC systemd[1]: Starting Load/Save Random Seed...
Jul 10 09:33:23 techo2-PC systemd[1]: Reached target Local File Systems.
Jul 10 09:33:23 techo2-PC systemd[1]: Starting LSB: AppArmor initialization...
Jul 10 09:33:23 techo2-PC systemd[1]: Starting Set console font and keymap...
Jul 10 09:33:23 techo2-PC systemd[1]: Starting Clean up any mess left by 0dns-up...
Jul 10 09:33:23 techo2-PC systemd[1]: Starting Tell Plymouth To Write Out Runtime Data...
Jul 10 09:33:23 techo2-PC systemd[1]: Starting udev Coldplug all Devices...
Jul 10 09:33:23 techo2-PC systemd[1]: Started Load/Save Random Seed.
Jul 10 09:33:23 techo2-PC systemd[1]: Started Clean up any mess left by 0dns-up.
Jul 10 09:33:23 techo2-PC systemd[1]: Starting Nameserver information manager...
Jul 10 09:33:23 techo2-PC systemd[1]: Started Nameserver information manager.
Jul 10 09:33:23 techo2-PC systemd[1]: Reached target Network (Pre).
Jul 10 09:33:23 techo2-PC systemd[1]: Started udev Coldplug all Devices.
Jul 10 09:33:23 techo2-PC systemd[1]: Starting Show Plymouth Boot Screen...
Jul 10 09:33:23 techo2-PC systemd[1]: Started Tell Plymouth To Write Out Runtime Data.
Jul 10 09:33:23 techo2-PC systemd[1]: Started Flush Journal to Persistent Storage.
Jul 10 09:33:23 techo2-PC systemd[1]: Starting Create Volatile Files and Directories...
Jul 10 09:33:23 techo2-PC systemd-tmpfiles[426]: [/usr/lib/tmpfiles.d/var.conf:14] Duplicate line for path "/var/log", ignoring.
Jul 10 09:33:23 techo2-PC systemd[1]: Started Set console font and keymap.
Jul 10 09:33:23 techo2-PC systemd[1]: Created slice system-getty.slice.
Jul 10 09:33:23 techo2-PC apparmor[329]:  * Starting AppArmor profiles
Jul 10 09:33:23 techo2-PC systemd[1]: Started Create Volatile Files and Directories.
Jul 10 09:33:23 techo2-PC systemd[1]: Starting Update UTMP about System Boot/Shutdown...
Jul 10 09:33:23 techo2-PC systemd[1]: Starting Network Time Synchronization...
Jul 10 09:33:23 techo2-PC systemd[1]: Started Network Time Synchronization.
Jul 10 09:33:23 techo2-PC systemd[1]: Reached target System Time Synchronized.
Jul 10 09:33:23 techo2-PC systemd[1]: Started Show Plymouth Boot Screen.
Jul 10 09:33:23 techo2-PC systemd[1]: Started Forward Password Requests to Plymouth Directory Watch.
Jul 10 09:33:23 techo2-PC apparmor[329]: Skipping profile in /etc/apparmor.d/disable: usr.bin.firefox
Jul 10 09:33:23 techo2-PC apparmor[329]: Skipping profile in /etc/apparmor.d/disable: usr.sbin.rsyslogd
Jul 10 09:33:23 techo2-PC systemd[1]: Started Update UTMP about System Boot/Shutdown.
Jul 10 09:33:23 techo2-PC apparmor[329]:    ...done.
Jul 10 09:33:23 techo2-PC systemd[1]: Started LSB: AppArmor initialization.
Jul 10 09:33:23 techo2-PC systemd[1]: Starting Raise network interfaces...
Jul 10 09:33:23 techo2-PC systemd[1]: Started Raise network interfaces.
Jul 10 09:33:23 techo2-PC systemd[1]: Listening on Load/Save RF Kill Switch Status /dev/rfkill Watch.
Jul 10 09:33:23 techo2-PC systemd[1]: Reached target Sound Card.
Jul 10 09:33:23 techo2-PC systemd[1]: Found device ST3250310AS 5.
Jul 10 09:33:23 techo2-PC systemd[1]: Activating swap /dev/disk/by-uuid/5d8a3596-56ea-42bd-a132-a6a51959da6c...
Jul 10 09:33:23 techo2-PC systemd[1]: Activated swap /dev/disk/by-uuid/5d8a3596-56ea-42bd-a132-a6a51959da6c.
Jul 10 09:33:23 techo2-PC systemd[1]: Reached target Swap.
Jul 10 09:33:23 techo2-PC systemd[1]: Reached target System Initialization.
Jul 10 09:33:23 techo2-PC systemd[1]: Started Timer to automatically refresh installed snaps.
Jul 10 09:33:23 techo2-PC systemd[1]: Started ACPI Events Check.
Jul 10 09:33:23 techo2-PC systemd[1]: Started Daily Cleanup of Temporary Directories.
Jul 10 09:33:23 techo2-PC systemd[1]: Started Daily apt download activities.
Jul 10 09:33:23 techo2-PC systemd[1]: Listening on D-Bus System Message Bus Socket.
Jul 10 09:33:23 techo2-PC systemd[1]: Started Daily apt upgrade and clean activities.
Jul 10 09:33:23 techo2-PC rsyslogd-2039: Could not open output pipe '/dev/xconsole':: No such file or directory [v8.16.0 try http://www.rsyslog.com/e/2039 ]
Jul 10 09:33:23 techo2-PC systemd[1]: Listening on Avahi mDNS/DNS-SD Stack Activation Socket.
Jul 10 09:33:23 techo2-PC systemd[1]: Starting Socket activation for snappy daemon.
Jul 10 09:33:23 techo2-PC systemd[1]: Listening on UUID daemon activation socket.
Jul 10 09:33:23 techo2-PC systemd[1]: Started CUPS Scheduler.
Jul 10 09:33:23 techo2-PC rsyslogd-2007: action 'action 10' suspended, next retry is Wed Jul 10 09:33:53 2019 [v8.16.0 try http://www.rsyslog.com/e/2007 ]
Jul 10 09:33:23 techo2-PC systemd[1]: Reached target Paths.
Jul 10 09:33:23 techo2-PC systemd[1]: Listening on ACPID Listen Socket.
Jul 10 09:33:23 techo2-PC systemd[1]: Listening on CUPS Scheduler.
Jul 10 09:33:23 techo2-PC systemd[1]: Started Clean PHP session files every 30 mins.
Jul 10 09:33:23 techo2-PC systemd[1]: Reached target Timers.
Jul 10 09:33:23 techo2-PC systemd[1]: Listening on Socket activation for snappy daemon.
Jul 10 09:33:23 techo2-PC systemd[1]: Reached target Sockets.
Jul 10 09:33:23 techo2-PC systemd[1]: Reached target Basic System.
Jul 10 09:33:23 techo2-PC systemd[1]: Starting Restore /etc/resolv.conf if the system crashed before the ppp link was shut down...
Jul 10 09:33:23 techo2-PC systemd[1]: Starting LSB: automatic crash report generation...
Jul 10 09:33:23 techo2-PC systemd[1]: Started ACPI event daemon.
Jul 10 09:33:23 techo2-PC systemd[1]: Starting Detect the available GPUs and deal with any system changes...
Jul 10 09:33:23 techo2-PC systemd[1]: Starting LSB: Record successful boot for GRUB...
Jul 10 09:33:23 techo2-PC systemd[1]: Starting Thermal Daemon Service...
Jul 10 09:33:23 techo2-PC systemd[1]: Started Run anacron jobs.
Jul 10 09:33:23 techo2-PC acpid: starting up with netlink and the input layer
Jul 10 09:33:23 techo2-PC systemd[1]: Starting Avahi mDNS/DNS-SD Stack...
Jul 10 09:33:23 techo2-PC systemd[1]: Started D-Bus System Message Bus.
Jul 10 09:33:23 techo2-PC anacron[736]: Anacron 2.3 started on 2019-07-10
Jul 10 09:33:23 techo2-PC anacron[736]: Will run job `cron.daily' in 5 min.
Jul 10 09:33:23 techo2-PC anacron[736]: Jobs will be executed sequentially
Jul 10 09:33:23 techo2-PC gpu-manager[733]: /etc/modprobe.d is not a file
Jul 10 09:33:23 techo2-PC gpu-manager[733]: message repeated 4 times: [ /etc/modprobe.d is not a file]
Jul 10 09:33:23 techo2-PC gpu-manager[733]: Error: can't open /lib/modules/4.13.0-36-generic/updates/dkms
Jul 10 09:33:23 techo2-PC gpu-manager[733]: Error: can't open /lib/modules/4.13.0-36-generic/updates/dkms
Jul 10 09:33:23 techo2-PC acpid: 9 rules loaded
Jul 10 09:33:23 techo2-PC acpid: waiting for events: event logging is off
Jul 10 09:33:23 techo2-PC gpu-manager[733]: update-alternatives: error: no alternatives for x86_64-linux-gnu_gfxcore_conf
Jul 10 09:33:23 techo2-PC avahi-daemon[741]: Found user 'avahi' (UID 111) and group 'avahi' (GID 120).
Jul 10 09:33:23 techo2-PC avahi-daemon[741]: Successfully dropped root privileges.
Jul 10 09:33:23 techo2-PC avahi-daemon[741]: avahi-daemon 0.6.32-rc starting up.
Jul 10 09:33:23 techo2-PC dbus[742]: [system] AppArmor D-Bus mediation is enabled
Jul 10 09:33:23 techo2-PC avahi-daemon[741]: Successfully called chroot().
Jul 10 09:33:23 techo2-PC kernel: [    0.000000] random: get_random_bytes called from start_kernel+0x42/0x50d with crng_init=0
Jul 10 09:33:23 techo2-PC avahi-daemon[741]: Successfully dropped remaining capabilities.
Jul 10 09:33:23 techo2-PC kernel: [    0.000000] Linux version 4.13.0-36-generic (buildd@lgw01-amd64-033) (gcc version 5.4.0 20160609 (Ubuntu 5.4.0-6ubuntu1~16.04.9)) #40~16.04.1-Ubuntu SMP Fri Feb 16 23:25:58 UTC 2018 (Ubuntu 4.13.0-36.40~16.04.1-generic 4.13.13)
Jul 10 09:33:23 techo2-PC kernel: [    0.000000] Command line: BOOT_IMAGE=/boot/vmlinuz-4.13.0-36-generic root=UUID=ab578ffd-e2b0-430e-9611-beb09c4f3df2 ro quiet splash vt.handoff=7
Jul 10 09:33:23 techo2-PC systemd[1]: Started Avahi mDNS/DNS-SD Stack.
Jul 10 09:33:23 techo2-PC kernel: [    0.000000] KERNEL supported cpus:
Jul 10 09:33:23 techo2-PC kernel: [    0.000000]   Intel GenuineIntel
Jul 10 09:33:23 techo2-PC systemd[1]: Starting Network Manager...
Jul 10 09:33:23 techo2-PC kernel: [    0.000000]   AMD AuthenticAMD
Jul 10 09:33:23 techo2-PC kernel: [    0.000000]   Centaur CentaurHauls
Jul 10 09:33:23 techo2-PC kernel: [    0.000000] x86/fpu: Supporting XSAVE feature 0x001: 'x87 floating point registers'
Jul 10 09:33:23 techo2-PC cron[769]: (CRON) INFO (pidfile fd = 3)
Jul 10 09:33:23 techo2-PC kernel: [    0.000000] x86/fpu: Supporting XSAVE feature 0x002: 'SSE registers'
Jul 10 09:33:23 techo2-PC kernel: [    0.000000] x86/fpu: Enabled xstate features 0x3, context size is 576 bytes, using 'standard' format.
Jul 10 09:33:23 techo2-PC systemd[1]: Started Regular background program processing daemon.
Jul 10 09:33:23 techo2-PC kernel: [    0.000000] e820: BIOS-provided physical RAM map:
Jul 10 09:33:23 techo2-PC systemd[1]: Started CUPS Scheduler.
Jul 10 09:33:23 techo2-PC kernel: [    0.000000] BIOS-e820: [mem 0x0000000000000000-0x000000000009fbff] usable
Jul 10 09:33:23 techo2-PC kernel: [    0.000000] BIOS-e820: [mem 0x000000000009fc00-0x000000000009ffff] reserved
Jul 10 09:33:23 techo2-PC systemd[1]: Reached target Printer.
Jul 10 09:33:23 techo2-PC kernel: [    0.000000] BIOS-e820: [mem 0x00000000000e0000-0x00000000000fffff] reserved
Jul 10 09:33:23 techo2-PC kernel: [    0.000000] BIOS-e820: [mem 0x0000000000100000-0x00000000b7d8ffff] usable
Jul 10 09:33:23 techo2-PC systemd[1]: Started Make remote CUPS printers available locally.
Jul 10 09:33:23 techo2-PC kernel: [    0.000000] BIOS-e820: [mem 0x00000000b7d90000-0x00000000b7d9dfff] ACPI data
Jul 10 09:33:23 techo2-PC kernel: [    0.000000] BIOS-e820: [mem 0x00000000b7d9e000-0x00000000b7ddffff] ACPI NVS
Jul 10 09:33:23 techo2-PC systemd[1]: Starting Permit User Sessions...
Jul 10 09:33:23 techo2-PC kernel: [    0.000000] BIOS-e820: [mem 0x00000000b7de0000-0x00000000bfffffff] reserved
Jul 10 09:33:23 techo2-PC kernel: [    0.000000] BIOS-e820: [mem 0x00000000fee00000-0x00000000fee00fff] reserved
Jul 10 09:33:23 techo2-PC systemd[1]: Starting LSB: Set the CPU Frequency Scaling governor to "ondemand"...
Jul 10 09:33:23 techo2-PC kernel: [    0.000000] BIOS-e820: [mem 0x00000000ffb00000-0x00000000ffffffff] reserved
Jul 10 09:33:23 techo2-PC kernel: [    0.000000] BIOS-e820: [mem 0x0000000100000000-0x000000013fffffff] usable
Jul 10 09:33:23 techo2-PC kernel: [    0.000000] NX (Execute Disable) protection: active
Jul 10 09:33:23 techo2-PC systemd[1]: Starting Clean php session files...
Jul 10 09:33:23 techo2-PC kernel: [    0.000000] random: fast init done
Jul 10 09:33:23 techo2-PC kernel: [    0.000000] SMBIOS 2.6 present.
Jul 10 09:33:23 techo2-PC systemd[1]: Starting Login Service...
Jul 10 09:33:23 techo2-PC kernel: [    0.000000] DMI: Hewlett-Packard HP Pro 3090 MT/0B58h, BIOS V1.01 01/27/2010
Jul 10 09:33:23 techo2-PC kernel: [    0.000000] tsc: Fast TSC calibration using PIT
Jul 10 09:33:23 techo2-PC systemd[1]: Starting LSB: Speech Dispatcher...
Jul 10 09:33:23 techo2-PC kernel: [    0.000000] e820: update [mem 0x00000000-0x00000fff] usable ==> reserved
Jul 10 09:33:23 techo2-PC kernel: [    0.000000] e820: remove [mem 0x000a0000-0x000fffff] usable
Jul 10 09:33:23 techo2-PC systemd[1]: Starting System Logging Service...
Jul 10 09:33:23 techo2-PC kernel: [    0.000000] e820: last_pfn = 0x140000 max_arch_pfn = 0x400000000
Jul 10 09:33:23 techo2-PC kernel: [    0.000000] MTRR default type: uncachable
Jul 10 09:33:23 techo2-PC kernel: [    0.000000] MTRR fixed ranges enabled:
Jul 10 09:33:23 techo2-PC avahi-daemon[741]: No service file found in /etc/avahi/services.
Jul 10 09:33:23 techo2-PC kernel: [    0.000000]   00000-9FFFF write-back
Jul 10 09:33:23 techo2-PC kernel: [    0.000000]   A0000-BFFFF uncachable
Jul 10 09:33:23 techo2-PC systemd[1]: Starting Save/Restore Sound Card State...
Jul 10 09:33:23 techo2-PC kernel: [    0.000000]   C0000-CFFFF write-protect
Jul 10 09:33:23 techo2-PC kernel: [    0.000000]   D0000-DFFFF uncachable
Jul 10 09:33:23 techo2-PC systemd[1]: Starting LSB: daemon to balance interrupts for SMP systems...
Jul 10 09:33:23 techo2-PC kernel: [    0.000000]   E0000-EFFFF write-through
Jul 10 09:33:23 techo2-PC kernel: [    0.000000]   F0000-FFFFF write-protect
Jul 10 09:33:23 techo2-PC systemd[1]: Starting Accounts Service...
Jul 10 09:33:23 techo2-PC kernel: [    0.000000] MTRR variable ranges enabled:
Jul 10 09:33:23 techo2-PC kernel: [    0.000000]   0 base 000000000 mask F00000000 write-back
Jul 10 09:33:23 techo2-PC systemd[1]: Starting Snappy daemon...
Jul 10 09:33:23 techo2-PC kernel: [    0.000000]   1 base 100000000 mask FC0000000 write-back
Jul 10 09:33:23 techo2-PC kernel: [    0.000000]   2 base 0C0000000 mask FC0000000 uncachable
Jul 10 09:33:23 techo2-PC kernel: [    0.000000]   3 base 0B7E00000 mask FFFE00000 uncachable
Jul 10 09:33:23 techo2-PC systemd[1]: Started Restore /etc/resolv.conf if the system crashed before the ppp link was shut down.
Jul 10 09:33:23 techo2-PC kernel: [    0.000000]   4 base 0B8000000 mask FF8000000 uncachable
Jul 10 09:33:23 techo2-PC kernel: [    0.000000]   5 disabled
Jul 10 09:33:23 techo2-PC kernel: [    0.000000]   6 disabled
Jul 10 09:33:23 techo2-PC cron[769]: (CRON) INFO (Running @reboot jobs)
Jul 10 09:33:23 techo2-PC kernel: [    0.000000]   7 disabled
Jul 10 09:33:23 techo2-PC kernel: [    0.000000] x86/PAT: Configuration [0-7]: WB  WC  UC- UC  WB  WC  UC- WT  
Jul 10 09:33:23 techo2-PC kernel: [    0.000000] total RAM covered: 3966M
Jul 10 09:33:23 techo2-PC systemd[1]: Started Detect the available GPUs and deal with any system changes.
Jul 10 09:33:23 techo2-PC kernel: [    0.000000] Found optimal setting for mtrr clean up
Jul 10 09:33:23 techo2-PC kernel: [    0.000000]  gran_size: 64K 	chunk_size: 256M 	num_reg: 5  	lose cover RAM: 0G
Jul 10 09:33:23 techo2-PC systemd[1]: Started Permit User Sessions.
Jul 10 09:33:23 techo2-PC kernel: [    0.000000] e820: update [mem 0xb7e00000-0xffffffff] usable ==> reserved
Jul 10 09:33:23 techo2-PC kernel: [    0.000000] e820: last_pfn = 0xb7d90 max_arch_pfn = 0x400000000
Jul 10 09:33:23 techo2-PC systemd[1]: Started Save/Restore Sound Card State.
Jul 10 09:33:23 techo2-PC kernel: [    0.000000] found SMP MP-table at [mem 0x000ff780-0x000ff78f] mapped at [ffff8ba5c00ff780]
Jul 10 09:33:23 techo2-PC kernel: [    0.000000] Scanning 1 areas for low memory corruption
Jul 10 09:33:23 techo2-PC apport[730]:  * Starting automatic crash report generation: apport
Jul 10 09:33:23 techo2-PC kernel: [    0.000000] Base memory trampoline at [ffff8ba5c0099000] 99000 size 24576
Jul 10 09:33:23 techo2-PC kernel: [    0.000000] BRK [0x3772a000, 0x3772afff] PGTABLE
Jul 10 09:33:23 techo2-PC kernel: [    0.000000] BRK [0x3772b000, 0x3772bfff] PGTABLE
Jul 10 09:33:23 techo2-PC speech-dispatcher[780]:  * speech-dispatcher disabled; edit /etc/default/speech-dispatcher
Jul 10 09:33:23 techo2-PC kernel: [    0.000000] BRK [0x3772c000, 0x3772cfff] PGTABLE
Jul 10 09:33:23 techo2-PC kernel: [    0.000000] BRK [0x3772d000, 0x3772dfff] PGTABLE
Jul 10 09:33:23 techo2-PC systemd[1]: Started LSB: Set the CPU Frequency Scaling governor to "ondemand".
Jul 10 09:33:23 techo2-PC kernel: [    0.000000] BRK [0x3772e000, 0x3772efff] PGTABLE
Jul 10 09:33:23 techo2-PC kernel: [    0.000000] RAMDISK: [mem 0x321d0000-0x350dffff]
Jul 10 09:33:23 techo2-PC kernel: [    0.000000] ACPI: Early table checksum verification disabled
Jul 10 09:33:23 techo2-PC kernel: [    0.000000] ACPI: RSDP 0x00000000000F9BF0 000014 (v00 HPQOEM)
Jul 10 09:33:23 techo2-PC systemd[1]: Started LSB: Speech Dispatcher.
Jul 10 09:33:23 techo2-PC kernel: [    0.000000] ACPI: RSDT 0x00000000B7D90000 000044 (v01 012710 RSDT1647 20100127 MSFT 00000097)
Jul 10 09:33:23 techo2-PC kernel: [    0.000000] ACPI: FACP 0x00000000B7D90200 000084 (v01 012710 FACP1647 20100127 MSFT 00000097)
Jul 10 09:33:23 techo2-PC irqbalance[783]:  * Starting SMP IRQ Balancer: irqbalance
Jul 10 09:33:23 techo2-PC kernel: [    0.000000] ACPI: DSDT 0x00000000B7D905C0 005B04 (v01 A7647  A7647010 00000010 INTL 20051117)
Jul 10 09:33:23 techo2-PC kernel: [    0.000000] ACPI: FACS 0x00000000B7D9E000 000040
Jul 10 09:33:23 techo2-PC kernel: [    0.000000] ACPI: APIC 0x00000000B7D90390 00006C (v01 012710 APIC1647 20100127 MSFT 00000097)
Jul 10 09:33:23 techo2-PC kernel: [    0.000000] ACPI: MCFG 0x00000000B7D90400 00003C (v01 012710 SLIC-BPC 20100127 MSFT 00000097)
Jul 10 09:33:23 techo2-PC kernel: [    0.000000] ACPI: SLIC 0x00000000B7D90440 000176 (v01 012710 SLIC1647 20100127 MSFT 00000097)
Jul 10 09:33:23 techo2-PC kernel: [    0.000000] ACPI: OEMB 0x00000000B7D9E040 000072 (v01 012710 OEMB1647 20100127 MSFT 00000097)
Jul 10 09:33:23 techo2-PC kernel: [    0.000000] ACPI: HPET 0x00000000B7D9A5C0 000038 (v01 012710 OEMHPET  20100127 MSFT 00000097)
Jul 10 09:33:23 techo2-PC kernel: [    0.000000] ACPI: GSCI 0x00000000B7D9E0C0 002024 (v01 012710 GMCHSCI  20100127 MSFT 00000097)
Jul 10 09:33:23 techo2-PC systemd[1]: Started Login Service.
Jul 10 09:33:23 techo2-PC kernel: [    0.000000] ACPI: SSDT 0x00000000B7DA0B20 000363 (v01 DpgPmm CpuPm    00000012 INTL 20051117)
Jul 10 09:33:23 techo2-PC kernel: [    0.000000] ACPI: Local APIC address 0xfee00000
Jul 10 09:33:23 techo2-PC systemd[1]: Starting Light Display Manager...
Jul 10 09:33:23 techo2-PC kernel: [    0.000000] No NUMA configuration found
Jul 10 09:33:23 techo2-PC kernel: [    0.000000] Faking a node at [mem 0x0000000000000000-0x000000013fffffff]
Jul 10 09:33:23 techo2-PC kernel: [    0.000000] NODE_DATA(0) allocated [mem 0x13ffd2000-0x13fffcfff]
Jul 10 09:33:23 techo2-PC apport[730]:    ...done.
Jul 10 09:33:23 techo2-PC kernel: [    0.000000] Zone ranges:
Jul 10 09:33:23 techo2-PC kernel: [    0.000000]   DMA      [mem 0x0000000000001000-0x0000000000ffffff]
Jul 10 09:33:23 techo2-PC systemd[1]: Started LSB: automatic crash report generation.
Jul 10 09:33:23 techo2-PC kernel: [    0.000000]   DMA32    [mem 0x0000000001000000-0x00000000ffffffff]
Jul 10 09:33:23 techo2-PC kernel: [    0.000000]   Normal   [mem 0x0000000100000000-0x000000013fffffff]
Jul 10 09:33:23 techo2-PC avahi-daemon[741]: Network interface enumeration completed.
Jul 10 09:33:23 techo2-PC kernel: [    0.000000]   Device   empty
Jul 10 09:33:23 techo2-PC kernel: [    0.000000] Movable zone start for each node
Jul 10 09:33:23 techo2-PC avahi-daemon[741]: Server startup complete. Host name is techo2-PC.local. Local service cookie is 3804915234.
Jul 10 09:33:23 techo2-PC kernel: [    0.000000] Early memory node ranges
Jul 10 09:33:23 techo2-PC systemd[1]: Started System Logging Service.
Jul 10 09:33:23 techo2-PC kernel: [    0.000000]   node   0: [mem 0x0000000000001000-0x000000000009efff]
Jul 10 09:33:23 techo2-PC kernel: [    0.000000]   node   0: [mem 0x0000000000100000-0x00000000b7d8ffff]
Jul 10 09:33:23 techo2-PC kernel: [    0.000000]   node   0: [mem 0x0000000100000000-0x000000013fffffff]
Jul 10 09:33:23 techo2-PC kernel: [    0.000000] Initmem setup node 0 [mem 0x0000000000001000-0x000000013fffffff]
Jul 10 09:33:23 techo2-PC kernel: [    0.000000] On node 0 totalpages: 1015086
Jul 10 09:33:23 techo2-PC kernel: [    0.000000]   DMA zone: 64 pages used for memmap
Jul 10 09:33:23 techo2-PC kernel: [    0.000000]   DMA zone: 21 pages reserved
Jul 10 09:33:23 techo2-PC kernel: [    0.000000]   DMA zone: 3998 pages, LIFO batch:0
Jul 10 09:33:23 techo2-PC kernel: [    0.000000]   DMA32 zone: 11703 pages used for memmap
Jul 10 09:33:23 techo2-PC kernel: [    0.000000]   DMA32 zone: 748944 pages, LIFO batch:31
Jul 10 09:33:23 techo2-PC kernel: [    0.000000]   Normal zone: 4096 pages used for memmap
Jul 10 09:33:23 techo2-PC kernel: [    0.000000]   Normal zone: 262144 pages, LIFO batch:31
Jul 10 09:33:23 techo2-PC kernel: [    0.000000] Reserving Intel graphics memory at 0x00000000b8000000-0x00000000bfffffff
Jul 10 09:33:23 techo2-PC kernel: [    0.000000] ACPI: PM-Timer IO Port: 0x808
Jul 10 09:33:23 techo2-PC kernel: [    0.000000] ACPI: Local APIC address 0xfee00000
Jul 10 09:33:23 techo2-PC kernel: [    0.000000] IOAPIC[0]: apic_id 2, version 32, address 0xfec00000, GSI 0-23
Jul 10 09:33:23 techo2-PC kernel: [    0.000000] ACPI: INT_SRC_OVR (bus 0 bus_irq 0 global_irq 2 dfl dfl)
Jul 10 09:33:23 techo2-PC kernel: [    0.000000] ACPI: INT_SRC_OVR (bus 0 bus_irq 9 global_irq 9 high level)
Jul 10 09:33:23 techo2-PC kernel: [    0.000000] ACPI: IRQ0 used by override.
Jul 10 09:33:23 techo2-PC kernel: [    0.000000] ACPI: IRQ9 used by override.
Jul 10 09:33:23 techo2-PC kernel: [    0.000000] Using ACPI (MADT) for SMP configuration information
Jul 10 09:33:23 techo2-PC kernel: [    0.000000] ACPI: HPET id: 0xffffffff base: 0xfed00000
Jul 10 09:33:23 techo2-PC kernel: [    0.000000] smpboot: Allowing 4 CPUs, 2 hotplug CPUs
Jul 10 09:33:23 techo2-PC kernel: [    0.000000] PM: Registered nosave memory: [mem 0x00000000-0x00000fff]
Jul 10 09:33:23 techo2-PC kernel: [    0.000000] PM: Registered nosave memory: [mem 0x0009f000-0x0009ffff]
Jul 10 09:33:23 techo2-PC kernel: [    0.000000] PM: Registered nosave memory: [mem 0x000a0000-0x000dffff]
Jul 10 09:33:23 techo2-PC kernel: [    0.000000] PM: Registered nosave memory: [mem 0x000e0000-0x000fffff]
Jul 10 09:33:23 techo2-PC kernel: [    0.000000] PM: Registered nosave memory: [mem 0xb7d90000-0xb7d9dfff]
Jul 10 09:33:23 techo2-PC kernel: [    0.000000] PM: Registered nosave memory: [mem 0xb7d9e000-0xb7ddffff]
Jul 10 09:33:23 techo2-PC kernel: [    0.000000] PM: Registered nosave memory: [mem 0xb7de0000-0xbfffffff]
Jul 10 09:33:23 techo2-PC kernel: [    0.000000] PM: Registered nosave memory: [mem 0xc0000000-0xfedfffff]
Jul 10 09:33:23 techo2-PC kernel: [    0.000000] PM: Registered nosave memory: [mem 0xfee00000-0xfee00fff]
Jul 10 09:33:23 techo2-PC kernel: [    0.000000] PM: Registered nosave memory: [mem 0xfee01000-0xffafffff]
Jul 10 09:33:23 techo2-PC kernel: [    0.000000] PM: Registered nosave memory: [mem 0xffb00000-0xffffffff]
Jul 10 09:33:23 techo2-PC kernel: [    0.000000] e820: [mem 0xc0000000-0xfedfffff] available for PCI devices
Jul 10 09:33:23 techo2-PC kernel: [    0.000000] Booting paravirtualized kernel on bare hardware
Jul 10 09:33:23 techo2-PC kernel: [    0.000000] clocksource: refined-jiffies: mask: 0xffffffff max_cycles: 0xffffffff, max_idle_ns: 7645519600211568 ns
Jul 10 09:33:23 techo2-PC kernel: [    0.000000] setup_percpu: NR_CPUS:8192 nr_cpumask_bits:4 nr_cpu_ids:4 nr_node_ids:1
Jul 10 09:33:23 techo2-PC kernel: [    0.000000] percpu: Embedded 45 pages/cpu @ffff8ba6ffc00000 s146520 r8192 d29608 u524288
Jul 10 09:33:23 techo2-PC kernel: [    0.000000] pcpu-alloc: s146520 r8192 d29608 u524288 alloc=1*2097152
Jul 10 09:33:23 techo2-PC kernel: [    0.000000] pcpu-alloc: [0] 0 1 2 3 
Jul 10 09:33:23 techo2-PC kernel: [    0.000000] Built 1 zonelists in Node order, mobility grouping on.  Total pages: 999202
Jul 10 09:33:23 techo2-PC kernel: [    0.000000] Policy zone: Normal
Jul 10 09:33:23 techo2-PC kernel: [    0.000000] Kernel command line: BOOT_IMAGE=/boot/vmlinuz-4.13.0-36-generic root=UUID=ab578ffd-e2b0-430e-9611-beb09c4f3df2 ro quiet splash vt.handoff=7
Jul 10 09:33:23 techo2-PC kernel: [    0.000000] PID hash table entries: 4096 (order: 3, 32768 bytes)
Jul 10 09:33:23 techo2-PC kernel: [    0.000000] Calgary: detecting Calgary via BIOS EBDA area
Jul 10 09:33:23 techo2-PC kernel: [    0.000000] Calgary: Unable to locate Rio Grande table in EBDA - bailing!
Jul 10 09:33:23 techo2-PC kernel: [    0.000000] Memory: 3855804K/4060344K available (12300K kernel code, 2481K rwdata, 4008K rodata, 2364K init, 2368K bss, 204540K reserved, 0K cma-reserved)
Jul 10 09:33:23 techo2-PC kernel: [    0.000000] SLUB: HWalign=64, Order=0-3, MinObjects=0, CPUs=4, Nodes=1
Jul 10 09:33:23 techo2-PC kernel: [    0.000000] Kernel/User page tables isolation: enabled
Jul 10 09:33:23 techo2-PC kernel: [    0.000000] ftrace: allocating 37831 entries in 148 pages
Jul 10 09:33:23 techo2-PC kernel: [    0.000000] Hierarchical RCU implementation.
Jul 10 09:33:23 techo2-PC kernel: [    0.000000] 	RCU restricting CPUs from NR_CPUS=8192 to nr_cpu_ids=4.
Jul 10 09:33:23 techo2-PC kernel: [    0.000000] 	Tasks RCU enabled.
Jul 10 09:33:23 techo2-PC kernel: [    0.000000] RCU: Adjusting geometry for rcu_fanout_leaf=16, nr_cpu_ids=4
Jul 10 09:33:23 techo2-PC kernel: [    0.000000] NR_IRQS: 524544, nr_irqs: 456, preallocated irqs: 16
Jul 10 09:33:23 techo2-PC kernel: [    0.000000] vt handoff: transparent VT on vt#7
Jul 10 09:33:23 techo2-PC kernel: [    0.000000] Console: colour dummy device 80x25
Jul 10 09:33:23 techo2-PC kernel: [    0.000000] console [tty0] enabled
Jul 10 09:33:23 techo2-PC kernel: [    0.000000] clocksource: hpet: mask: 0xffffffff max_cycles: 0xffffffff, max_idle_ns: 133484882848 ns
Jul 10 09:33:23 techo2-PC kernel: [    0.000000] hpet clockevent registered
Jul 10 09:33:23 techo2-PC kernel: [    0.000000] tsc: Fast TSC calibration using PIT
Jul 10 09:33:23 techo2-PC kernel: [    0.004000] tsc: Detected 2925.905 MHz processor
Jul 10 09:33:23 techo2-PC kernel: [    0.004000] Calibrating delay loop (skipped), value calculated using timer frequency.. 5851.81 BogoMIPS (lpj=11703620)
Jul 10 09:33:23 techo2-PC kernel: [    0.004000] pid_max: default: 32768 minimum: 301
Jul 10 09:33:23 techo2-PC kernel: [    0.004000] ACPI: Core revision 20170531
Jul 10 09:33:23 techo2-PC kernel: [    0.009866] ACPI: 2 ACPI AML tables successfully acquired and loaded
Jul 10 09:33:23 techo2-PC kernel: [    0.009890] Security Framework initialized
Jul 10 09:33:23 techo2-PC kernel: [    0.009891] Yama: becoming mindful.
Jul 10 09:33:23 techo2-PC kernel: [    0.009910] AppArmor: AppArmor initialized
Jul 10 09:33:23 techo2-PC kernel: [    0.011318] Dentry cache hash table entries: 524288 (order: 10, 4194304 bytes)
Jul 10 09:33:23 techo2-PC kernel: [    0.012234] Inode-cache hash table entries: 262144 (order: 9, 2097152 bytes)
Jul 10 09:33:23 techo2-PC kernel: [    0.012280] Mount-cache hash table entries: 8192 (order: 4, 65536 bytes)
Jul 10 09:33:23 techo2-PC kernel: [    0.012309] Mountpoint-cache hash table entries: 8192 (order: 4, 65536 bytes)
Jul 10 09:33:23 techo2-PC kernel: [    0.012557] FEATURE SPEC_CTRL Not Present
Jul 10 09:33:23 techo2-PC kernel: [    0.012559] CPU: Physical Processor ID: 0
Jul 10 09:33:23 techo2-PC kernel: [    0.012560] CPU: Processor Core ID: 0
Jul 10 09:33:23 techo2-PC kernel: [    0.012561] mce: CPU supports 6 MCE banks
Jul 10 09:33:23 techo2-PC kernel: [    0.012568] CPU0: Thermal monitoring enabled (TM2)
Jul 10 09:33:23 techo2-PC kernel: [    0.012570] process: using mwait in idle threads
Jul 10 09:33:23 techo2-PC kernel: [    0.012574] Last level iTLB entries: 4KB 128, 2MB 4, 4MB 4
Jul 10 09:33:23 techo2-PC kernel: [    0.012575] Last level dTLB entries: 4KB 256, 2MB 0, 4MB 32, 1GB 0
Jul 10 09:33:23 techo2-PC kernel: [    0.012577] Spectre V2 mitigation: Mitigation: Full generic retpoline
Jul 10 09:33:23 techo2-PC kernel: [    0.012578] Spectre V2 mitigation: Speculation control IBPB not-supported IBRS not-supported
Jul 10 09:33:23 techo2-PC kernel: [    0.012705] Freeing SMP alternatives memory: 36K
Jul 10 09:33:23 techo2-PC kernel: [    0.016106] smpboot: Max logical packages: 2
Jul 10 09:33:23 techo2-PC kernel: [    0.016483] ..TIMER: vector=0x30 apic1=0 pin1=2 apic2=-1 pin2=-1
Jul 10 09:33:23 techo2-PC kernel: [    0.060000] smpboot: CPU0: Intel(R) Core(TM)2 Duo CPU     E7500  @ 2.93GHz (family: 0x6, model: 0x17, stepping: 0xa)
Jul 10 09:33:23 techo2-PC kernel: [    0.060000] Performance Events: PEBS fmt0+, Core2 events, Intel PMU driver.
Jul 10 09:33:23 techo2-PC kernel: [    0.060000] ... version:                2
Jul 10 09:33:23 techo2-PC kernel: [    0.060000] ... bit width:              40
Jul 10 09:33:23 techo2-PC kernel: [    0.060000] ... generic registers:      2
Jul 10 09:33:23 techo2-PC kernel: [    0.060000] ... value mask:             000000ffffffffff
Jul 10 09:33:23 techo2-PC kernel: [    0.060000] ... max period:             000000007fffffff
Jul 10 09:33:23 techo2-PC kernel: [    0.060000] ... fixed-purpose events:   3
Jul 10 09:33:23 techo2-PC kernel: [    0.060000] ... event mask:             0000000700000003
Jul 10 09:33:23 techo2-PC kernel: [    0.060000] Hierarchical SRCU implementation.
Jul 10 09:33:23 techo2-PC kernel: [    0.060000] smp: Bringing up secondary CPUs ...
Jul 10 09:33:23 techo2-PC kernel: [    0.060000] x86: Booting SMP configuration:
Jul 10 09:33:23 techo2-PC kernel: [    0.060000] .... node  #0, CPUs:      #1
Jul 10 09:33:23 techo2-PC kernel: [    0.060000] smp: Brought up 1 node, 2 CPUs
Jul 10 09:33:23 techo2-PC kernel: [    0.060000] smpboot: Total of 2 processors activated (11703.62 BogoMIPS)
Jul 10 09:33:23 techo2-PC kernel: [    0.060355] NMI watchdog: enabled on all CPUs, permanently consumes one hw-PMU counter.
Jul 10 09:33:23 techo2-PC kernel: [    0.060368] devtmpfs: initialized
Jul 10 09:33:23 techo2-PC kernel: [    0.060368] x86/mm: Memory block size: 128MB
Jul 10 09:33:23 techo2-PC kernel: [    0.060522] evm: security.selinux
Jul 10 09:33:23 techo2-PC kernel: [    0.060523] evm: security.SMACK64
Jul 10 09:33:23 techo2-PC kernel: [    0.060524] evm: security.SMACK64EXEC
Jul 10 09:33:23 techo2-PC kernel: [    0.060524] evm: security.SMACK64TRANSMUTE
Jul 10 09:33:23 techo2-PC kernel: [    0.060525] evm: security.SMACK64MMAP
Jul 10 09:33:23 techo2-PC kernel: [    0.060525] evm: security.ima
Jul 10 09:33:23 techo2-PC kernel: [    0.060526] evm: security.capability
Jul 10 09:33:23 techo2-PC kernel: [    0.060551] PM: Registering ACPI NVS region [mem 0xb7d9e000-0xb7ddffff] (270336 bytes)
Jul 10 09:33:23 techo2-PC kernel: [    0.060551] clocksource: jiffies: mask: 0xffffffff max_cycles: 0xffffffff, max_idle_ns: 7645041785100000 ns
Jul 10 09:33:23 techo2-PC kernel: [    0.060551] futex hash table entries: 1024 (order: 4, 65536 bytes)
Jul 10 09:33:23 techo2-PC kernel: [    0.060551] pinctrl core: initialized pinctrl subsystem
Jul 10 09:33:23 techo2-PC kernel: [    0.060551] RTC time:  4:02:53, date: 07/10/19
Jul 10 09:33:23 techo2-PC kernel: [    0.060551] NET: Registered protocol family 16
Jul 10 09:33:23 techo2-PC kernel: [    0.060551] cpuidle: using governor ladder
Jul 10 09:33:23 techo2-PC kernel: [    0.060551] cpuidle: using governor menu
Jul 10 09:33:23 techo2-PC kernel: [    0.060551] PCCT header not found.
Jul 10 09:33:23 techo2-PC kernel: [    0.060551] ACPI: bus type PCI registered
Jul 10 09:33:23 techo2-PC kernel: [    0.060551] acpiphp: ACPI Hot Plug PCI Controller Driver version: 0.5
Jul 10 09:33:23 techo2-PC kernel: [    0.060551] PCI: MMCONFIG for domain 0000 [bus 00-ff] at [mem 0xe0000000-0xefffffff] (base 0xe0000000)
Jul 10 09:33:23 techo2-PC kernel: [    0.060551] PCI: not using MMCONFIG
Jul 10 09:33:23 techo2-PC kernel: [    0.060551] PCI: Using configuration type 1 for base access
Jul 10 09:33:23 techo2-PC kernel: [    0.064025] HugeTLB registered 2.00 MiB page size, pre-allocated 0 pages
Jul 10 09:33:23 techo2-PC kernel: [    0.064062] ACPI: Added _OSI(Module Device)
Jul 10 09:33:23 techo2-PC kernel: [    0.064062] ACPI: Added _OSI(Processor Device)
Jul 10 09:33:23 techo2-PC kernel: [    0.064063] ACPI: Added _OSI(3.0 _SCP Extensions)
Jul 10 09:33:23 techo2-PC kernel: [    0.064064] ACPI: Added _OSI(Processor Aggregator Device)
Jul 10 09:33:23 techo2-PC kernel: [    0.064256] ACPI: Executed 1 blocks of module-level executable AML code
Jul 10 09:33:23 techo2-PC kernel: [    0.066486] ACPI: Dynamic OEM Table Load:
Jul 10 09:33:23 techo2-PC kernel: [    0.066491] ACPI: SSDT 0xFFFF8BA6FA9EC800 00050E (v01 DpgPmm P001Ist  00000011 INTL 20051117)
Jul 10 09:33:23 techo2-PC kernel: [    0.066669] ACPI: Dynamic OEM Table Load:
Jul 10 09:33:23 techo2-PC kernel: [    0.066673] ACPI: SSDT 0xFFFF8BA6FA9EE800 000513 (v01 PmRef  P001Cst  00003001 INTL 20051117)
Jul 10 09:33:23 techo2-PC kernel: [    0.067159] ACPI: Interpreter enabled
Jul 10 09:33:23 techo2-PC kernel: [    0.067174] ACPI: (supports S0 S3 S4 S5)
Jul 10 09:33:23 techo2-PC kernel: [    0.067176] ACPI: Using IOAPIC for interrupt routing
Jul 10 09:33:23 techo2-PC kernel: [    0.067199] PCI: MMCONFIG for domain 0000 [bus 00-ff] at [mem 0xe0000000-0xefffffff] (base 0xe0000000)
Jul 10 09:33:23 techo2-PC kernel: [    0.068332] PCI: MMCONFIG at [mem 0xe0000000-0xefffffff] reserved in ACPI motherboard resources
Jul 10 09:33:23 techo2-PC kernel: [    0.068344] PCI: Using host bridge windows from ACPI; if necessary, use "pci=nocrs" and report a bug
Jul 10 09:33:23 techo2-PC kernel: [    0.068572] ACPI: GPE 0x1B active on init
Jul 10 09:33:23 techo2-PC kernel: [    0.068582] ACPI: Enabled 13 GPEs in block 00 to 3F
Jul 10 09:33:23 techo2-PC kernel: [    0.074393] ACPI: PCI Root Bridge [PCI0] (domain 0000 [bus 00-ff])
Jul 10 09:33:23 techo2-PC kernel: [    0.074398] acpi PNP0A08:00: _OSC: OS supports [ExtendedConfig ASPM ClockPM Segments MSI]
Jul 10 09:33:23 techo2-PC kernel: [    0.074402] acpi PNP0A08:00: _OSC failed (AE_NOT_FOUND); disabling ASPM
Jul 10 09:33:23 techo2-PC kernel: [    0.074618] PCI host bridge to bus 0000:00
Jul 10 09:33:23 techo2-PC kernel: [    0.074620] pci_bus 0000:00: root bus resource [io  0x0000-0x0cf7 window]
Jul 10 09:33:23 techo2-PC kernel: [    0.074622] pci_bus 0000:00: root bus resource [io  0x0d00-0xffff window]
Jul 10 09:33:23 techo2-PC kernel: [    0.074623] pci_bus 0000:00: root bus resource [mem 0x000a0000-0x000bffff window]
Jul 10 09:33:23 techo2-PC kernel: [    0.074625] pci_bus 0000:00: root bus resource [mem 0x000d0000-0x000dffff window]
Jul 10 09:33:23 techo2-PC kernel: [    0.074626] pci_bus 0000:00: root bus resource [mem 0xb7e00000-0xdfffffff window]
Jul 10 09:33:23 techo2-PC kernel: [    0.074627] pci_bus 0000:00: root bus resource [mem 0xf0000000-0xfed8ffff window]
Jul 10 09:33:23 techo2-PC kernel: [    0.074629] pci_bus 0000:00: root bus resource [bus 00-ff]
Jul 10 09:33:23 techo2-PC kernel: [    0.074636] pci 0000:00:00.0: [8086:2e20] type 00 class 0x060000
Jul 10 09:33:23 techo2-PC kernel: [    0.074657] DMAR: Forcing write-buffer flush capability
Jul 10 09:33:23 techo2-PC kernel: [    0.074658] DMAR: Disabling IOMMU for graphics on this chipset
Jul 10 09:33:23 techo2-PC kernel: [    0.074729] pci 0000:00:02.0: [8086:2e22] type 00 class 0x030000
Jul 10 09:33:23 techo2-PC kernel: [    0.074739] pci 0000:00:02.0: reg 0x10: [mem 0xfe400000-0xfe7fffff 64bit]
Jul 10 09:33:23 techo2-PC kernel: [    0.074745] pci 0000:00:02.0: reg 0x18: [mem 0xd0000000-0xdfffffff 64bit pref]
Jul 10 09:33:23 techo2-PC kernel: [    0.074749] pci 0000:00:02.0: reg 0x20: [io  0xdc00-0xdc07]
Jul 10 09:33:23 techo2-PC kernel: [    0.074853] pci 0000:00:1a.0: [8086:3a37] type 00 class 0x0c0300
Jul 10 09:33:23 techo2-PC kernel: [    0.074892] pci 0000:00:1a.0: reg 0x20: [io  0xd880-0xd89f]
Jul 10 09:33:23 techo2-PC kernel: [    0.074994] pci 0000:00:1a.1: [8086:3a38] type 00 class 0x0c0300
Jul 10 09:33:23 techo2-PC kernel: [    0.075032] pci 0000:00:1a.1: reg 0x20: [io  0xd800-0xd81f]
Jul 10 09:33:23 techo2-PC kernel: [    0.075141] pci 0000:00:1a.7: [8086:3a3c] type 00 class 0x0c0320
Jul 10 09:33:23 techo2-PC kernel: [    0.075160] pci 0000:00:1a.7: reg 0x10: [mem 0xfeafa000-0xfeafa3ff]
Jul 10 09:33:23 techo2-PC kernel: [    0.075233] pci 0000:00:1a.7: PME# supported from D0 D3hot D3cold
Jul 10 09:33:23 techo2-PC kernel: [    0.075309] pci 0000:00:1b.0: [8086:3a3e] type 00 class 0x040300
Jul 10 09:33:23 techo2-PC kernel: [    0.075327] pci 0000:00:1b.0: reg 0x10: [mem 0xfeaf4000-0xfeaf7fff 64bit]
Jul 10 09:33:23 techo2-PC kernel: [    0.075389] pci 0000:00:1b.0: PME# supported from D0 D3hot D3cold
Jul 10 09:33:23 techo2-PC kernel: [    0.075467] pci 0000:00:1c.0: [8086:3a40] type 01 class 0x060400
Jul 10 09:33:23 techo2-PC kernel: [    0.075527] pci 0000:00:1c.0: PME# supported from D0 D3hot D3cold
Jul 10 09:33:23 techo2-PC kernel: [    0.075606] pci 0000:00:1c.1: [8086:3a42] type 01 class 0x060400
Jul 10 09:33:23 techo2-PC kernel: [    0.075670] pci 0000:00:1c.1: PME# supported from D0 D3hot D3cold
Jul 10 09:33:23 techo2-PC kernel: [    0.075755] pci 0000:00:1d.0: [8086:3a34] type 00 class 0x0c0300
Jul 10 09:33:23 techo2-PC kernel: [    0.075794] pci 0000:00:1d.0: reg 0x20: [io  0xd480-0xd49f]
Jul 10 09:33:23 techo2-PC kernel: [    0.075894] pci 0000:00:1d.1: [8086:3a35] type 00 class 0x0c0300
Jul 10 09:33:23 techo2-PC kernel: [    0.075933] pci 0000:00:1d.1: reg 0x20: [io  0xd400-0xd41f]
Jul 10 09:33:23 techo2-PC kernel: [    0.076042] pci 0000:00:1d.2: [8086:3a36] type 00 class 0x0c0300
Jul 10 09:33:23 techo2-PC kernel: [    0.076082] pci 0000:00:1d.2: reg 0x20: [io  0xd080-0xd09f]
Jul 10 09:33:23 techo2-PC kernel: [    0.076183] pci 0000:00:1d.3: [8086:3a39] type 00 class 0x0c0300
Jul 10 09:33:23 techo2-PC kernel: [    0.076221] pci 0000:00:1d.3: reg 0x20: [io  0xd000-0xd01f]
Jul 10 09:33:23 techo2-PC kernel: [    0.076327] pci 0000:00:1d.7: [8086:3a3a] type 00 class 0x0c0320
Jul 10 09:33:23 techo2-PC kernel: [    0.076346] pci 0000:00:1d.7: reg 0x10: [mem 0xfeaf8000-0xfeaf83ff]
Jul 10 09:33:23 techo2-PC kernel: [    0.076419] pci 0000:00:1d.7: PME# supported from D0 D3hot D3cold
Jul 10 09:33:23 techo2-PC kernel: [    0.076496] pci 0000:00:1e.0: [8086:244e] type 01 class 0x060401
Jul 10 09:33:23 techo2-PC kernel: [    0.076604] pci 0000:00:1f.0: [8086:3a18] type 00 class 0x060100
Jul 10 09:33:23 techo2-PC kernel: [    0.076761] pci 0000:00:1f.2: [8086:3a20] type 00 class 0x01018a
Jul 10 09:33:23 techo2-PC kernel: [    0.076775] pci 0000:00:1f.2: reg 0x10: [io  0x0000-0x0007]
Jul 10 09:33:23 techo2-PC kernel: [    0.076781] pci 0000:00:1f.2: reg 0x14: [io  0x0000-0x0003]
Jul 10 09:33:23 techo2-PC kernel: [    0.076787] pci 0000:00:1f.2: reg 0x18: [io  0x0000-0x0007]
Jul 10 09:33:23 techo2-PC kernel: [    0.076794] pci 0000:00:1f.2: reg 0x1c: [io  0x0000-0x0003]
Jul 10 09:33:23 techo2-PC kernel: [    0.076800] pci 0000:00:1f.2: reg 0x20: [io  0xff90-0xff9f]
Jul 10 09:33:23 techo2-PC kernel: [    0.076806] pci 0000:00:1f.2: reg 0x24: [io  0xffa0-0xffaf]
Jul 10 09:33:23 techo2-PC kernel: [    0.076815] pci 0000:00:1f.2: legacy IDE quirk: reg 0x10: [io  0x01f0-0x01f7]
Jul 10 09:33:23 techo2-PC kernel: [    0.076816] pci 0000:00:1f.2: legacy IDE quirk: reg 0x14: [io  0x03f6]
Jul 10 09:33:23 techo2-PC kernel: [    0.076817] pci 0000:00:1f.2: legacy IDE quirk: reg 0x18: [io  0x0170-0x0177]
Jul 10 09:33:23 techo2-PC kernel: [    0.076819] pci 0000:00:1f.2: legacy IDE quirk: reg 0x1c: [io  0x0376]
Jul 10 09:33:23 techo2-PC kernel: [    0.076903] pci 0000:00:1f.3: [8086:3a30] type 00 class 0x0c0500
Jul 10 09:33:23 techo2-PC kernel: [    0.076919] pci 0000:00:1f.3: reg 0x10: [mem 0xfeaf3c00-0xfeaf3cff 64bit]
Jul 10 09:33:23 techo2-PC kernel: [    0.076936] pci 0000:00:1f.3: reg 0x20: [io  0x0400-0x041f]
Jul 10 09:33:23 techo2-PC kernel: [    0.077051] pci 0000:00:1c.0: PCI bridge to [bus 01]
Jul 10 09:33:23 techo2-PC kernel: [    0.077108] pci 0000:02:00.0: [10ec:8168] type 00 class 0x020000
Jul 10 09:33:23 techo2-PC kernel: [    0.077134] pci 0000:02:00.0: reg 0x10: [io  0xe800-0xe8ff]
Jul 10 09:33:23 techo2-PC kernel: [    0.077159] pci 0000:02:00.0: reg 0x18: [mem 0xfebff000-0xfebfffff 64bit]
Jul 10 09:33:23 techo2-PC kernel: [    0.077175] pci 0000:02:00.0: reg 0x20: [mem 0xfdffc000-0xfdffffff 64bit pref]
Jul 10 09:33:23 techo2-PC kernel: [    0.077186] pci 0000:02:00.0: reg 0x30: [mem 0xfebc0000-0xfebdffff pref]
Jul 10 09:33:23 techo2-PC kernel: [    0.077259] pci 0000:02:00.0: supports D1 D2
Jul 10 09:33:23 techo2-PC kernel: [    0.077261] pci 0000:02:00.0: PME# supported from D0 D1 D2 D3hot D3cold
Jul 10 09:33:23 techo2-PC kernel: [    0.088025] pci 0000:00:1c.1: PCI bridge to [bus 02]
Jul 10 09:33:23 techo2-PC kernel: [    0.088030] pci 0000:00:1c.1:   bridge window [io  0xe000-0xefff]
Jul 10 09:33:23 techo2-PC kernel: [    0.088034] pci 0000:00:1c.1:   bridge window [mem 0xfeb00000-0xfebfffff]
Jul 10 09:33:23 techo2-PC kernel: [    0.088040] pci 0000:00:1c.1:   bridge window [mem 0xfdf00000-0xfdffffff 64bit pref]
Jul 10 09:33:23 techo2-PC kernel: [    0.088125] pci 0000:00:1e.0: PCI bridge to [bus 03] (subtractive decode)
Jul 10 09:33:23 techo2-PC kernel: [    0.088135] pci 0000:00:1e.0:   bridge window [io  0x0000-0x0cf7 window] (subtractive decode)
Jul 10 09:33:23 techo2-PC kernel: [    0.088138] pci 0000:00:1e.0:   bridge window [io  0x0d00-0xffff window] (subtractive decode)
Jul 10 09:33:23 techo2-PC kernel: [    0.088141] pci 0000:00:1e.0:   bridge window [mem 0x000a0000-0x000bffff window] (subtractive decode)
Jul 10 09:33:23 techo2-PC kernel: [    0.088143] pci 0000:00:1e.0:   bridge window [mem 0x000d0000-0x000dffff window] (subtractive decode)
Jul 10 09:33:23 techo2-PC kernel: [    0.088146] pci 0000:00:1e.0:   bridge window [mem 0xb7e00000-0xdfffffff window] (subtractive decode)
Jul 10 09:33:23 techo2-PC kernel: [    0.088148] pci 0000:00:1e.0:   bridge window [mem 0xf0000000-0xfed8ffff window] (subtractive decode)
Jul 10 09:33:23 techo2-PC kernel: [    0.088762] ACPI: PCI Interrupt Link [LNKA] (IRQs 3 4 6 7 *10 11 12 14 15)
Jul 10 09:33:23 techo2-PC kernel: [    0.088811] ACPI: PCI Interrupt Link [LNKB] (IRQs *5)
Jul 10 09:33:23 techo2-PC kernel: [    0.088857] ACPI: PCI Interrupt Link [LNKC] (IRQs *3 4 6 7 10 11 12 14 15)
Jul 10 09:33:23 techo2-PC kernel: [    0.088904] ACPI: PCI Interrupt Link [LNKD] (IRQs 3 4 6 7 *10 11 12 14 15)
Jul 10 09:33:23 techo2-PC kernel: [    0.088952] ACPI: PCI Interrupt Link [LNKE] (IRQs 3 4 6 7 10 11 12 14 15) *0, disabled.
Jul 10 09:33:23 techo2-PC kernel: [    0.089000] ACPI: PCI Interrupt Link [LNKF] (IRQs 3 4 6 7 10 *11 12 14 15)
Jul 10 09:33:23 techo2-PC kernel: [    0.089048] ACPI: PCI Interrupt Link [LNKG] (IRQs 3 4 6 7 *10 11 12 14 15)
Jul 10 09:33:23 techo2-PC kernel: [    0.089096] ACPI: PCI Interrupt Link [LNKH] (IRQs 3 4 6 7 10 *11 12 14 15)
Jul 10 09:33:23 techo2-PC kernel: [    0.089376] SCSI subsystem initialized
Jul 10 09:33:23 techo2-PC kernel: [    0.089401] libata version 3.00 loaded.
Jul 10 09:33:23 techo2-PC kernel: [    0.089401] pci 0000:00:02.0: vgaarb: setting as boot VGA device
Jul 10 09:33:23 techo2-PC kernel: [    0.089401] pci 0000:00:02.0: vgaarb: VGA device added: decodes=io+mem,owns=io+mem,locks=none
Jul 10 09:33:23 techo2-PC kernel: [    0.089401] pci 0000:00:02.0: vgaarb: bridge control possible
Jul 10 09:33:23 techo2-PC kernel: [    0.089401] vgaarb: loaded
Jul 10 09:33:23 techo2-PC kernel: [    0.089401] ACPI: bus type USB registered
Jul 10 09:33:23 techo2-PC kernel: [    0.089401] usbcore: registered new interface driver usbfs
Jul 10 09:33:23 techo2-PC kernel: [    0.089401] usbcore: registered new interface driver hub
Jul 10 09:33:23 techo2-PC kernel: [    0.089401] usbcore: registered new device driver usb
Jul 10 09:33:23 techo2-PC kernel: [    0.089401] EDAC MC: Ver: 3.0.0
Jul 10 09:33:23 techo2-PC kernel: [    0.089401] PCI: Using ACPI for IRQ routing
Jul 10 09:33:23 techo2-PC kernel: [    0.094845] PCI: pci_cache_line_size set to 64 bytes
Jul 10 09:33:23 techo2-PC kernel: [    0.094882] Expanded resource Reserved due to conflict with PCI Bus 0000:00
Jul 10 09:33:23 techo2-PC kernel: [    0.094884] e820: reserve RAM buffer [mem 0x0009fc00-0x0009ffff]
Jul 10 09:33:23 techo2-PC kernel: [    0.094885] e820: reserve RAM buffer [mem 0xb7d90000-0xb7ffffff]
Jul 10 09:33:23 techo2-PC kernel: [    0.094971] NetLabel: Initializing
Jul 10 09:33:23 techo2-PC kernel: [    0.094972] NetLabel:  domain hash size = 128
Jul 10 09:33:23 techo2-PC kernel: [    0.094972] NetLabel:  protocols = UNLABELED CIPSOv4 CALIPSO
Jul 10 09:33:23 techo2-PC kernel: [    0.094990] NetLabel:  unlabeled traffic allowed by default
Jul 10 09:33:23 techo2-PC kernel: [    0.095008] HPET: 4 timers in total, 0 timers will be used for per-cpu timer
Jul 10 09:33:23 techo2-PC kernel: [    0.095008] hpet0: at MMIO 0xfed00000, IRQs 2, 8, 0, 0
Jul 10 09:33:23 techo2-PC kernel: [    0.095008] hpet0: 4 comparators, 64-bit 14.318180 MHz counter
Jul 10 09:33:23 techo2-PC kernel: [    0.097012] clocksource: Switched to clocksource hpet
Jul 10 09:33:23 techo2-PC kernel: [    0.109579] VFS: Disk quotas dquot_6.6.0
Jul 10 09:33:23 techo2-PC kernel: [    0.109603] VFS: Dquot-cache hash table entries: 512 (order 0, 4096 bytes)
Jul 10 09:33:23 techo2-PC kernel: [    0.109732] AppArmor: AppArmor Filesystem Enabled
Jul 10 09:33:23 techo2-PC kernel: [    0.109790] pnp: PnP ACPI init
Jul 10 09:33:23 techo2-PC kernel: [    0.109883] system 00:00: [mem 0xfed14000-0xfed19fff] has been reserved
Jul 10 09:33:23 techo2-PC kernel: [    0.109887] system 00:00: [mem 0xfed90000-0xfed93fff] has been reserved
Jul 10 09:33:23 techo2-PC kernel: [    0.109891] system 00:00: Plug and Play ACPI device, IDs PNP0c01 (active)
Jul 10 09:33:23 techo2-PC kernel: [    0.109956] pnp 00:01: Plug and Play ACPI device, IDs PNP0b00 (active)
Jul 10 09:33:23 techo2-PC kernel: [    0.110003] pnp 00:02: Plug and Play ACPI device, IDs PNP0303 PNP030b (active)
Jul 10 09:33:23 techo2-PC kernel: [    0.110054] pnp 00:03: Plug and Play ACPI device, IDs PNP0f03 PNP0f13 (active)
Jul 10 09:33:23 techo2-PC kernel: [    0.110375] pnp 00:04: [dma 3]
Jul 10 09:33:23 techo2-PC kernel: [    0.110477] pnp 00:04: Plug and Play ACPI device, IDs PNP0401 (active)
Jul 10 09:33:23 techo2-PC kernel: [    0.110574] system 00:05: [io  0x0a00-0x0a0f] has been reserved
Jul 10 09:33:23 techo2-PC kernel: [    0.110576] system 00:05: [io  0x0a10-0x0a1f] has been reserved
Jul 10 09:33:23 techo2-PC kernel: [    0.110579] system 00:05: Plug and Play ACPI device, IDs PNP0c02 (active)
Jul 10 09:33:23 techo2-PC kernel: [    0.110703] system 00:06: [io  0x04d0-0x04d1] has been reserved
Jul 10 09:33:23 techo2-PC kernel: [    0.110705] system 00:06: [io  0x0800-0x087f] has been reserved
Jul 10 09:33:23 techo2-PC kernel: [    0.110706] system 00:06: [io  0x0500-0x057f] has been reserved
Jul 10 09:33:23 techo2-PC kernel: [    0.110708] system 00:06: [mem 0xfed1c000-0xfed1ffff] has been reserved
Jul 10 09:33:23 techo2-PC kernel: [    0.110710] system 00:06: [mem 0xfed20000-0xfed3ffff] has been reserved
Jul 10 09:33:23 techo2-PC kernel: [    0.110712] system 00:06: [mem 0xfed40000-0xfed8ffff] has been reserved
Jul 10 09:33:23 techo2-PC kernel: [    0.110714] system 00:06: Plug and Play ACPI device, IDs PNP0c02 (active)
Jul 10 09:33:23 techo2-PC kernel: [    0.110802] system 00:07: [mem 0xffc00000-0xffefffff] has been reserved
Jul 10 09:33:23 techo2-PC kernel: [    0.110804] system 00:07: Plug and Play ACPI device, IDs PNP0c02 (active)
Jul 10 09:33:23 techo2-PC kernel: [    0.110891] system 00:08: [mem 0xfec00000-0xfec00fff] could not be reserved
Jul 10 09:33:23 techo2-PC kernel: [    0.110893] system 00:08: [mem 0xfee00000-0xfee00fff] has been reserved
Jul 10 09:33:23 techo2-PC kernel: [    0.110896] system 00:08: Plug and Play ACPI device, IDs PNP0c02 (active)
Jul 10 09:33:23 techo2-PC kernel: [    0.111061] pnp 00:09: [dma 0 disabled]
Jul 10 09:33:23 techo2-PC kernel: [    0.111120] pnp 00:09: Plug and Play ACPI device, IDs PNP0501 (active)
Jul 10 09:33:23 techo2-PC kernel: [    0.111175] system 00:0a: [mem 0xe0000000-0xefffffff] has been reserved
Jul 10 09:33:23 techo2-PC kernel: [    0.111178] system 00:0a: Plug and Play ACPI device, IDs PNP0c02 (active)
Jul 10 09:33:23 techo2-PC kernel: [    0.111322] system 00:0b: [mem 0x00000000-0x0009ffff] could not be reserved
Jul 10 09:33:23 techo2-PC kernel: [    0.111324] system 00:0b: [mem 0x000c0000-0x000cffff] could not be reserved
Jul 10 09:33:23 techo2-PC kernel: [    0.111326] system 00:0b: [mem 0x000e0000-0x000fffff] could not be reserved
Jul 10 09:33:23 techo2-PC kernel: [    0.111327] system 00:0b: [mem 0x00100000-0xb7dfffff] could not be reserved
Jul 10 09:33:23 techo2-PC kernel: [    0.111329] system 00:0b: [mem 0xfed90000-0xffffffff] could not be reserved
Jul 10 09:33:23 techo2-PC kernel: [    0.111332] system 00:0b: Plug and Play ACPI device, IDs PNP0c01 (active)
Jul 10 09:33:23 techo2-PC kernel: [    0.111437] pnp: PnP ACPI: found 12 devices
Jul 10 09:33:23 techo2-PC kernel: [    0.117769] clocksource: acpi_pm: mask: 0xffffff max_cycles: 0xffffff, max_idle_ns: 2085701024 ns
Jul 10 09:33:23 techo2-PC kernel: [    0.117784] pci 0000:00:1c.0: bridge window [io  0x1000-0x0fff] to [bus 01] add_size 1000
Jul 10 09:33:23 techo2-PC kernel: [    0.117787] pci 0000:00:1c.0: bridge window [mem 0x00100000-0x000fffff 64bit pref] to [bus 01] add_size 200000 add_align 100000
Jul 10 09:33:23 techo2-PC kernel: [    0.117789] pci 0000:00:1c.0: bridge window [mem 0x00100000-0x000fffff] to [bus 01] add_size 200000 add_align 100000
Jul 10 09:33:23 techo2-PC kernel: [    0.117806] pci 0000:00:1c.0: BAR 14: assigned [mem 0xc0000000-0xc01fffff]
Jul 10 09:33:23 techo2-PC kernel: [    0.117811] pci 0000:00:1c.0: BAR 15: assigned [mem 0xc0200000-0xc03fffff 64bit pref]
Jul 10 09:33:23 techo2-PC kernel: [    0.117813] pci 0000:00:1c.0: BAR 13: assigned [io  0x1000-0x1fff]
Jul 10 09:33:23 techo2-PC kernel: [    0.117816] pci 0000:00:1c.0: PCI bridge to [bus 01]
Jul 10 09:33:23 techo2-PC kernel: [    0.117818] pci 0000:00:1c.0:   bridge window [io  0x1000-0x1fff]
Jul 10 09:33:23 techo2-PC kernel: [    0.117822] pci 0000:00:1c.0:   bridge window [mem 0xc0000000-0xc01fffff]
Jul 10 09:33:23 techo2-PC kernel: [    0.117825] pci 0000:00:1c.0:   bridge window [mem 0xc0200000-0xc03fffff 64bit pref]
Jul 10 09:33:23 techo2-PC kernel: [    0.117830] pci 0000:00:1c.1: PCI bridge to [bus 02]
Jul 10 09:33:23 techo2-PC kernel: [    0.117832] pci 0000:00:1c.1:   bridge window [io  0xe000-0xefff]
Jul 10 09:33:23 techo2-PC kernel: [    0.117835] pci 0000:00:1c.1:   bridge window [mem 0xfeb00000-0xfebfffff]
Jul 10 09:33:23 techo2-PC kernel: [    0.117838] pci 0000:00:1c.1:   bridge window [mem 0xfdf00000-0xfdffffff 64bit pref]
Jul 10 09:33:23 techo2-PC kernel: [    0.117843] pci 0000:00:1e.0: PCI bridge to [bus 03]
Jul 10 09:33:23 techo2-PC kernel: [    0.117851] pci_bus 0000:00: resource 4 [io  0x0000-0x0cf7 window]
Jul 10 09:33:23 techo2-PC kernel: [    0.117853] pci_bus 0000:00: resource 5 [io  0x0d00-0xffff window]
Jul 10 09:33:23 techo2-PC kernel: [    0.117854] pci_bus 0000:00: resource 6 [mem 0x000a0000-0x000bffff window]
Jul 10 09:33:23 techo2-PC kernel: [    0.117856] pci_bus 0000:00: resource 7 [mem 0x000d0000-0x000dffff window]
Jul 10 09:33:23 techo2-PC kernel: [    0.117857] pci_bus 0000:00: resource 8 [mem 0xb7e00000-0xdfffffff window]
Jul 10 09:33:23 techo2-PC kernel: [    0.117859] pci_bus 0000:00: resource 9 [mem 0xf0000000-0xfed8ffff window]
Jul 10 09:33:23 techo2-PC kernel: [    0.117860] pci_bus 0000:01: resource 0 [io  0x1000-0x1fff]
Jul 10 09:33:23 techo2-PC kernel: [    0.117861] pci_bus 0000:01: resource 1 [mem 0xc0000000-0xc01fffff]
Jul 10 09:33:23 techo2-PC kernel: [    0.117863] pci_bus 0000:01: resource 2 [mem 0xc0200000-0xc03fffff 64bit pref]
Jul 10 09:33:23 techo2-PC kernel: [    0.117864] pci_bus 0000:02: resource 0 [io  0xe000-0xefff]
Jul 10 09:33:23 techo2-PC kernel: [    0.117866] pci_bus 0000:02: resource 1 [mem 0xfeb00000-0xfebfffff]
Jul 10 09:33:23 techo2-PC kernel: [    0.117867] pci_bus 0000:02: resource 2 [mem 0xfdf00000-0xfdffffff 64bit pref]
Jul 10 09:33:23 techo2-PC kernel: [    0.117868] pci_bus 0000:03: resource 4 [io  0x0000-0x0cf7 window]
Jul 10 09:33:23 techo2-PC kernel: [    0.117870] pci_bus 0000:03: resource 5 [io  0x0d00-0xffff window]
Jul 10 09:33:23 techo2-PC kernel: [    0.117871] pci_bus 0000:03: resource 6 [mem 0x000a0000-0x000bffff window]
Jul 10 09:33:23 techo2-PC kernel: [    0.117873] pci_bus 0000:03: resource 7 [mem 0x000d0000-0x000dffff window]
Jul 10 09:33:23 techo2-PC kernel: [    0.117874] pci_bus 0000:03: resource 8 [mem 0xb7e00000-0xdfffffff window]
Jul 10 09:33:23 techo2-PC kernel: [    0.117876] pci_bus 0000:03: resource 9 [mem 0xf0000000-0xfed8ffff window]
Jul 10 09:33:23 techo2-PC kernel: [    0.117943] NET: Registered protocol family 2
Jul 10 09:33:23 techo2-PC kernel: [    0.118117] TCP established hash table entries: 32768 (order: 6, 262144 bytes)
Jul 10 09:33:23 techo2-PC kernel: [    0.118218] TCP bind hash table entries: 32768 (order: 7, 524288 bytes)
Jul 10 09:33:23 techo2-PC kernel: [    0.118374] TCP: Hash tables configured (established 32768 bind 32768)
Jul 10 09:33:23 techo2-PC kernel: [    0.118425] UDP hash table entries: 2048 (order: 4, 65536 bytes)
Jul 10 09:33:23 techo2-PC kernel: [    0.118449] UDP-Lite hash table entries: 2048 (order: 4, 65536 bytes)
Jul 10 09:33:23 techo2-PC kernel: [    0.118508] NET: Registered protocol family 1
Jul 10 09:33:23 techo2-PC kernel: [    0.118524] pci 0000:00:02.0: Video device with shadowed ROM at [mem 0x000c0000-0x000dffff]
Jul 10 09:33:23 techo2-PC kernel: [    0.119494] PCI: CLS 32 bytes, default 64
Jul 10 09:33:23 techo2-PC kernel: [    0.119537] Unpacking initramfs...
Jul 10 09:33:23 techo2-PC kernel: [    0.841816] Freeing initrd memory: 48192K
Jul 10 09:33:23 techo2-PC kernel: [    0.841905] PCI-DMA: Using software bounce buffering for IO (SWIOTLB)
Jul 10 09:33:23 techo2-PC kernel: [    0.841909] software IO TLB [mem 0xb3d90000-0xb7d90000] (64MB) mapped at [ffff8ba673d90000-ffff8ba677d8ffff]
Jul 10 09:33:23 techo2-PC kernel: [    0.842054] Scanning for low memory corruption every 60 seconds
Jul 10 09:33:23 techo2-PC kernel: [    0.842360] audit: initializing netlink subsys (disabled)
Jul 10 09:33:23 techo2-PC kernel: [    0.842438] audit: type=2000 audit(1562731373.842:1): state=initialized audit_enabled=0 res=1
Jul 10 09:33:23 techo2-PC kernel: [    0.842719] Initialise system trusted keyrings
Jul 10 09:33:23 techo2-PC kernel: [    0.842732] Key type blacklist registered
Jul 10 09:33:23 techo2-PC kernel: [    0.842766] workingset: timestamp_bits=36 max_order=20 bucket_order=0
Jul 10 09:33:23 techo2-PC kernel: [    0.844277] zbud: loaded
Jul 10 09:33:23 techo2-PC kernel: [    0.844756] squashfs: version 4.0 (2009/01/31) Phillip Lougher
Jul 10 09:33:23 techo2-PC kernel: [    0.844904] fuse init (API version 7.26)
Jul 10 09:33:23 techo2-PC kernel: [    0.846097] Key type asymmetric registered
Jul 10 09:33:23 techo2-PC kernel: [    0.846098] Asymmetric key parser 'x509' registered
Jul 10 09:33:23 techo2-PC kernel: [    0.846132] Block layer SCSI generic (bsg) driver version 0.4 loaded (major 247)
Jul 10 09:33:23 techo2-PC kernel: [    0.846160] io scheduler noop registered
Jul 10 09:33:23 techo2-PC kernel: [    0.846161] io scheduler deadline registered
Jul 10 09:33:23 techo2-PC kernel: [    0.846190] io scheduler cfq registered (default)
Jul 10 09:33:23 techo2-PC kernel: [    0.846278] pcieport 0000:00:1c.0: enabling device (0104 -> 0107)
Jul 10 09:33:23 techo2-PC kernel: [    0.846686] vesafb: mode is 1024x768x32, linelength=4096, pages=0
Jul 10 09:33:23 techo2-PC kernel: [    0.846687] vesafb: scrolling: redraw
Jul 10 09:33:23 techo2-PC kernel: [    0.846689] vesafb: Truecolor: size=8:8:8:8, shift=24:16:8:0
Jul 10 09:33:23 techo2-PC kernel: [    0.846701] vesafb: framebuffer at 0xd0000000, mapped to 0xffffb77f80c00000, using 3072k, total 3072k
Jul 10 09:33:23 techo2-PC kernel: [    0.846788] Console: switching to colour frame buffer device 128x48
Jul 10 09:33:23 techo2-PC kernel: [    0.846808] fb0: VESA VGA frame buffer device
Jul 10 09:33:23 techo2-PC kernel: [    0.846820] intel_idle: does not run on family 6 model 23
Jul 10 09:33:23 techo2-PC kernel: [    0.846915] input: Power Button as /devices/LNXSYSTM:00/LNXSYBUS:00/PNP0C0C:00/input/input0
Jul 10 09:33:23 techo2-PC kernel: [    0.846925] ACPI: Power Button [PWRB]
Jul 10 09:33:23 techo2-PC kernel: [    0.846963] input: Power Button as /devices/LNXSYSTM:00/LNXPWRBN:00/input/input1
Jul 10 09:33:23 techo2-PC kernel: [    0.846983] ACPI: Power Button [PWRF]
Jul 10 09:33:23 techo2-PC kernel: [    0.847066] Monitor-Mwait will be used to enter C-1 state
Jul 10 09:33:23 techo2-PC kernel: [    0.847069] Monitor-Mwait will be used to enter C-2 state
Jul 10 09:33:23 techo2-PC kernel: [    0.847072] Monitor-Mwait will be used to enter C-3 state
Jul 10 09:33:23 techo2-PC kernel: [    0.847073] tsc: Marking TSC unstable due to TSC halts in idle
Jul 10 09:33:23 techo2-PC kernel: [    0.847315] GHES: HEST is not enabled!
Jul 10 09:33:23 techo2-PC kernel: [    0.847399] Serial: 8250/16550 driver, 32 ports, IRQ sharing enabled
Jul 10 09:33:23 techo2-PC kernel: [    0.867808] 00:09: ttyS0 at I/O 0x3f8 (irq = 4, base_baud = 115200) is a 16550A
Jul 10 09:33:23 techo2-PC kernel: [    0.869260] Linux agpgart interface v0.103
Jul 10 09:33:23 techo2-PC kernel: [    0.870736] loop: module loaded
Jul 10 09:33:23 techo2-PC kernel: [    0.870849] ata_piix 0000:00:1f.2: version 2.13
Jul 10 09:33:23 techo2-PC kernel: [    0.870937] ata_piix 0000:00:1f.2: MAP [ P0 P2 P1 P3 ]
Jul 10 09:33:23 techo2-PC kernel: [    1.029087] scsi host0: ata_piix
Jul 10 09:33:23 techo2-PC kernel: [    1.029191] scsi host1: ata_piix
Jul 10 09:33:23 techo2-PC kernel: [    1.029230] ata1: SATA max UDMA/133 cmd 0x1f0 ctl 0x3f6 bmdma 0xff90 irq 14
Jul 10 09:33:23 techo2-PC kernel: [    1.029234] ata2: SATA max UDMA/133 cmd 0x170 ctl 0x376 bmdma 0xff98 irq 15
Jul 10 09:33:23 techo2-PC kernel: [    1.029315] libphy: Fixed MDIO Bus: probed
Jul 10 09:33:23 techo2-PC kernel: [    1.029316] tun: Universal TUN/TAP device driver, 1.6
Jul 10 09:33:23 techo2-PC kernel: [    1.029370] PPP generic driver version 2.4.2
Jul 10 09:33:23 techo2-PC kernel: [    1.029416] ehci_hcd: USB 2.0 'Enhanced' Host Controller (EHCI) Driver
Jul 10 09:33:23 techo2-PC kernel: [    1.029420] ehci-pci: EHCI PCI platform driver
Jul 10 09:33:23 techo2-PC kernel: [    1.029517] ehci-pci 0000:00:1a.7: EHCI Host Controller
Jul 10 09:33:23 techo2-PC kernel: [    1.029529] ehci-pci 0000:00:1a.7: new USB bus registered, assigned bus number 1
Jul 10 09:33:23 techo2-PC kernel: [    1.029540] ehci-pci 0000:00:1a.7: debug port 1
Jul 10 09:33:23 techo2-PC kernel: [    1.033434] ehci-pci 0000:00:1a.7: cache line size of 32 is not supported
Jul 10 09:33:23 techo2-PC kernel: [    1.033444] ehci-pci 0000:00:1a.7: irq 18, io mem 0xfeafa000
Jul 10 09:33:23 techo2-PC kernel: [    1.048086] ehci-pci 0000:00:1a.7: USB 2.0 started, EHCI 1.00
Jul 10 09:33:23 techo2-PC kernel: [    1.048143] usb usb1: New USB device found, idVendor=1d6b, idProduct=0002
Jul 10 09:33:23 techo2-PC kernel: [    1.048146] usb usb1: New USB device strings: Mfr=3, Product=2, SerialNumber=1
Jul 10 09:33:23 techo2-PC kernel: [    1.048149] usb usb1: Product: EHCI Host Controller
Jul 10 09:33:23 techo2-PC kernel: [    1.048152] usb usb1: Manufacturer: Linux 4.13.0-36-generic ehci_hcd
Jul 10 09:33:23 techo2-PC kernel: [    1.048154] usb usb1: SerialNumber: 0000:00:1a.7
Jul 10 09:33:23 techo2-PC kernel: [    1.048325] hub 1-0:1.0: USB hub found
Jul 10 09:33:23 techo2-PC kernel: [    1.048335] hub 1-0:1.0: 4 ports detected
Jul 10 09:33:23 techo2-PC kernel: [    1.048548] ehci-pci 0000:00:1d.7: EHCI Host Controller
Jul 10 09:33:23 techo2-PC kernel: [    1.048552] ehci-pci 0000:00:1d.7: new USB bus registered, assigned bus number 2
Jul 10 09:33:23 techo2-PC kernel: [    1.048561] ehci-pci 0000:00:1d.7: debug port 1
Jul 10 09:33:23 techo2-PC kernel: [    1.052446] ehci-pci 0000:00:1d.7: cache line size of 32 is not supported
Jul 10 09:33:23 techo2-PC kernel: [    1.052455] ehci-pci 0000:00:1d.7: irq 23, io mem 0xfeaf8000
Jul 10 09:33:23 techo2-PC kernel: [    1.068022] ehci-pci 0000:00:1d.7: USB 2.0 started, EHCI 1.00
Jul 10 09:33:23 techo2-PC kernel: [    1.068050] usb usb2: New USB device found, idVendor=1d6b, idProduct=0002
Jul 10 09:33:23 techo2-PC kernel: [    1.068052] usb usb2: New USB device strings: Mfr=3, Product=2, SerialNumber=1
Jul 10 09:33:23 techo2-PC kernel: [    1.068053] usb usb2: Product: EHCI Host Controller
Jul 10 09:33:23 techo2-PC kernel: [    1.068055] usb usb2: Manufacturer: Linux 4.13.0-36-generic ehci_hcd
Jul 10 09:33:23 techo2-PC kernel: [    1.068056] usb usb2: SerialNumber: 0000:00:1d.7
Jul 10 09:33:23 techo2-PC kernel: [    1.068155] hub 2-0:1.0: USB hub found
Jul 10 09:33:23 techo2-PC kernel: [    1.068160] hub 2-0:1.0: 8 ports detected
Jul 10 09:33:23 techo2-PC kernel: [    1.068304] ehci-platform: EHCI generic platform driver
Jul 10 09:33:23 techo2-PC kernel: [    1.068313] ohci_hcd: USB 1.1 'Open' Host Controller (OHCI) Driver
Jul 10 09:33:23 techo2-PC kernel: [    1.068315] ohci-pci: OHCI PCI platform driver
Jul 10 09:33:23 techo2-PC kernel: [    1.068323] ohci-platform: OHCI generic platform driver
Jul 10 09:33:23 techo2-PC kernel: [    1.068331] uhci_hcd: USB Universal Host Controller Interface driver
Jul 10 09:33:23 techo2-PC kernel: [    1.068397] uhci_hcd 0000:00:1a.0: UHCI Host Controller
Jul 10 09:33:23 techo2-PC kernel: [    1.068402] uhci_hcd 0000:00:1a.0: new USB bus registered, assigned bus number 3
Jul 10 09:33:23 techo2-PC kernel: [    1.068407] uhci_hcd 0000:00:1a.0: detected 2 ports
Jul 10 09:33:23 techo2-PC kernel: [    1.068428] uhci_hcd 0000:00:1a.0: irq 16, io base 0x0000d880
Jul 10 09:33:23 techo2-PC kernel: [    1.068466] usb usb3: New USB device found, idVendor=1d6b, idProduct=0001
Jul 10 09:33:23 techo2-PC kernel: [    1.068467] usb usb3: New USB device strings: Mfr=3, Product=2, SerialNumber=1
Jul 10 09:33:23 techo2-PC kernel: [    1.068469] usb usb3: Product: UHCI Host Controller
Jul 10 09:33:23 techo2-PC kernel: [    1.068470] usb usb3: Manufacturer: Linux 4.13.0-36-generic uhci_hcd
Jul 10 09:33:23 techo2-PC kernel: [    1.068472] usb usb3: SerialNumber: 0000:00:1a.0
Jul 10 09:33:23 techo2-PC kernel: [    1.068567] hub 3-0:1.0: USB hub found
Jul 10 09:33:23 techo2-PC kernel: [    1.068572] hub 3-0:1.0: 2 ports detected
Jul 10 09:33:23 techo2-PC kernel: [    1.068712] uhci_hcd 0000:00:1a.1: UHCI Host Controller
Jul 10 09:33:23 techo2-PC kernel: [    1.068717] uhci_hcd 0000:00:1a.1: new USB bus registered, assigned bus number 4
Jul 10 09:33:23 techo2-PC kernel: [    1.068721] uhci_hcd 0000:00:1a.1: detected 2 ports
Jul 10 09:33:23 techo2-PC kernel: [    1.068741] uhci_hcd 0000:00:1a.1: irq 21, io base 0x0000d800
Jul 10 09:33:23 techo2-PC kernel: [    1.068786] usb usb4: New USB device found, idVendor=1d6b, idProduct=0001
Jul 10 09:33:23 techo2-PC kernel: [    1.068788] usb usb4: New USB device strings: Mfr=3, Product=2, SerialNumber=1
Jul 10 09:33:23 techo2-PC kernel: [    1.068789] usb usb4: Product: UHCI Host Controller
Jul 10 09:33:23 techo2-PC kernel: [    1.068791] usb usb4: Manufacturer: Linux 4.13.0-36-generic uhci_hcd
Jul 10 09:33:23 techo2-PC kernel: [    1.068792] usb usb4: SerialNumber: 0000:00:1a.1
Jul 10 09:33:23 techo2-PC kernel: [    1.068892] hub 4-0:1.0: USB hub found
Jul 10 09:33:23 techo2-PC kernel: [    1.068897] hub 4-0:1.0: 2 ports detected
Jul 10 09:33:23 techo2-PC kernel: [    1.069024] uhci_hcd 0000:00:1d.0: UHCI Host Controller
Jul 10 09:33:23 techo2-PC kernel: [    1.069028] uhci_hcd 0000:00:1d.0: new USB bus registered, assigned bus number 5
Jul 10 09:33:23 techo2-PC kernel: [    1.069033] uhci_hcd 0000:00:1d.0: detected 2 ports
Jul 10 09:33:23 techo2-PC kernel: [    1.069050] uhci_hcd 0000:00:1d.0: irq 23, io base 0x0000d480
Jul 10 09:33:23 techo2-PC kernel: [    1.069087] usb usb5: New USB device found, idVendor=1d6b, idProduct=0001
Jul 10 09:33:23 techo2-PC kernel: [    1.069089] usb usb5: New USB device strings: Mfr=3, Product=2, SerialNumber=1
Jul 10 09:33:23 techo2-PC kernel: [    1.069090] usb usb5: Product: UHCI Host Controller
Jul 10 09:33:23 techo2-PC kernel: [    1.069092] usb usb5: Manufacturer: Linux 4.13.0-36-generic uhci_hcd
Jul 10 09:33:23 techo2-PC kernel: [    1.069093] usb usb5: SerialNumber: 0000:00:1d.0
Jul 10 09:33:23 techo2-PC kernel: [    1.069194] hub 5-0:1.0: USB hub found
Jul 10 09:33:23 techo2-PC kernel: [    1.069199] hub 5-0:1.0: 2 ports detected
Jul 10 09:33:23 techo2-PC kernel: [    1.069327] uhci_hcd 0000:00:1d.1: UHCI Host Controller
Jul 10 09:33:23 techo2-PC kernel: [    1.069332] uhci_hcd 0000:00:1d.1: new USB bus registered, assigned bus number 6
Jul 10 09:33:23 techo2-PC kernel: [    1.069337] uhci_hcd 0000:00:1d.1: detected 2 ports
Jul 10 09:33:23 techo2-PC kernel: [    1.069357] uhci_hcd 0000:00:1d.1: irq 19, io base 0x0000d400
Jul 10 09:33:23 techo2-PC kernel: [    1.069396] usb usb6: New USB device found, idVendor=1d6b, idProduct=0001
Jul 10 09:33:23 techo2-PC kernel: [    1.069397] usb usb6: New USB device strings: Mfr=3, Product=2, SerialNumber=1
Jul 10 09:33:23 techo2-PC kernel: [    1.069399] usb usb6: Product: UHCI Host Controller
Jul 10 09:33:23 techo2-PC kernel: [    1.069400] usb usb6: Manufacturer: Linux 4.13.0-36-generic uhci_hcd
Jul 10 09:33:23 techo2-PC kernel: [    1.069401] usb usb6: SerialNumber: 0000:00:1d.1
Jul 10 09:33:23 techo2-PC kernel: [    1.069500] hub 6-0:1.0: USB hub found
Jul 10 09:33:23 techo2-PC kernel: [    1.069505] hub 6-0:1.0: 2 ports detected
Jul 10 09:33:23 techo2-PC kernel: [    1.069632] uhci_hcd 0000:00:1d.2: UHCI Host Controller
Jul 10 09:33:23 techo2-PC kernel: [    1.069636] uhci_hcd 0000:00:1d.2: new USB bus registered, assigned bus number 7
Jul 10 09:33:23 techo2-PC kernel: [    1.069641] uhci_hcd 0000:00:1d.2: detected 2 ports
Jul 10 09:33:23 techo2-PC kernel: [    1.069659] uhci_hcd 0000:00:1d.2: irq 18, io base 0x0000d080
Jul 10 09:33:23 techo2-PC kernel: [    1.069695] usb usb7: New USB device found, idVendor=1d6b, idProduct=0001
Jul 10 09:33:23 techo2-PC kernel: [    1.069697] usb usb7: New USB device strings: Mfr=3, Product=2, SerialNumber=1
Jul 10 09:33:23 techo2-PC kernel: [    1.069698] usb usb7: Product: UHCI Host Controller
Jul 10 09:33:23 techo2-PC kernel: [    1.069700] usb usb7: Manufacturer: Linux 4.13.0-36-generic uhci_hcd
Jul 10 09:33:23 techo2-PC kernel: [    1.069701] usb usb7: SerialNumber: 0000:00:1d.2
Jul 10 09:33:23 techo2-PC kernel: [    1.069794] hub 7-0:1.0: USB hub found
Jul 10 09:33:23 techo2-PC kernel: [    1.069799] hub 7-0:1.0: 2 ports detected
Jul 10 09:33:23 techo2-PC kernel: [    1.069924] uhci_hcd 0000:00:1d.3: UHCI Host Controller
Jul 10 09:33:23 techo2-PC kernel: [    1.069928] uhci_hcd 0000:00:1d.3: new USB bus registered, assigned bus number 8
Jul 10 09:33:23 techo2-PC kernel: [    1.069933] uhci_hcd 0000:00:1d.3: detected 2 ports
Jul 10 09:33:23 techo2-PC kernel: [    1.069948] uhci_hcd 0000:00:1d.3: irq 16, io base 0x0000d000
Jul 10 09:33:23 techo2-PC kernel: [    1.069987] usb usb8: New USB device found, idVendor=1d6b, idProduct=0001
Jul 10 09:33:23 techo2-PC kernel: [    1.069988] usb usb8: New USB device strings: Mfr=3, Product=2, SerialNumber=1
Jul 10 09:33:23 techo2-PC kernel: [    1.069990] usb usb8: Product: UHCI Host Controller
Jul 10 09:33:23 techo2-PC kernel: [    1.069991] usb usb8: Manufacturer: Linux 4.13.0-36-generic uhci_hcd
Jul 10 09:33:23 techo2-PC kernel: [    1.069992] usb usb8: SerialNumber: 0000:00:1d.3
Jul 10 09:33:23 techo2-PC kernel: [    1.070090] hub 8-0:1.0: USB hub found
Jul 10 09:33:23 techo2-PC kernel: [    1.070094] hub 8-0:1.0: 2 ports detected
Jul 10 09:33:23 techo2-PC kernel: [    1.070214] i8042: PNP: PS/2 Controller [PNP0303:PS2K,PNP0f03:PS2M] at 0x60,0x64 irq 1,12
Jul 10 09:33:23 techo2-PC kernel: [    1.072672] serio: i8042 KBD port at 0x60,0x64 irq 1
Jul 10 09:33:23 techo2-PC kernel: [    1.072675] serio: i8042 AUX port at 0x60,0x64 irq 12
Jul 10 09:33:23 techo2-PC kernel: [    1.072805] mousedev: PS/2 mouse device common for all mice
Jul 10 09:33:23 techo2-PC kernel: [    1.072947] rtc_cmos 00:01: RTC can wake from S4
Jul 10 09:33:23 techo2-PC kernel: [    1.073045] rtc_cmos 00:01: rtc core: registered rtc_cmos as rtc0
Jul 10 09:33:23 techo2-PC kernel: [    1.073069] rtc_cmos 00:01: alarms up to one month, y3k, 114 bytes nvram, hpet irqs
