Jun 17 11:06:30 ubuntu rsyslogd: [origin software="rsyslogd" swVersion="8.16.0" x-pid="1168" x-info="http://www.rsyslog.com"] start
Jun 17 11:06:30 ubuntu rsyslogd-2222: command 'KLogPermitNonKernelFacility' is currently not permitted - did you already set it via a RainerScript command (v6+ config)? [v8.16.0 try http://www.rsyslog.com/e/2222 ]
Jun 17 11:06:30 ubuntu rsyslogd: rsyslogd's groupid changed to 108
Jun 17 11:06:30 ubuntu rsyslogd: rsyslogd's userid changed to 104
Jun 17 11:06:30 ubuntu rsyslogd-2039: Could not open output pipe '/dev/xconsole':: No such file or directory [v8.16.0 try http://www.rsyslog.com/e/2039 ]
Jun 17 11:06:30 ubuntu rsyslogd-2007: action 'action 10' suspended, next retry is Mon Jun 17 11:07:00 2019 [v8.16.0 try http://www.rsyslog.com/e/2007 ]
Jun 17 11:06:30 ubuntu systemd[1]: Starting Flush Journal to Persistent Storage...
Jun 17 11:06:30 ubuntu systemd[1]: Started LVM2 metadata daemon.
Jun 17 11:06:30 ubuntu systemd-modules-load[985]: Inserted module 'lp'
Jun 17 11:06:30 ubuntu systemd-modules-load[985]: Inserted module 'ppdev'
Jun 17 11:06:30 ubuntu systemd[1]: Started Flush Journal to Persistent Storage.
Jun 17 11:06:30 ubuntu systemd[1]: Started udev Kernel Device Manager.
Jun 17 11:06:30 ubuntu systemd[1]: Started udev Coldplug all Devices.
Jun 17 11:06:30 ubuntu loadkeys[986]: Loading /etc/console-setup/cached.kmap.gz
Jun 17 11:06:30 ubuntu systemd[1]: Started Set console keymap.
Jun 17 11:06:30 ubuntu systemd[1]: Starting Show Plymouth Boot Screen...
Jun 17 11:06:30 ubuntu systemd-modules-load[985]: Inserted module 'parport_pc'
Jun 17 11:06:30 ubuntu systemd[1]: Started Load Kernel Modules.
Jun 17 11:06:30 ubuntu systemd[1]: Mounting Configuration File System...
Jun 17 11:06:30 ubuntu systemd[1]: Mounting FUSE Control File System...
Jun 17 11:06:30 ubuntu systemd[1]: Starting Apply Kernel Variables...
Jun 17 11:06:30 ubuntu systemd[1]: Mounted Configuration File System.
Jun 17 11:06:30 ubuntu systemd[1]: Started Show Plymouth Boot Screen.
Jun 17 11:06:30 ubuntu systemd[1]: Mounted FUSE Control File System.
Jun 17 11:06:30 ubuntu systemd[1]: Started Apply Kernel Variables.
Jun 17 11:06:30 ubuntu systemd[1]: Started Forward Password Requests to Plymouth Directory Watch.
Jun 17 11:06:30 ubuntu systemd[1]: Started Monitoring of LVM2 mirrors, snapshots etc. using dmeventd or progress polling.
Jun 17 11:06:30 ubuntu systemd[1]: Reached target Local File Systems (Pre).
Jun 17 11:06:30 ubuntu systemd[1]: tmp.mount: Directory /tmp to mount over is not empty, mounting anyway.
Jun 17 11:06:30 ubuntu systemd[1]: Mounting /tmp...
Jun 17 11:06:30 ubuntu systemd[1]: Mounted /tmp.
Jun 17 11:06:30 ubuntu systemd[1]: Reached target Local File Systems.
Jun 17 11:06:30 ubuntu systemd[1]: Starting Tell Plymouth To Write Out Runtime Data...
Jun 17 11:06:30 ubuntu systemd[1]: Starting Set console font and keymap...
Jun 17 11:06:30 ubuntu kernel: [    0.000000] random: get_random_bytes called from start_kernel+0x42/0x50d with crng_init=0
Jun 17 11:06:30 ubuntu kernel: [    0.000000] Linux version 4.13.0-36-generic (buildd@lgw01-amd64-033) (gcc version 5.4.0 20160609 (Ubuntu 5.4.0-6ubuntu1~16.04.9)) #40~16.04.1-Ubuntu SMP Fri Feb 16 23:25:58 UTC 2018 (Ubuntu 4.13.0-36.40~16.04.1-generic 4.13.13)
Jun 17 11:06:30 ubuntu kernel: [    0.000000] Command line: file=/cdrom/preseed/ubuntu.seed boot=casper initrd=/casper/initrd.lz quiet splash --- maybe-ubiquity
Jun 17 11:06:30 ubuntu kernel: [    0.000000] KERNEL supported cpus:
Jun 17 11:06:30 ubuntu kernel: [    0.000000]   Intel GenuineIntel
Jun 17 11:06:30 ubuntu kernel: [    0.000000]   AMD AuthenticAMD
Jun 17 11:06:30 ubuntu kernel: [    0.000000]   Centaur CentaurHauls
Jun 17 11:06:30 ubuntu kernel: [    0.000000] x86/fpu: Supporting XSAVE feature 0x001: 'x87 floating point registers'
Jun 17 11:06:30 ubuntu kernel: [    0.000000] x86/fpu: Supporting XSAVE feature 0x002: 'SSE registers'
Jun 17 11:06:30 ubuntu kernel: [    0.000000] x86/fpu: Enabled xstate features 0x3, context size is 576 bytes, using 'standard' format.
Jun 17 11:06:30 ubuntu kernel: [    0.000000] e820: BIOS-provided physical RAM map:
Jun 17 11:06:30 ubuntu kernel: [    0.000000] BIOS-e820: [mem 0x0000000000000000-0x000000000009fbff] usable
Jun 17 11:06:30 ubuntu kernel: [    0.000000] BIOS-e820: [mem 0x000000000009fc00-0x000000000009ffff] reserved
Jun 17 11:06:30 ubuntu kernel: [    0.000000] BIOS-e820: [mem 0x00000000000e0000-0x00000000000fffff] reserved
Jun 17 11:06:30 ubuntu kernel: [    0.000000] BIOS-e820: [mem 0x0000000000100000-0x00000000b7d8ffff] usable
Jun 17 11:06:30 ubuntu kernel: [    0.000000] BIOS-e820: [mem 0x00000000b7d90000-0x00000000b7d9dfff] ACPI data
Jun 17 11:06:30 ubuntu kernel: [    0.000000] BIOS-e820: [mem 0x00000000b7d9e000-0x00000000b7ddffff] ACPI NVS
Jun 17 11:06:30 ubuntu kernel: [    0.000000] BIOS-e820: [mem 0x00000000b7de0000-0x00000000bfffffff] reserved
Jun 17 11:06:30 ubuntu kernel: [    0.000000] BIOS-e820: [mem 0x00000000fee00000-0x00000000fee00fff] reserved
Jun 17 11:06:30 ubuntu kernel: [    0.000000] BIOS-e820: [mem 0x00000000ffb00000-0x00000000ffffffff] reserved
Jun 17 11:06:30 ubuntu kernel: [    0.000000] BIOS-e820: [mem 0x0000000100000000-0x000000013fffffff] usable
Jun 17 11:06:30 ubuntu kernel: [    0.000000] NX (Execute Disable) protection: active
Jun 17 11:06:30 ubuntu kernel: [    0.000000] random: fast init done
Jun 17 11:06:30 ubuntu kernel: [    0.000000] SMBIOS 2.6 present.
Jun 17 11:06:30 ubuntu kernel: [    0.000000] DMI: Hewlett-Packard HP Pro 3090 MT/0B58h, BIOS V1.01 01/27/2010
Jun 17 11:06:30 ubuntu systemd[1]: Starting Create Volatile Files and Directories...
Jun 17 11:06:30 ubuntu kernel: [    0.000000] tsc: Fast TSC calibration using PIT
Jun 17 11:06:30 ubuntu kernel: [    0.000000] e820: update [mem 0x00000000-0x00000fff] usable ==> reserved
Jun 17 11:06:30 ubuntu kernel: [    0.000000] e820: remove [mem 0x000a0000-0x000fffff] usable
Jun 17 11:06:30 ubuntu kernel: [    0.000000] e820: last_pfn = 0x140000 max_arch_pfn = 0x400000000
Jun 17 11:06:30 ubuntu kernel: [    0.000000] MTRR default type: uncachable
Jun 17 11:06:30 ubuntu kernel: [    0.000000] MTRR fixed ranges enabled:
Jun 17 11:06:30 ubuntu kernel: [    0.000000]   00000-9FFFF write-back
Jun 17 11:06:30 ubuntu kernel: [    0.000000]   A0000-BFFFF uncachable
Jun 17 11:06:30 ubuntu kernel: [    0.000000]   C0000-CFFFF write-protect
Jun 17 11:06:30 ubuntu kernel: [    0.000000]   D0000-DFFFF uncachable
Jun 17 11:06:30 ubuntu kernel: [    0.000000]   E0000-EFFFF write-through
Jun 17 11:06:30 ubuntu kernel: [    0.000000]   F0000-FFFFF write-protect
Jun 17 11:06:30 ubuntu kernel: [    0.000000] MTRR variable ranges enabled:
Jun 17 11:06:30 ubuntu kernel: [    0.000000]   0 base 000000000 mask F00000000 write-back
Jun 17 11:06:30 ubuntu kernel: [    0.000000]   1 base 100000000 mask FC0000000 write-back
Jun 17 11:06:30 ubuntu kernel: [    0.000000]   2 base 0C0000000 mask FC0000000 uncachable
Jun 17 11:06:30 ubuntu kernel: [    0.000000]   3 base 0B7E00000 mask FFFE00000 uncachable
Jun 17 11:06:30 ubuntu kernel: [    0.000000]   4 base 0B8000000 mask FF8000000 uncachable
Jun 17 11:06:30 ubuntu kernel: [    0.000000]   5 disabled
Jun 17 11:06:30 ubuntu kernel: [    0.000000]   6 disabled
Jun 17 11:06:30 ubuntu kernel: [    0.000000]   7 disabled
Jun 17 11:06:30 ubuntu kernel: [    0.000000] x86/PAT: Configuration [0-7]: WB  WC  UC- UC  WB  WC  UC- WT  
Jun 17 11:06:30 ubuntu kernel: [    0.000000] total RAM covered: 3966M
Jun 17 11:06:30 ubuntu kernel: [    0.000000] Found optimal setting for mtrr clean up
Jun 17 11:06:30 ubuntu kernel: [    0.000000]  gran_size: 64K 	chunk_size: 256M 	num_reg: 5  	lose cover RAM: 0G
Jun 17 11:06:30 ubuntu kernel: [    0.000000] e820: update [mem 0xb7e00000-0xffffffff] usable ==> reserved
Jun 17 11:06:30 ubuntu kernel: [    0.000000] e820: last_pfn = 0xb7d90 max_arch_pfn = 0x400000000
Jun 17 11:06:30 ubuntu kernel: [    0.000000] found SMP MP-table at [mem 0x000ff780-0x000ff78f] mapped at [ffff8ae1000ff780]
Jun 17 11:06:30 ubuntu kernel: [    0.000000] Scanning 1 areas for low memory corruption
Jun 17 11:06:30 ubuntu kernel: [    0.000000] Base memory trampoline at [ffff8ae100099000] 99000 size 24576
Jun 17 11:06:30 ubuntu kernel: [    0.000000] BRK [0x8d72a000, 0x8d72afff] PGTABLE
Jun 17 11:06:30 ubuntu kernel: [    0.000000] BRK [0x8d72b000, 0x8d72bfff] PGTABLE
Jun 17 11:06:30 ubuntu kernel: [    0.000000] BRK [0x8d72c000, 0x8d72cfff] PGTABLE
Jun 17 11:06:30 ubuntu kernel: [    0.000000] BRK [0x8d72d000, 0x8d72dfff] PGTABLE
Jun 17 11:06:30 ubuntu kernel: [    0.000000] BRK [0x8d72e000, 0x8d72efff] PGTABLE
Jun 17 11:06:30 ubuntu kernel: [    0.000000] RAMDISK: [mem 0x7e1bf000-0x7fffffff]
Jun 17 11:06:30 ubuntu kernel: [    0.000000] ACPI: Early table checksum verification disabled
Jun 17 11:06:30 ubuntu kernel: [    0.000000] ACPI: RSDP 0x00000000000F9BF0 000014 (v00 HPQOEM)
Jun 17 11:06:30 ubuntu kernel: [    0.000000] ACPI: RSDT 0x00000000B7D90000 000044 (v01 012710 RSDT1647 20100127 MSFT 00000097)
Jun 17 11:06:30 ubuntu kernel: [    0.000000] ACPI: FACP 0x00000000B7D90200 000084 (v01 012710 FACP1647 20100127 MSFT 00000097)
Jun 17 11:06:30 ubuntu kernel: [    0.000000] ACPI: DSDT 0x00000000B7D905C0 005B04 (v01 A7647  A7647010 00000010 INTL 20051117)
Jun 17 11:06:30 ubuntu kernel: [    0.000000] ACPI: FACS 0x00000000B7D9E000 000040
Jun 17 11:06:30 ubuntu kernel: [    0.000000] ACPI: APIC 0x00000000B7D90390 00006C (v01 012710 APIC1647 20100127 MSFT 00000097)
Jun 17 11:06:30 ubuntu kernel: [    0.000000] ACPI: MCFG 0x00000000B7D90400 00003C (v01 012710 SLIC-BPC 20100127 MSFT 00000097)
Jun 17 11:06:30 ubuntu kernel: [    0.000000] ACPI: SLIC 0x00000000B7D90440 000176 (v01 012710 SLIC1647 20100127 MSFT 00000097)
Jun 17 11:06:30 ubuntu kernel: [    0.000000] ACPI: OEMB 0x00000000B7D9E040 000072 (v01 012710 OEMB1647 20100127 MSFT 00000097)
Jun 17 11:06:30 ubuntu kernel: [    0.000000] ACPI: HPET 0x00000000B7D9A5C0 000038 (v01 012710 OEMHPET  20100127 MSFT 00000097)
Jun 17 11:06:30 ubuntu kernel: [    0.000000] ACPI: GSCI 0x00000000B7D9E0C0 002024 (v01 012710 GMCHSCI  20100127 MSFT 00000097)
Jun 17 11:06:30 ubuntu kernel: [    0.000000] ACPI: SSDT 0x00000000B7DA0B20 000363 (v01 DpgPmm CpuPm    00000012 INTL 20051117)
Jun 17 11:06:30 ubuntu kernel: [    0.000000] ACPI: Local APIC address 0xfee00000
Jun 17 11:06:30 ubuntu kernel: [    0.000000] No NUMA configuration found
Jun 17 11:06:30 ubuntu kernel: [    0.000000] Faking a node at [mem 0x0000000000000000-0x000000013fffffff]
Jun 17 11:06:30 ubuntu kernel: [    0.000000] NODE_DATA(0) allocated [mem 0x13ffd2000-0x13fffcfff]
Jun 17 11:06:30 ubuntu kernel: [    0.000000] Zone ranges:
Jun 17 11:06:30 ubuntu kernel: [    0.000000]   DMA      [mem 0x0000000000001000-0x0000000000ffffff]
Jun 17 11:06:30 ubuntu kernel: [    0.000000]   DMA32    [mem 0x0000000001000000-0x00000000ffffffff]
Jun 17 11:06:30 ubuntu kernel: [    0.000000]   Normal   [mem 0x0000000100000000-0x000000013fffffff]
Jun 17 11:06:30 ubuntu kernel: [    0.000000]   Device   empty
Jun 17 11:06:30 ubuntu kernel: [    0.000000] Movable zone start for each node
Jun 17 11:06:30 ubuntu kernel: [    0.000000] Early memory node ranges
Jun 17 11:06:30 ubuntu kernel: [    0.000000]   node   0: [mem 0x0000000000001000-0x000000000009efff]
Jun 17 11:06:30 ubuntu kernel: [    0.000000]   node   0: [mem 0x0000000000100000-0x00000000b7d8ffff]
Jun 17 11:06:30 ubuntu kernel: [    0.000000]   node   0: [mem 0x0000000100000000-0x000000013fffffff]
Jun 17 11:06:30 ubuntu kernel: [    0.000000] Initmem setup node 0 [mem 0x0000000000001000-0x000000013fffffff]
Jun 17 11:06:30 ubuntu kernel: [    0.000000] On node 0 totalpages: 1015086
Jun 17 11:06:30 ubuntu kernel: [    0.000000]   DMA zone: 64 pages used for memmap
Jun 17 11:06:30 ubuntu kernel: [    0.000000]   DMA zone: 21 pages reserved
Jun 17 11:06:30 ubuntu kernel: [    0.000000]   DMA zone: 3998 pages, LIFO batch:0
Jun 17 11:06:30 ubuntu kernel: [    0.000000]   DMA32 zone: 11703 pages used for memmap
Jun 17 11:06:30 ubuntu kernel: [    0.000000]   DMA32 zone: 748944 pages, LIFO batch:31
Jun 17 11:06:30 ubuntu kernel: [    0.000000]   Normal zone: 4096 pages used for memmap
Jun 17 11:06:30 ubuntu kernel: [    0.000000]   Normal zone: 262144 pages, LIFO batch:31
Jun 17 11:06:30 ubuntu kernel: [    0.000000] Reserving Intel graphics memory at 0x00000000b8000000-0x00000000bfffffff
Jun 17 11:06:30 ubuntu kernel: [    0.000000] ACPI: PM-Timer IO Port: 0x808
Jun 17 11:06:30 ubuntu kernel: [    0.000000] ACPI: Local APIC address 0xfee00000
Jun 17 11:06:30 ubuntu kernel: [    0.000000] IOAPIC[0]: apic_id 2, version 32, address 0xfec00000, GSI 0-23
Jun 17 11:06:30 ubuntu kernel: [    0.000000] ACPI: INT_SRC_OVR (bus 0 bus_irq 0 global_irq 2 dfl dfl)
Jun 17 11:06:30 ubuntu kernel: [    0.000000] ACPI: INT_SRC_OVR (bus 0 bus_irq 9 global_irq 9 high level)
Jun 17 11:06:30 ubuntu kernel: [    0.000000] ACPI: IRQ0 used by override.
Jun 17 11:06:30 ubuntu kernel: [    0.000000] ACPI: IRQ9 used by override.
Jun 17 11:06:30 ubuntu kernel: [    0.000000] Using ACPI (MADT) for SMP configuration information
Jun 17 11:06:30 ubuntu kernel: [    0.000000] ACPI: HPET id: 0xffffffff base: 0xfed00000
Jun 17 11:06:30 ubuntu kernel: [    0.000000] smpboot: Allowing 4 CPUs, 2 hotplug CPUs
Jun 17 11:06:30 ubuntu kernel: [    0.000000] PM: Registered nosave memory: [mem 0x00000000-0x00000fff]
Jun 17 11:06:30 ubuntu kernel: [    0.000000] PM: Registered nosave memory: [mem 0x0009f000-0x0009ffff]
Jun 17 11:06:30 ubuntu kernel: [    0.000000] PM: Registered nosave memory: [mem 0x000a0000-0x000dffff]
Jun 17 11:06:30 ubuntu kernel: [    0.000000] PM: Registered nosave memory: [mem 0x000e0000-0x000fffff]
Jun 17 11:06:30 ubuntu kernel: [    0.000000] PM: Registered nosave memory: [mem 0xb7d90000-0xb7d9dfff]
Jun 17 11:06:30 ubuntu kernel: [    0.000000] PM: Registered nosave memory: [mem 0xb7d9e000-0xb7ddffff]
Jun 17 11:06:30 ubuntu kernel: [    0.000000] PM: Registered nosave memory: [mem 0xb7de0000-0xbfffffff]
Jun 17 11:06:30 ubuntu kernel: [    0.000000] PM: Registered nosave memory: [mem 0xc0000000-0xfedfffff]
Jun 17 11:06:30 ubuntu kernel: [    0.000000] PM: Registered nosave memory: [mem 0xfee00000-0xfee00fff]
Jun 17 11:06:30 ubuntu kernel: [    0.000000] PM: Registered nosave memory: [mem 0xfee01000-0xffafffff]
Jun 17 11:06:30 ubuntu kernel: [    0.000000] PM: Registered nosave memory: [mem 0xffb00000-0xffffffff]
Jun 17 11:06:30 ubuntu kernel: [    0.000000] e820: [mem 0xc0000000-0xfedfffff] available for PCI devices
Jun 17 11:06:30 ubuntu kernel: [    0.000000] Booting paravirtualized kernel on bare hardware
Jun 17 11:06:30 ubuntu kernel: [    0.000000] clocksource: refined-jiffies: mask: 0xffffffff max_cycles: 0xffffffff, max_idle_ns: 7645519600211568 ns
Jun 17 11:06:30 ubuntu kernel: [    0.000000] setup_percpu: NR_CPUS:8192 nr_cpumask_bits:4 nr_cpu_ids:4 nr_node_ids:1
Jun 17 11:06:30 ubuntu kernel: [    0.000000] percpu: Embedded 45 pages/cpu @ffff8ae23fc00000 s146520 r8192 d29608 u524288
Jun 17 11:06:30 ubuntu kernel: [    0.000000] pcpu-alloc: s146520 r8192 d29608 u524288 alloc=1*2097152
Jun 17 11:06:30 ubuntu kernel: [    0.000000] pcpu-alloc: [0] 0 1 2 3 
Jun 17 11:06:30 ubuntu kernel: [    0.000000] Built 1 zonelists in Node order, mobility grouping on.  Total pages: 999202
Jun 17 11:06:30 ubuntu kernel: [    0.000000] Policy zone: Normal
Jun 17 11:06:30 ubuntu kernel: [    0.000000] Kernel command line: file=/cdrom/preseed/ubuntu.seed boot=casper initrd=/casper/initrd.lz quiet splash --- maybe-ubiquity
Jun 17 11:06:30 ubuntu kernel: [    0.000000] PID hash table entries: 4096 (order: 3, 32768 bytes)
Jun 17 11:06:30 ubuntu kernel: [    0.000000] Calgary: detecting Calgary via BIOS EBDA area
Jun 17 11:06:30 ubuntu kernel: [    0.000000] Calgary: Unable to locate Rio Grande table in EBDA - bailing!
Jun 17 11:06:30 ubuntu kernel: [    0.000000] Memory: 3873016K/4060344K available (12300K kernel code, 2481K rwdata, 4008K rodata, 2364K init, 2368K bss, 187328K reserved, 0K cma-reserved)
Jun 17 11:06:30 ubuntu kernel: [    0.000000] SLUB: HWalign=64, Order=0-3, MinObjects=0, CPUs=4, Nodes=1
Jun 17 11:06:30 ubuntu kernel: [    0.000000] Kernel/User page tables isolation: enabled
Jun 17 11:06:30 ubuntu kernel: [    0.000000] ftrace: allocating 37831 entries in 148 pages
Jun 17 11:06:30 ubuntu kernel: [    0.000000] Hierarchical RCU implementation.
Jun 17 11:06:30 ubuntu kernel: [    0.000000] 	RCU restricting CPUs from NR_CPUS=8192 to nr_cpu_ids=4.
Jun 17 11:06:30 ubuntu kernel: [    0.000000] 	Tasks RCU enabled.
Jun 17 11:06:30 ubuntu kernel: [    0.000000] RCU: Adjusting geometry for rcu_fanout_leaf=16, nr_cpu_ids=4
Jun 17 11:06:30 ubuntu kernel: [    0.000000] NR_IRQS: 524544, nr_irqs: 456, preallocated irqs: 16
Jun 17 11:06:30 ubuntu kernel: [    0.000000] Console: colour VGA+ 80x25
Jun 17 11:06:30 ubuntu kernel: [    0.000000] console [tty0] enabled
Jun 17 11:06:30 ubuntu kernel: [    0.000000] clocksource: hpet: mask: 0xffffffff max_cycles: 0xffffffff, max_idle_ns: 133484882848 ns
Jun 17 11:06:30 ubuntu kernel: [    0.000000] hpet clockevent registered
Jun 17 11:06:30 ubuntu kernel: [    0.000000] tsc: Fast TSC calibration using PIT
Jun 17 11:06:30 ubuntu kernel: [    0.004000] tsc: Detected 2925.877 MHz processor
Jun 17 11:06:30 ubuntu kernel: [    0.004000] Calibrating delay loop (skipped), value calculated using timer frequency.. 5851.75 BogoMIPS (lpj=11703508)
Jun 17 11:06:30 ubuntu kernel: [    0.004000] pid_max: default: 32768 minimum: 301
Jun 17 11:06:30 ubuntu kernel: [    0.004000] ACPI: Core revision 20170531
Jun 17 11:06:30 ubuntu kernel: [    0.009864] ACPI: 2 ACPI AML tables successfully acquired and loaded
Jun 17 11:06:30 ubuntu kernel: [    0.009888] Security Framework initialized
Jun 17 11:06:30 ubuntu kernel: [    0.009889] Yama: becoming mindful.
Jun 17 11:06:30 ubuntu kernel: [    0.009907] AppArmor: AppArmor initialized
Jun 17 11:06:30 ubuntu kernel: [    0.011314] Dentry cache hash table entries: 524288 (order: 10, 4194304 bytes)
Jun 17 11:06:30 ubuntu kernel: [    0.012229] Inode-cache hash table entries: 262144 (order: 9, 2097152 bytes)
Jun 17 11:06:30 ubuntu kernel: [    0.012276] Mount-cache hash table entries: 8192 (order: 4, 65536 bytes)
Jun 17 11:06:30 ubuntu kernel: [    0.012304] Mountpoint-cache hash table entries: 8192 (order: 4, 65536 bytes)
Jun 17 11:06:30 ubuntu kernel: [    0.012579] FEATURE SPEC_CTRL Not Present
Jun 17 11:06:30 ubuntu kernel: [    0.012581] CPU: Physical Processor ID: 0
Jun 17 11:06:30 ubuntu kernel: [    0.012581] CPU: Processor Core ID: 0
Jun 17 11:06:30 ubuntu kernel: [    0.012583] mce: CPU supports 6 MCE banks
Jun 17 11:06:30 ubuntu kernel: [    0.012589] CPU0: Thermal monitoring enabled (TM2)
Jun 17 11:06:30 ubuntu kernel: [    0.012591] process: using mwait in idle threads
Jun 17 11:06:30 ubuntu kernel: [    0.012595] Last level iTLB entries: 4KB 128, 2MB 4, 4MB 4
Jun 17 11:06:30 ubuntu kernel: [    0.012596] Last level dTLB entries: 4KB 256, 2MB 0, 4MB 32, 1GB 0
Jun 17 11:06:30 ubuntu kernel: [    0.012598] Spectre V2 mitigation: Mitigation: Full generic retpoline
Jun 17 11:06:30 ubuntu kernel: [    0.012599] Spectre V2 mitigation: Speculation control IBPB not-supported IBRS not-supported
Jun 17 11:06:30 ubuntu kernel: [    0.012727] Freeing SMP alternatives memory: 36K
Jun 17 11:06:30 ubuntu kernel: [    0.016105] smpboot: Max logical packages: 2
Jun 17 11:06:30 ubuntu kernel: [    0.016473] ..TIMER: vector=0x30 apic1=0 pin1=2 apic2=-1 pin2=-1
Jun 17 11:06:30 ubuntu kernel: [    0.060000] smpboot: CPU0: Intel(R) Core(TM)2 Duo CPU     E7500  @ 2.93GHz (family: 0x6, model: 0x17, stepping: 0xa)
Jun 17 11:06:30 ubuntu kernel: [    0.060000] Performance Events: PEBS fmt0+, Core2 events, Intel PMU driver.
Jun 17 11:06:30 ubuntu kernel: [    0.060000] ... version:                2
Jun 17 11:06:30 ubuntu kernel: [    0.060000] ... bit width:              40
Jun 17 11:06:30 ubuntu kernel: [    0.060000] ... generic registers:      2
Jun 17 11:06:30 ubuntu kernel: [    0.060000] ... value mask:             000000ffffffffff
Jun 17 11:06:30 ubuntu kernel: [    0.060000] ... max period:             000000007fffffff
Jun 17 11:06:30 ubuntu kernel: [    0.060000] ... fixed-purpose events:   3
Jun 17 11:06:30 ubuntu kernel: [    0.060000] ... event mask:             0000000700000003
Jun 17 11:06:30 ubuntu kernel: [    0.060000] Hierarchical SRCU implementation.
Jun 17 11:06:30 ubuntu kernel: [    0.060000] smp: Bringing up secondary CPUs ...
Jun 17 11:06:30 ubuntu kernel: [    0.060000] x86: Booting SMP configuration:
Jun 17 11:06:30 ubuntu kernel: [    0.060000] .... node  #0, CPUs:      #1
Jun 17 11:06:30 ubuntu kernel: [    0.060000] smp: Brought up 1 node, 2 CPUs
Jun 17 11:06:30 ubuntu kernel: [    0.060000] smpboot: Total of 2 processors activated (11703.50 BogoMIPS)
Jun 17 11:06:30 ubuntu kernel: [    0.060325] NMI watchdog: enabled on all CPUs, permanently consumes one hw-PMU counter.
Jun 17 11:06:30 ubuntu kernel: [    0.060339] devtmpfs: initialized
Jun 17 11:06:30 ubuntu kernel: [    0.060339] x86/mm: Memory block size: 128MB
Jun 17 11:06:30 ubuntu kernel: [    0.060525] evm: security.selinux
Jun 17 11:06:30 ubuntu kernel: [    0.060525] evm: security.SMACK64
Jun 17 11:06:30 ubuntu kernel: [    0.060526] evm: security.SMACK64EXEC
Jun 17 11:06:30 ubuntu kernel: [    0.060527] evm: security.SMACK64TRANSMUTE
Jun 17 11:06:30 ubuntu kernel: [    0.060527] evm: security.SMACK64MMAP
Jun 17 11:06:30 ubuntu kernel: [    0.060528] evm: security.ima
Jun 17 11:06:30 ubuntu kernel: [    0.060528] evm: security.capability
Jun 17 11:06:30 ubuntu kernel: [    0.060556] PM: Registering ACPI NVS region [mem 0xb7d9e000-0xb7ddffff] (270336 bytes)
Jun 17 11:06:30 ubuntu kernel: [    0.060556] clocksource: jiffies: mask: 0xffffffff max_cycles: 0xffffffff, max_idle_ns: 7645041785100000 ns
Jun 17 11:06:30 ubuntu kernel: [    0.060556] futex hash table entries: 1024 (order: 4, 65536 bytes)
Jun 17 11:06:30 ubuntu kernel: [    0.060556] pinctrl core: initialized pinctrl subsystem
Jun 17 11:06:30 ubuntu kernel: [    0.060556] RTC time: 11:06:06, date: 06/17/19
Jun 17 11:06:30 ubuntu kernel: [    0.060556] NET: Registered protocol family 16
Jun 17 11:06:30 ubuntu kernel: [    0.060556] cpuidle: using governor ladder
Jun 17 11:06:30 ubuntu kernel: [    0.060556] cpuidle: using governor menu
Jun 17 11:06:30 ubuntu kernel: [    0.060556] PCCT header not found.
Jun 17 11:06:30 ubuntu kernel: [    0.060556] ACPI: bus type PCI registered
Jun 17 11:06:30 ubuntu kernel: [    0.060556] acpiphp: ACPI Hot Plug PCI Controller Driver version: 0.5
Jun 17 11:06:30 ubuntu kernel: [    0.060556] PCI: MMCONFIG for domain 0000 [bus 00-ff] at [mem 0xe0000000-0xefffffff] (base 0xe0000000)
Jun 17 11:06:30 ubuntu kernel: [    0.060556] PCI: not using MMCONFIG
Jun 17 11:06:30 ubuntu kernel: [    0.060556] PCI: Using configuration type 1 for base access
Jun 17 11:06:30 ubuntu kernel: [    0.064025] HugeTLB registered 2.00 MiB page size, pre-allocated 0 pages
Jun 17 11:06:30 ubuntu kernel: [    0.064062] ACPI: Added _OSI(Module Device)
Jun 17 11:06:30 ubuntu kernel: [    0.064063] ACPI: Added _OSI(Processor Device)
Jun 17 11:06:30 ubuntu kernel: [    0.064063] ACPI: Added _OSI(3.0 _SCP Extensions)
Jun 17 11:06:30 ubuntu kernel: [    0.064064] ACPI: Added _OSI(Processor Aggregator Device)
Jun 17 11:06:30 ubuntu kernel: [    0.064256] ACPI: Executed 1 blocks of module-level executable AML code
Jun 17 11:06:30 ubuntu kernel: [    0.066486] ACPI: Dynamic OEM Table Load:
Jun 17 11:06:30 ubuntu kernel: [    0.066492] ACPI: SSDT 0xFFFF8AE23A9EE000 00050E (v01 DpgPmm P001Ist  00000011 INTL 20051117)
Jun 17 11:06:30 ubuntu kernel: [    0.066670] ACPI: Dynamic OEM Table Load:
Jun 17 11:06:30 ubuntu kernel: [    0.066674] ACPI: SSDT 0xFFFF8AE23A9E8000 000513 (v01 PmRef  P001Cst  00003001 INTL 20051117)
Jun 17 11:06:30 ubuntu kernel: [    0.067159] ACPI: Interpreter enabled
Jun 17 11:06:30 ubuntu kernel: [    0.067174] ACPI: (supports S0 S3 S4 S5)
Jun 17 11:06:30 ubuntu kernel: [    0.067176] ACPI: Using IOAPIC for interrupt routing
Jun 17 11:06:30 ubuntu kernel: [    0.067199] PCI: MMCONFIG for domain 0000 [bus 00-ff] at [mem 0xe0000000-0xefffffff] (base 0xe0000000)
Jun 17 11:06:30 ubuntu kernel: [    0.068334] PCI: MMCONFIG at [mem 0xe0000000-0xefffffff] reserved in ACPI motherboard resources
Jun 17 11:06:30 ubuntu kernel: [    0.068346] PCI: Using host bridge windows from ACPI; if necessary, use "pci=nocrs" and report a bug
Jun 17 11:06:30 ubuntu kernel: [    0.068575] ACPI: GPE 0x1B active on init
Jun 17 11:06:30 ubuntu kernel: [    0.068585] ACPI: Enabled 13 GPEs in block 00 to 3F
Jun 17 11:06:30 ubuntu kernel: [    0.074396] ACPI: PCI Root Bridge [PCI0] (domain 0000 [bus 00-ff])
Jun 17 11:06:30 ubuntu kernel: [    0.074401] acpi PNP0A08:00: _OSC: OS supports [ExtendedConfig ASPM ClockPM Segments MSI]
Jun 17 11:06:30 ubuntu kernel: [    0.074404] acpi PNP0A08:00: _OSC failed (AE_NOT_FOUND); disabling ASPM
Jun 17 11:06:30 ubuntu kernel: [    0.074621] PCI host bridge to bus 0000:00
Jun 17 11:06:30 ubuntu kernel: [    0.074625] pci_bus 0000:00: root bus resource [io  0x0000-0x0cf7 window]
Jun 17 11:06:30 ubuntu kernel: [    0.074626] pci_bus 0000:00: root bus resource [io  0x0d00-0xffff window]
Jun 17 11:06:30 ubuntu kernel: [    0.074628] pci_bus 0000:00: root bus resource [mem 0x000a0000-0x000bffff window]
Jun 17 11:06:30 ubuntu kernel: [    0.074629] pci_bus 0000:00: root bus resource [mem 0x000d0000-0x000dffff window]
Jun 17 11:06:30 ubuntu kernel: [    0.074630] pci_bus 0000:00: root bus resource [mem 0xb7e00000-0xdfffffff window]
Jun 17 11:06:30 ubuntu kernel: [    0.074632] pci_bus 0000:00: root bus resource [mem 0xf0000000-0xfed8ffff window]
Jun 17 11:06:30 ubuntu kernel: [    0.074633] pci_bus 0000:00: root bus resource [bus 00-ff]
Jun 17 11:06:30 ubuntu kernel: [    0.074641] pci 0000:00:00.0: [8086:2e20] type 00 class 0x060000
Jun 17 11:06:30 ubuntu kernel: [    0.074661] DMAR: Forcing write-buffer flush capability
Jun 17 11:06:30 ubuntu kernel: [    0.074662] DMAR: Disabling IOMMU for graphics on this chipset
Jun 17 11:06:30 ubuntu kernel: [    0.074733] pci 0000:00:02.0: [8086:2e22] type 00 class 0x030000
Jun 17 11:06:30 ubuntu kernel: [    0.074744] pci 0000:00:02.0: reg 0x10: [mem 0xfe400000-0xfe7fffff 64bit]
Jun 17 11:06:30 ubuntu kernel: [    0.074749] pci 0000:00:02.0: reg 0x18: [mem 0xd0000000-0xdfffffff 64bit pref]
Jun 17 11:06:30 ubuntu kernel: [    0.074753] pci 0000:00:02.0: reg 0x20: [io  0xdc00-0xdc07]
Jun 17 11:06:30 ubuntu kernel: [    0.074857] pci 0000:00:1a.0: [8086:3a37] type 00 class 0x0c0300
Jun 17 11:06:30 ubuntu kernel: [    0.074895] pci 0000:00:1a.0: reg 0x20: [io  0xd880-0xd89f]
Jun 17 11:06:30 ubuntu kernel: [    0.074998] pci 0000:00:1a.1: [8086:3a38] type 00 class 0x0c0300
Jun 17 11:06:30 ubuntu kernel: [    0.075037] pci 0000:00:1a.1: reg 0x20: [io  0xd800-0xd81f]
Jun 17 11:06:30 ubuntu kernel: [    0.075146] pci 0000:00:1a.7: [8086:3a3c] type 00 class 0x0c0320
Jun 17 11:06:30 ubuntu kernel: [    0.075165] pci 0000:00:1a.7: reg 0x10: [mem 0xfeafa000-0xfeafa3ff]
Jun 17 11:06:30 ubuntu kernel: [    0.075238] pci 0000:00:1a.7: PME# supported from D0 D3hot D3cold
Jun 17 11:06:30 ubuntu kernel: [    0.075315] pci 0000:00:1b.0: [8086:3a3e] type 00 class 0x040300
Jun 17 11:06:30 ubuntu kernel: [    0.075333] pci 0000:00:1b.0: reg 0x10: [mem 0xfeaf4000-0xfeaf7fff 64bit]
Jun 17 11:06:30 ubuntu kernel: [    0.075395] pci 0000:00:1b.0: PME# supported from D0 D3hot D3cold
Jun 17 11:06:30 ubuntu kernel: [    0.075472] pci 0000:00:1c.0: [8086:3a40] type 01 class 0x060400
Jun 17 11:06:30 ubuntu kernel: [    0.075531] pci 0000:00:1c.0: PME# supported from D0 D3hot D3cold
Jun 17 11:06:30 ubuntu kernel: [    0.075611] pci 0000:00:1c.1: [8086:3a42] type 01 class 0x060400
Jun 17 11:06:30 ubuntu kernel: [    0.075674] pci 0000:00:1c.1: PME# supported from D0 D3hot D3cold
Jun 17 11:06:30 ubuntu kernel: [    0.075759] pci 0000:00:1d.0: [8086:3a34] type 00 class 0x0c0300
Jun 17 11:06:30 ubuntu kernel: [    0.075798] pci 0000:00:1d.0: reg 0x20: [io  0xd480-0xd49f]
Jun 17 11:06:30 ubuntu kernel: [    0.075898] pci 0000:00:1d.1: [8086:3a35] type 00 class 0x0c0300
Jun 17 11:06:30 ubuntu kernel: [    0.075937] pci 0000:00:1d.1: reg 0x20: [io  0xd400-0xd41f]
Jun 17 11:06:30 ubuntu kernel: [    0.076045] pci 0000:00:1d.2: [8086:3a36] type 00 class 0x0c0300
Jun 17 11:06:30 ubuntu kernel: [    0.076084] pci 0000:00:1d.2: reg 0x20: [io  0xd080-0xd09f]
Jun 17 11:06:30 ubuntu kernel: [    0.076185] pci 0000:00:1d.3: [8086:3a39] type 00 class 0x0c0300
Jun 17 11:06:30 ubuntu kernel: [    0.076224] pci 0000:00:1d.3: reg 0x20: [io  0xd000-0xd01f]
Jun 17 11:06:30 ubuntu kernel: [    0.076329] pci 0000:00:1d.7: [8086:3a3a] type 00 class 0x0c0320
Jun 17 11:06:30 ubuntu kernel: [    0.076348] pci 0000:00:1d.7: reg 0x10: [mem 0xfeaf8000-0xfeaf83ff]
Jun 17 11:06:30 ubuntu kernel: [    0.076421] pci 0000:00:1d.7: PME# supported from D0 D3hot D3cold
Jun 17 11:06:30 ubuntu kernel: [    0.076498] pci 0000:00:1e.0: [8086:244e] type 01 class 0x060401
Jun 17 11:06:30 ubuntu kernel: [    0.076606] pci 0000:00:1f.0: [8086:3a18] type 00 class 0x060100
Jun 17 11:06:30 ubuntu kernel: [    0.076763] pci 0000:00:1f.2: [8086:3a20] type 00 class 0x01018a
Jun 17 11:06:30 ubuntu kernel: [    0.076777] pci 0000:00:1f.2: reg 0x10: [io  0x0000-0x0007]
Jun 17 11:06:30 ubuntu kernel: [    0.076783] pci 0000:00:1f.2: reg 0x14: [io  0x0000-0x0003]
Jun 17 11:06:30 ubuntu kernel: [    0.076790] pci 0000:00:1f.2: reg 0x18: [io  0x0000-0x0007]
Jun 17 11:06:30 ubuntu kernel: [    0.076796] pci 0000:00:1f.2: reg 0x1c: [io  0x0000-0x0003]
Jun 17 11:06:30 ubuntu kernel: [    0.076803] pci 0000:00:1f.2: reg 0x20: [io  0xff90-0xff9f]
Jun 17 11:06:30 ubuntu kernel: [    0.076809] pci 0000:00:1f.2: reg 0x24: [io  0xffa0-0xffaf]
Jun 17 11:06:30 ubuntu kernel: [    0.076817] pci 0000:00:1f.2: legacy IDE quirk: reg 0x10: [io  0x01f0-0x01f7]
Jun 17 11:06:30 ubuntu kernel: [    0.076819] pci 0000:00:1f.2: legacy IDE quirk: reg 0x14: [io  0x03f6]
Jun 17 11:06:30 ubuntu kernel: [    0.076820] pci 0000:00:1f.2: legacy IDE quirk: reg 0x18: [io  0x0170-0x0177]
Jun 17 11:06:30 ubuntu kernel: [    0.076821] pci 0000:00:1f.2: legacy IDE quirk: reg 0x1c: [io  0x0376]
Jun 17 11:06:30 ubuntu kernel: [    0.076907] pci 0000:00:1f.3: [8086:3a30] type 00 class 0x0c0500
Jun 17 11:06:30 ubuntu kernel: [    0.076923] pci 0000:00:1f.3: reg 0x10: [mem 0xfeaf3c00-0xfeaf3cff 64bit]
Jun 17 11:06:30 ubuntu kernel: [    0.076940] pci 0000:00:1f.3: reg 0x20: [io  0x0400-0x041f]
Jun 17 11:06:30 ubuntu kernel: [    0.077054] pci 0000:00:1c.0: PCI bridge to [bus 01]
Jun 17 11:06:30 ubuntu kernel: [    0.077111] pci 0000:02:00.0: [10ec:8168] type 00 class 0x020000
Jun 17 11:06:30 ubuntu kernel: [    0.077136] pci 0000:02:00.0: reg 0x10: [io  0xe800-0xe8ff]
Jun 17 11:06:30 ubuntu kernel: [    0.077161] pci 0000:02:00.0: reg 0x18: [mem 0xfebff000-0xfebfffff 64bit]
Jun 17 11:06:30 ubuntu kernel: [    0.077177] pci 0000:02:00.0: reg 0x20: [mem 0xfdffc000-0xfdffffff 64bit pref]
Jun 17 11:06:30 ubuntu kernel: [    0.077188] pci 0000:02:00.0: reg 0x30: [mem 0xfebc0000-0xfebdffff pref]
Jun 17 11:06:30 ubuntu kernel: [    0.077261] pci 0000:02:00.0: supports D1 D2
Jun 17 11:06:30 ubuntu kernel: [    0.077262] pci 0000:02:00.0: PME# supported from D0 D1 D2 D3hot D3cold
Jun 17 11:06:30 ubuntu kernel: [    0.088025] pci 0000:00:1c.1: PCI bridge to [bus 02]
Jun 17 11:06:30 ubuntu kernel: [    0.088030] pci 0000:00:1c.1:   bridge window [io  0xe000-0xefff]
Jun 17 11:06:30 ubuntu kernel: [    0.088035] pci 0000:00:1c.1:   bridge window [mem 0xfeb00000-0xfebfffff]
Jun 17 11:06:30 ubuntu kernel: [    0.088041] pci 0000:00:1c.1:   bridge window [mem 0xfdf00000-0xfdffffff 64bit pref]
Jun 17 11:06:30 ubuntu kernel: [    0.088125] pci 0000:00:1e.0: PCI bridge to [bus 03] (subtractive decode)
Jun 17 11:06:30 ubuntu kernel: [    0.088135] pci 0000:00:1e.0:   bridge window [io  0x0000-0x0cf7 window] (subtractive decode)
Jun 17 11:06:30 ubuntu kernel: [    0.088138] pci 0000:00:1e.0:   bridge window [io  0x0d00-0xffff window] (subtractive decode)
Jun 17 11:06:30 ubuntu kernel: [    0.088141] pci 0000:00:1e.0:   bridge window [mem 0x000a0000-0x000bffff window] (subtractive decode)
Jun 17 11:06:30 ubuntu kernel: [    0.088143] pci 0000:00:1e.0:   bridge window [mem 0x000d0000-0x000dffff window] (subtractive decode)
Jun 17 11:06:30 ubuntu kernel: [    0.088146] pci 0000:00:1e.0:   bridge window [mem 0xb7e00000-0xdfffffff window] (subtractive decode)
Jun 17 11:06:30 ubuntu kernel: [    0.088149] pci 0000:00:1e.0:   bridge window [mem 0xf0000000-0xfed8ffff window] (subtractive decode)
Jun 17 11:06:30 ubuntu kernel: [    0.088765] ACPI: PCI Interrupt Link [LNKA] (IRQs 3 4 6 7 *10 11 12 14 15)
Jun 17 11:06:30 ubuntu kernel: [    0.088814] ACPI: PCI Interrupt Link [LNKB] (IRQs *5)
Jun 17 11:06:30 ubuntu kernel: [    0.088859] ACPI: PCI Interrupt Link [LNKC] (IRQs *3 4 6 7 10 11 12 14 15)
Jun 17 11:06:30 ubuntu kernel: [    0.088907] ACPI: PCI Interrupt Link [LNKD] (IRQs 3 4 6 7 *10 11 12 14 15)
Jun 17 11:06:30 ubuntu kernel: [    0.088954] ACPI: PCI Interrupt Link [LNKE] (IRQs 3 4 6 7 10 11 12 14 15) *0, disabled.
Jun 17 11:06:30 ubuntu kernel: [    0.089003] ACPI: PCI Interrupt Link [LNKF] (IRQs 3 4 6 7 10 *11 12 14 15)
Jun 17 11:06:30 ubuntu kernel: [    0.089050] ACPI: PCI Interrupt Link [LNKG] (IRQs 3 4 6 7 *10 11 12 14 15)
Jun 17 11:06:30 ubuntu kernel: [    0.089098] ACPI: PCI Interrupt Link [LNKH] (IRQs 3 4 6 7 10 *11 12 14 15)
Jun 17 11:06:30 ubuntu kernel: [    0.089379] SCSI subsystem initialized
Jun 17 11:06:30 ubuntu kernel: [    0.089417] libata version 3.00 loaded.
Jun 17 11:06:30 ubuntu kernel: [    0.089430] pci 0000:00:02.0: vgaarb: setting as boot VGA device
Jun 17 11:06:30 ubuntu kernel: [    0.089430] pci 0000:00:02.0: vgaarb: VGA device added: decodes=io+mem,owns=io+mem,locks=none
Jun 17 11:06:30 ubuntu kernel: [    0.089430] pci 0000:00:02.0: vgaarb: bridge control possible
Jun 17 11:06:30 ubuntu kernel: [    0.089430] vgaarb: loaded
Jun 17 11:06:30 ubuntu kernel: [    0.089430] ACPI: bus type USB registered
Jun 17 11:06:30 ubuntu kernel: [    0.089430] usbcore: registered new interface driver usbfs
Jun 17 11:06:30 ubuntu kernel: [    0.089430] usbcore: registered new interface driver hub
Jun 17 11:06:30 ubuntu kernel: [    0.089430] usbcore: registered new device driver usb
Jun 17 11:06:30 ubuntu kernel: [    0.089430] EDAC MC: Ver: 3.0.0
Jun 17 11:06:30 ubuntu kernel: [    0.089430] PCI: Using ACPI for IRQ routing
Jun 17 11:06:30 ubuntu kernel: [    0.094843] PCI: pci_cache_line_size set to 64 bytes
Jun 17 11:06:30 ubuntu kernel: [    0.094880] Expanded resource Reserved due to conflict with PCI Bus 0000:00
Jun 17 11:06:30 ubuntu kernel: [    0.094881] e820: reserve RAM buffer [mem 0x0009fc00-0x0009ffff]
Jun 17 11:06:30 ubuntu kernel: [    0.094882] e820: reserve RAM buffer [mem 0xb7d90000-0xb7ffffff]
Jun 17 11:06:30 ubuntu kernel: [    0.094972] NetLabel: Initializing
Jun 17 11:06:30 ubuntu kernel: [    0.094973] NetLabel:  domain hash size = 128
Jun 17 11:06:30 ubuntu kernel: [    0.094973] NetLabel:  protocols = UNLABELED CIPSOv4 CALIPSO
Jun 17 11:06:30 ubuntu kernel: [    0.094992] NetLabel:  unlabeled traffic allowed by default
Jun 17 11:06:30 ubuntu kernel: [    0.095009] HPET: 4 timers in total, 0 timers will be used for per-cpu timer
Jun 17 11:06:30 ubuntu kernel: [    0.095009] hpet0: at MMIO 0xfed00000, IRQs 2, 8, 0, 0
Jun 17 11:06:30 ubuntu kernel: [    0.095009] hpet0: 4 comparators, 64-bit 14.318180 MHz counter
Jun 17 11:06:30 ubuntu kernel: [    0.097013] clocksource: Switched to clocksource hpet
Jun 17 11:06:30 ubuntu kernel: [    0.109563] VFS: Disk quotas dquot_6.6.0
Jun 17 11:06:30 ubuntu kernel: [    0.109588] VFS: Dquot-cache hash table entries: 512 (order 0, 4096 bytes)
Jun 17 11:06:30 ubuntu kernel: [    0.109718] AppArmor: AppArmor Filesystem Enabled
Jun 17 11:06:30 ubuntu kernel: [    0.109777] pnp: PnP ACPI init
Jun 17 11:06:30 ubuntu kernel: [    0.109871] system 00:00: [mem 0xfed14000-0xfed19fff] has been reserved
Jun 17 11:06:30 ubuntu kernel: [    0.109876] system 00:00: [mem 0xfed90000-0xfed93fff] has been reserved
Jun 17 11:06:30 ubuntu kernel: [    0.109880] system 00:00: Plug and Play ACPI device, IDs PNP0c01 (active)
Jun 17 11:06:30 ubuntu kernel: [    0.109945] pnp 00:01: Plug and Play ACPI device, IDs PNP0b00 (active)
Jun 17 11:06:30 ubuntu kernel: [    0.110018] pnp 00:02: Plug and Play ACPI device, IDs PNP0f03 PNP0f13 (active)
Jun 17 11:06:30 ubuntu kernel: [    0.110335] pnp 00:03: [dma 3]
Jun 17 11:06:30 ubuntu kernel: [    0.110436] pnp 00:03: Plug and Play ACPI device, IDs PNP0401 (active)
Jun 17 11:06:30 ubuntu kernel: [    0.110534] system 00:04: [io  0x0a00-0x0a0f] has been reserved
Jun 17 11:06:30 ubuntu kernel: [    0.110535] system 00:04: [io  0x0a10-0x0a1f] has been reserved
Jun 17 11:06:30 ubuntu kernel: [    0.110538] system 00:04: Plug and Play ACPI device, IDs PNP0c02 (active)
Jun 17 11:06:30 ubuntu kernel: [    0.110664] system 00:05: [io  0x04d0-0x04d1] has been reserved
Jun 17 11:06:30 ubuntu kernel: [    0.110666] system 00:05: [io  0x0800-0x087f] has been reserved
Jun 17 11:06:30 ubuntu kernel: [    0.110668] system 00:05: [io  0x0500-0x057f] has been reserved
Jun 17 11:06:30 ubuntu kernel: [    0.110670] system 00:05: [mem 0xfed1c000-0xfed1ffff] has been reserved
Jun 17 11:06:30 ubuntu kernel: [    0.110672] system 00:05: [mem 0xfed20000-0xfed3ffff] has been reserved
Jun 17 11:06:30 ubuntu kernel: [    0.110673] system 00:05: [mem 0xfed40000-0xfed8ffff] has been reserved
Jun 17 11:06:30 ubuntu kernel: [    0.110676] system 00:05: Plug and Play ACPI device, IDs PNP0c02 (active)
Jun 17 11:06:30 ubuntu kernel: [    0.110765] system 00:06: [mem 0xffc00000-0xffefffff] has been reserved
Jun 17 11:06:30 ubuntu kernel: [    0.110768] system 00:06: Plug and Play ACPI device, IDs PNP0c02 (active)
Jun 17 11:06:30 ubuntu kernel: [    0.110857] system 00:07: [mem 0xfec00000-0xfec00fff] could not be reserved
Jun 17 11:06:30 ubuntu kernel: [    0.110859] system 00:07: [mem 0xfee00000-0xfee00fff] has been reserved
Jun 17 11:06:30 ubuntu kernel: [    0.110861] system 00:07: Plug and Play ACPI device, IDs PNP0c02 (active)
Jun 17 11:06:30 ubuntu kernel: [    0.111027] pnp 00:08: [dma 0 disabled]
Jun 17 11:06:30 ubuntu kernel: [    0.111084] pnp 00:08: Plug and Play ACPI device, IDs PNP0501 (active)
Jun 17 11:06:30 ubuntu kernel: [    0.111138] system 00:09: [mem 0xe0000000-0xefffffff] has been reserved
Jun 17 11:06:30 ubuntu kernel: [    0.111141] system 00:09: Plug and Play ACPI device, IDs PNP0c02 (active)
Jun 17 11:06:30 ubuntu kernel: [    0.111287] system 00:0a: [mem 0x00000000-0x0009ffff] could not be reserved
Jun 17 11:06:30 ubuntu kernel: [    0.111289] system 00:0a: [mem 0x000c0000-0x000cffff] could not be reserved
Jun 17 11:06:30 ubuntu kernel: [    0.111291] system 00:0a: [mem 0x000e0000-0x000fffff] could not be reserved
Jun 17 11:06:30 ubuntu kernel: [    0.111293] system 00:0a: [mem 0x00100000-0xb7dfffff] could not be reserved
Jun 17 11:06:30 ubuntu kernel: [    0.111295] system 00:0a: [mem 0xfed90000-0xffffffff] could not be reserved
Jun 17 11:06:30 ubuntu kernel: [    0.111297] system 00:0a: Plug and Play ACPI device, IDs PNP0c01 (active)
Jun 17 11:06:30 ubuntu kernel: [    0.111403] pnp: PnP ACPI: found 11 devices
Jun 17 11:06:30 ubuntu kernel: [    0.117741] clocksource: acpi_pm: mask: 0xffffff max_cycles: 0xffffff, max_idle_ns: 2085701024 ns
Jun 17 11:06:30 ubuntu kernel: [    0.117756] pci 0000:00:1c.0: bridge window [io  0x1000-0x0fff] to [bus 01] add_size 1000
Jun 17 11:06:30 ubuntu kernel: [    0.117758] pci 0000:00:1c.0: bridge window [mem 0x00100000-0x000fffff 64bit pref] to [bus 01] add_size 200000 add_align 100000
Jun 17 11:06:30 ubuntu kernel: [    0.117760] pci 0000:00:1c.0: bridge window [mem 0x00100000-0x000fffff] to [bus 01] add_size 200000 add_align 100000
Jun 17 11:06:30 ubuntu kernel: [    0.117777] pci 0000:00:1c.0: BAR 14: assigned [mem 0xc0000000-0xc01fffff]
Jun 17 11:06:30 ubuntu kernel: [    0.117781] pci 0000:00:1c.0: BAR 15: assigned [mem 0xc0200000-0xc03fffff 64bit pref]
Jun 17 11:06:30 ubuntu kernel: [    0.117784] pci 0000:00:1c.0: BAR 13: assigned [io  0x1000-0x1fff]
Jun 17 11:06:30 ubuntu kernel: [    0.117786] pci 0000:00:1c.0: PCI bridge to [bus 01]
Jun 17 11:06:30 ubuntu kernel: [    0.117789] pci 0000:00:1c.0:   bridge window [io  0x1000-0x1fff]
Jun 17 11:06:30 ubuntu kernel: [    0.117793] pci 0000:00:1c.0:   bridge window [mem 0xc0000000-0xc01fffff]
Jun 17 11:06:30 ubuntu kernel: [    0.117795] pci 0000:00:1c.0:   bridge window [mem 0xc0200000-0xc03fffff 64bit pref]
Jun 17 11:06:30 ubuntu kernel: [    0.117800] pci 0000:00:1c.1: PCI bridge to [bus 02]
Jun 17 11:06:30 ubuntu kernel: [    0.117802] pci 0000:00:1c.1:   bridge window [io  0xe000-0xefff]
Jun 17 11:06:30 ubuntu kernel: [    0.117806] pci 0000:00:1c.1:   bridge window [mem 0xfeb00000-0xfebfffff]
Jun 17 11:06:30 ubuntu kernel: [    0.117809] pci 0000:00:1c.1:   bridge window [mem 0xfdf00000-0xfdffffff 64bit pref]
Jun 17 11:06:30 ubuntu kernel: [    0.117813] pci 0000:00:1e.0: PCI bridge to [bus 03]
Jun 17 11:06:30 ubuntu kernel: [    0.117822] pci_bus 0000:00: resource 4 [io  0x0000-0x0cf7 window]
Jun 17 11:06:30 ubuntu kernel: [    0.117824] pci_bus 0000:00: resource 5 [io  0x0d00-0xffff window]
Jun 17 11:06:30 ubuntu kernel: [    0.117825] pci_bus 0000:00: resource 6 [mem 0x000a0000-0x000bffff window]
Jun 17 11:06:30 ubuntu kernel: [    0.117826] pci_bus 0000:00: resource 7 [mem 0x000d0000-0x000dffff window]
Jun 17 11:06:30 ubuntu kernel: [    0.117828] pci_bus 0000:00: resource 8 [mem 0xb7e00000-0xdfffffff window]
Jun 17 11:06:30 ubuntu kernel: [    0.117829] pci_bus 0000:00: resource 9 [mem 0xf0000000-0xfed8ffff window]
Jun 17 11:06:30 ubuntu kernel: [    0.117831] pci_bus 0000:01: resource 0 [io  0x1000-0x1fff]
Jun 17 11:06:30 ubuntu kernel: [    0.117832] pci_bus 0000:01: resource 1 [mem 0xc0000000-0xc01fffff]
Jun 17 11:06:30 ubuntu kernel: [    0.117834] pci_bus 0000:01: resource 2 [mem 0xc0200000-0xc03fffff 64bit pref]
Jun 17 11:06:30 ubuntu kernel: [    0.117835] pci_bus 0000:02: resource 0 [io  0xe000-0xefff]
Jun 17 11:06:30 ubuntu kernel: [    0.117836] pci_bus 0000:02: resource 1 [mem 0xfeb00000-0xfebfffff]
Jun 17 11:06:30 ubuntu kernel: [    0.117838] pci_bus 0000:02: resource 2 [mem 0xfdf00000-0xfdffffff 64bit pref]
Jun 17 11:06:30 ubuntu kernel: [    0.117839] pci_bus 0000:03: resource 4 [io  0x0000-0x0cf7 window]
Jun 17 11:06:30 ubuntu kernel: [    0.117841] pci_bus 0000:03: resource 5 [io  0x0d00-0xffff window]
Jun 17 11:06:30 ubuntu kernel: [    0.117842] pci_bus 0000:03: resource 6 [mem 0x000a0000-0x000bffff window]
Jun 17 11:06:30 ubuntu kernel: [    0.117843] pci_bus 0000:03: resource 7 [mem 0x000d0000-0x000dffff window]
Jun 17 11:06:30 ubuntu kernel: [    0.117845] pci_bus 0000:03: resource 8 [mem 0xb7e00000-0xdfffffff window]
Jun 17 11:06:30 ubuntu kernel: [    0.117846] pci_bus 0000:03: resource 9 [mem 0xf0000000-0xfed8ffff window]
Jun 17 11:06:30 ubuntu kernel: [    0.117913] NET: Registered protocol family 2
Jun 17 11:06:30 ubuntu kernel: [    0.118088] TCP established hash table entries: 32768 (order: 6, 262144 bytes)
Jun 17 11:06:30 ubuntu kernel: [    0.118189] TCP bind hash table entries: 32768 (order: 7, 524288 bytes)
Jun 17 11:06:30 ubuntu kernel: [    0.118344] TCP: Hash tables configured (established 32768 bind 32768)
Jun 17 11:06:30 ubuntu kernel: [    0.118396] UDP hash table entries: 2048 (order: 4, 65536 bytes)
Jun 17 11:06:30 ubuntu kernel: [    0.118419] UDP-Lite hash table entries: 2048 (order: 4, 65536 bytes)
Jun 17 11:06:30 ubuntu kernel: [    0.118477] NET: Registered protocol family 1
Jun 17 11:06:30 ubuntu kernel: [    0.118492] pci 0000:00:02.0: Video device with shadowed ROM at [mem 0x000c0000-0x000dffff]
Jun 17 11:06:30 ubuntu kernel: [    0.119458] PCI: CLS 32 bytes, default 64
Jun 17 11:06:30 ubuntu kernel: [    0.119505] Unpacking initramfs...
Jun 17 11:06:30 ubuntu kernel: [    5.758850] Freeing initrd memory: 30980K
Jun 17 11:06:30 ubuntu kernel: [    5.758856] PCI-DMA: Using software bounce buffering for IO (SWIOTLB)
Jun 17 11:06:30 ubuntu kernel: [    5.758860] software IO TLB [mem 0xb3d90000-0xb7d90000] (64MB) mapped at [ffff8ae1b3d90000-ffff8ae1b7d8ffff]
Jun 17 11:06:30 ubuntu kernel: [    5.759033] Scanning for low memory corruption every 60 seconds
Jun 17 11:06:30 ubuntu kernel: [    5.759359] audit: initializing netlink subsys (disabled)
Jun 17 11:06:30 ubuntu kernel: [    5.759438] audit: type=2000 audit(1560769571.759:1): state=initialized audit_enabled=0 res=1
Jun 17 11:06:30 ubuntu kernel: [    5.759718] Initialise system trusted keyrings
Jun 17 11:06:30 ubuntu kernel: [    5.759729] Key type blacklist registered
Jun 17 11:06:30 ubuntu kernel: [    5.759761] workingset: timestamp_bits=36 max_order=20 bucket_order=0
Jun 17 11:06:30 ubuntu kernel: [    5.761266] zbud: loaded
Jun 17 11:06:30 ubuntu kernel: [    5.761750] squashfs: version 4.0 (2009/01/31) Phillip Lougher
Jun 17 11:06:30 ubuntu kernel: [    5.761904] fuse init (API version 7.26)
Jun 17 11:06:30 ubuntu kernel: [    5.763094] Key type asymmetric registered
Jun 17 11:06:30 ubuntu kernel: [    5.763095] Asymmetric key parser 'x509' registered
Jun 17 11:06:30 ubuntu kernel: [    5.763129] Block layer SCSI generic (bsg) driver version 0.4 loaded (major 247)
Jun 17 11:06:30 ubuntu kernel: [    5.763160] io scheduler noop registered
Jun 17 11:06:30 ubuntu kernel: [    5.763161] io scheduler deadline registered
Jun 17 11:06:30 ubuntu kernel: [    5.763190] io scheduler cfq registered (default)
Jun 17 11:06:30 ubuntu kernel: [    5.763281] pcieport 0000:00:1c.0: enabling device (0104 -> 0107)
Jun 17 11:06:30 ubuntu kernel: [    5.763684] intel_idle: does not run on family 6 model 23
Jun 17 11:06:30 ubuntu kernel: [    5.763781] input: Power Button as /devices/LNXSYSTM:00/LNXSYBUS:00/PNP0C0C:00/input/input0
Jun 17 11:06:30 ubuntu kernel: [    5.763792] ACPI: Power Button [PWRB]
Jun 17 11:06:30 ubuntu kernel: [    5.763831] input: Power Button as /devices/LNXSYSTM:00/LNXPWRBN:00/input/input1
Jun 17 11:06:30 ubuntu kernel: [    5.763851] ACPI: Power Button [PWRF]
Jun 17 11:06:30 ubuntu kernel: [    5.763948] Monitor-Mwait will be used to enter C-1 state
Jun 17 11:06:30 ubuntu kernel: [    5.763954] Monitor-Mwait will be used to enter C-2 state
Jun 17 11:06:30 ubuntu kernel: [    5.763960] Monitor-Mwait will be used to enter C-3 state
Jun 17 11:06:30 ubuntu kernel: [    5.763964] tsc: Marking TSC unstable due to TSC halts in idle
Jun 17 11:06:30 ubuntu kernel: [    5.764224] GHES: HEST is not enabled!
Jun 17 11:06:30 ubuntu kernel: [    5.764306] Serial: 8250/16550 driver, 32 ports, IRQ sharing enabled
Jun 17 11:06:30 ubuntu kernel: [    5.784710] 00:08: ttyS0 at I/O 0x3f8 (irq = 4, base_baud = 115200) is a 16550A
Jun 17 11:06:30 ubuntu kernel: [    5.786145] Linux agpgart interface v0.103
Jun 17 11:06:30 ubuntu kernel: [    5.787626] loop: module loaded
Jun 17 11:06:30 ubuntu kernel: [    5.787741] ata_piix 0000:00:1f.2: version 2.13
Jun 17 11:06:30 ubuntu kernel: [    5.787829] ata_piix 0000:00:1f.2: MAP [ P0 P2 P1 P3 ]
Jun 17 11:06:30 ubuntu kernel: [    5.945039] scsi host0: ata_piix
Jun 17 11:06:30 ubuntu kernel: [    5.945144] scsi host1: ata_piix
Jun 17 11:06:30 ubuntu kernel: [    5.945183] ata1: SATA max UDMA/133 cmd 0x1f0 ctl 0x3f6 bmdma 0xff90 irq 14
Jun 17 11:06:30 ubuntu kernel: [    5.945186] ata2: SATA max UDMA/133 cmd 0x170 ctl 0x376 bmdma 0xff98 irq 15
Jun 17 11:06:30 ubuntu kernel: [    5.945268] libphy: Fixed MDIO Bus: probed
Jun 17 11:06:30 ubuntu kernel: [    5.945269] tun: Universal TUN/TAP device driver, 1.6
Jun 17 11:06:30 ubuntu kernel: [    5.945317] PPP generic driver version 2.4.2
Jun 17 11:06:30 ubuntu kernel: [    5.945363] ehci_hcd: USB 2.0 'Enhanced' Host Controller (EHCI) Driver
Jun 17 11:06:30 ubuntu kernel: [    5.945366] ehci-pci: EHCI PCI platform driver
Jun 17 11:06:30 ubuntu kernel: [    5.945456] ehci-pci 0000:00:1a.7: EHCI Host Controller
Jun 17 11:06:30 ubuntu kernel: [    5.945464] ehci-pci 0000:00:1a.7: new USB bus registered, assigned bus number 1
Jun 17 11:06:30 ubuntu kernel: [    5.945475] ehci-pci 0000:00:1a.7: debug port 1
Jun 17 11:06:30 ubuntu kernel: [    5.949389] ehci-pci 0000:00:1a.7: cache line size of 32 is not supported
Jun 17 11:06:30 ubuntu kernel: [    5.949399] ehci-pci 0000:00:1a.7: irq 18, io mem 0xfeafa000
Jun 17 11:06:30 ubuntu kernel: [    5.964087] ehci-pci 0000:00:1a.7: USB 2.0 started, EHCI 1.00
Jun 17 11:06:30 ubuntu kernel: [    5.964143] usb usb1: New USB device found, idVendor=1d6b, idProduct=0002
Jun 17 11:06:30 ubuntu kernel: [    5.964146] usb usb1: New USB device strings: Mfr=3, Product=2, SerialNumber=1
Jun 17 11:06:30 ubuntu kernel: [    5.964149] usb usb1: Product: EHCI Host Controller
Jun 17 11:06:30 ubuntu kernel: [    5.964151] usb usb1: Manufacturer: Linux 4.13.0-36-generic ehci_hcd
Jun 17 11:06:30 ubuntu kernel: [    5.964154] usb usb1: SerialNumber: 0000:00:1a.7
Jun 17 11:06:30 ubuntu kernel: [    5.964331] hub 1-0:1.0: USB hub found
Jun 17 11:06:30 ubuntu kernel: [    5.964344] hub 1-0:1.0: 4 ports detected
Jun 17 11:06:30 ubuntu kernel: [    5.964551] ehci-pci 0000:00:1d.7: EHCI Host Controller
Jun 17 11:06:30 ubuntu kernel: [    5.964556] ehci-pci 0000:00:1d.7: new USB bus registered, assigned bus number 2
Jun 17 11:06:30 ubuntu kernel: [    5.964564] ehci-pci 0000:00:1d.7: debug port 1
Jun 17 11:06:30 ubuntu kernel: [    5.968461] ehci-pci 0000:00:1d.7: cache line size of 32 is not supported
Jun 17 11:06:30 ubuntu kernel: [    5.968470] ehci-pci 0000:00:1d.7: irq 23, io mem 0xfeaf8000
Jun 17 11:06:30 ubuntu kernel: [    5.984085] ehci-pci 0000:00:1d.7: USB 2.0 started, EHCI 1.00
Jun 17 11:06:30 ubuntu kernel: [    5.984151] usb usb2: New USB device found, idVendor=1d6b, idProduct=0002
Jun 17 11:06:30 ubuntu kernel: [    5.984155] usb usb2: New USB device strings: Mfr=3, Product=2, SerialNumber=1
Jun 17 11:06:30 ubuntu kernel: [    5.984157] usb usb2: Product: EHCI Host Controller
Jun 17 11:06:30 ubuntu kernel: [    5.984160] usb usb2: Manufacturer: Linux 4.13.0-36-generic ehci_hcd
Jun 17 11:06:30 ubuntu kernel: [    5.984162] usb usb2: SerialNumber: 0000:00:1d.7
Jun 17 11:06:30 ubuntu kernel: [    5.984321] hub 2-0:1.0: USB hub found
Jun 17 11:06:30 ubuntu kernel: [    5.984330] hub 2-0:1.0: 8 ports detected
Jun 17 11:06:30 ubuntu kernel: [    5.984518] ehci-platform: EHCI generic platform driver
Jun 17 11:06:30 ubuntu kernel: [    5.984528] ohci_hcd: USB 1.1 'Open' Host Controller (OHCI) Driver
Jun 17 11:06:30 ubuntu kernel: [    5.984530] ohci-pci: OHCI PCI platform driver
Jun 17 11:06:30 ubuntu kernel: [    5.984539] ohci-platform: OHCI generic platform driver
Jun 17 11:06:30 ubuntu kernel: [    5.984545] uhci_hcd: USB Universal Host Controller Interface driver
Jun 17 11:06:30 ubuntu kernel: [    5.984611] uhci_hcd 0000:00:1a.0: UHCI Host Controller
Jun 17 11:06:30 ubuntu kernel: [    5.984615] uhci_hcd 0000:00:1a.0: new USB bus registered, assigned bus number 3
Jun 17 11:06:30 ubuntu kernel: [    5.984620] uhci_hcd 0000:00:1a.0: detected 2 ports
Jun 17 11:06:30 ubuntu kernel: [    5.984644] uhci_hcd 0000:00:1a.0: irq 16, io base 0x0000d880
Jun 17 11:06:30 ubuntu kernel: [    5.984681] usb usb3: New USB device found, idVendor=1d6b, idProduct=0001
Jun 17 11:06:30 ubuntu kernel: [    5.984683] usb usb3: New USB device strings: Mfr=3, Product=2, SerialNumber=1
Jun 17 11:06:30 ubuntu kernel: [    5.984685] usb usb3: Product: UHCI Host Controller
Jun 17 11:06:30 ubuntu kernel: [    5.984686] usb usb3: Manufacturer: Linux 4.13.0-36-generic uhci_hcd
Jun 17 11:06:30 ubuntu kernel: [    5.984687] usb usb3: SerialNumber: 0000:00:1a.0
Jun 17 11:06:30 ubuntu kernel: [    5.984787] hub 3-0:1.0: USB hub found
Jun 17 11:06:30 ubuntu kernel: [    5.984793] hub 3-0:1.0: 2 ports detected
Jun 17 11:06:30 ubuntu kernel: [    5.984927] uhci_hcd 0000:00:1a.1: UHCI Host Controller
Jun 17 11:06:30 ubuntu kernel: [    5.984931] uhci_hcd 0000:00:1a.1: new USB bus registered, assigned bus number 4
Jun 17 11:06:30 ubuntu kernel: [    5.984938] uhci_hcd 0000:00:1a.1: detected 2 ports
Jun 17 11:06:30 ubuntu kernel: [    5.984958] uhci_hcd 0000:00:1a.1: irq 21, io base 0x0000d800
Jun 17 11:06:30 ubuntu kernel: [    5.984996] usb usb4: New USB device found, idVendor=1d6b, idProduct=0001
Jun 17 11:06:30 ubuntu kernel: [    5.984997] usb usb4: New USB device strings: Mfr=3, Product=2, SerialNumber=1
Jun 17 11:06:30 ubuntu kernel: [    5.984999] usb usb4: Product: UHCI Host Controller
Jun 17 11:06:30 ubuntu kernel: [    5.985000] usb usb4: Manufacturer: Linux 4.13.0-36-generic uhci_hcd
Jun 17 11:06:30 ubuntu kernel: [    5.985002] usb usb4: SerialNumber: 0000:00:1a.1
Jun 17 11:06:30 ubuntu kernel: [    5.985107] hub 4-0:1.0: USB hub found
Jun 17 11:06:30 ubuntu kernel: [    5.985112] hub 4-0:1.0: 2 ports detected
Jun 17 11:06:30 ubuntu kernel: [    5.985242] uhci_hcd 0000:00:1d.0: UHCI Host Controller
Jun 17 11:06:30 ubuntu kernel: [    5.985246] uhci_hcd 0000:00:1d.0: new USB bus registered, assigned bus number 5
Jun 17 11:06:30 ubuntu kernel: [    5.985251] uhci_hcd 0000:00:1d.0: detected 2 ports
Jun 17 11:06:30 ubuntu kernel: [    5.985266] uhci_hcd 0000:00:1d.0: irq 23, io base 0x0000d480
Jun 17 11:06:30 ubuntu kernel: [    5.985311] usb usb5: New USB device found, idVendor=1d6b, idProduct=0001
Jun 17 11:06:30 ubuntu kernel: [    5.985313] usb usb5: New USB device strings: Mfr=3, Product=2, SerialNumber=1
Jun 17 11:06:30 ubuntu kernel: [    5.985314] usb usb5: Product: UHCI Host Controller
Jun 17 11:06:30 ubuntu kernel: [    5.985315] usb usb5: Manufacturer: Linux 4.13.0-36-generic uhci_hcd
Jun 17 11:06:30 ubuntu kernel: [    5.985317] usb usb5: SerialNumber: 0000:00:1d.0
Jun 17 11:06:30 ubuntu kernel: [    5.985413] hub 5-0:1.0: USB hub found
Jun 17 11:06:30 ubuntu kernel: [    5.985418] hub 5-0:1.0: 2 ports detected
Jun 17 11:06:30 ubuntu kernel: [    5.985545] uhci_hcd 0000:00:1d.1: UHCI Host Controller
Jun 17 11:06:30 ubuntu kernel: [    5.985549] uhci_hcd 0000:00:1d.1: new USB bus registered, assigned bus number 6
Jun 17 11:06:30 ubuntu kernel: [    5.985554] uhci_hcd 0000:00:1d.1: detected 2 ports
Jun 17 11:06:30 ubuntu kernel: [    5.985576] uhci_hcd 0000:00:1d.1: irq 19, io base 0x0000d400
Jun 17 11:06:30 ubuntu kernel: [    5.985612] usb usb6: New USB device found, idVendor=1d6b, idProduct=0001
Jun 17 11:06:30 ubuntu kernel: [    5.985614] usb usb6: New USB device strings: Mfr=3, Product=2, SerialNumber=1
Jun 17 11:06:30 ubuntu kernel: [    5.985615] usb usb6: Product: UHCI Host Controller
Jun 17 11:06:30 ubuntu kernel: [    5.985617] usb usb6: Manufacturer: Linux 4.13.0-36-generic uhci_hcd
Jun 17 11:06:30 ubuntu kernel: [    5.985618] usb usb6: SerialNumber: 0000:00:1d.1
Jun 17 11:06:30 ubuntu kernel: [    5.985713] hub 6-0:1.0: USB hub found
Jun 17 11:06:30 ubuntu kernel: [    5.985718] hub 6-0:1.0: 2 ports detected
Jun 17 11:06:30 ubuntu kernel: [    5.985848] uhci_hcd 0000:00:1d.2: UHCI Host Controller
Jun 17 11:06:30 ubuntu kernel: [    5.985853] uhci_hcd 0000:00:1d.2: new USB bus registered, assigned bus number 7
Jun 17 11:06:30 ubuntu kernel: [    5.985859] uhci_hcd 0000:00:1d.2: detected 2 ports
Jun 17 11:06:30 ubuntu kernel: [    5.985874] uhci_hcd 0000:00:1d.2: irq 18, io base 0x0000d080
Jun 17 11:06:30 ubuntu kernel: [    5.985912] usb usb7: New USB device found, idVendor=1d6b, idProduct=0001
Jun 17 11:06:30 ubuntu kernel: [    5.985913] usb usb7: New USB device strings: Mfr=3, Product=2, SerialNumber=1
Jun 17 11:06:30 ubuntu kernel: [    5.985915] usb usb7: Product: UHCI Host Controller
Jun 17 11:06:30 ubuntu kernel: [    5.985916] usb usb7: Manufacturer: Linux 4.13.0-36-generic uhci_hcd
Jun 17 11:06:30 ubuntu kernel: [    5.985917] usb usb7: SerialNumber: 0000:00:1d.2
Jun 17 11:06:30 ubuntu kernel: [    5.986015] hub 7-0:1.0: USB hub found
Jun 17 11:06:30 ubuntu kernel: [    5.986020] hub 7-0:1.0: 2 ports detected
Jun 17 11:06:30 ubuntu kernel: [    5.986144] uhci_hcd 0000:00:1d.3: UHCI Host Controller
Jun 17 11:06:30 ubuntu kernel: [    5.986148] uhci_hcd 0000:00:1d.3: new USB bus registered, assigned bus number 8
Jun 17 11:06:30 ubuntu kernel: [    5.986153] uhci_hcd 0000:00:1d.3: detected 2 ports
Jun 17 11:06:30 ubuntu kernel: [    5.986170] uhci_hcd 0000:00:1d.3: irq 16, io base 0x0000d000
Jun 17 11:06:30 ubuntu kernel: [    5.986207] usb usb8: New USB device found, idVendor=1d6b, idProduct=0001
Jun 17 11:06:30 ubuntu kernel: [    5.986209] usb usb8: New USB device strings: Mfr=3, Product=2, SerialNumber=1
Jun 17 11:06:30 ubuntu kernel: [    5.986210] usb usb8: Product: UHCI Host Controller
Jun 17 11:06:30 ubuntu kernel: [    5.986212] usb usb8: Manufacturer: Linux 4.13.0-36-generic uhci_hcd
Jun 17 11:06:30 ubuntu kernel: [    5.986213] usb usb8: SerialNumber: 0000:00:1d.3
Jun 17 11:06:30 ubuntu kernel: [    5.986300] hub 8-0:1.0: USB hub found
Jun 17 11:06:30 ubuntu kernel: [    5.986305] hub 8-0:1.0: 2 ports detected
Jun 17 11:06:30 ubuntu kernel: [    5.986420] i8042: PNP: PS/2 Controller [PNP0f03:PS2M] at 0x60,0x64 irq 12
Jun 17 11:06:30 ubuntu kernel: [    5.986421] i8042: PNP: PS/2 controller doesn't have KBD irq; using default 1
Jun 17 11:06:30 ubuntu kernel: [    5.988783] serio: i8042 KBD port at 0x60,0x64 irq 1
Jun 17 11:06:30 ubuntu kernel: [    5.988786] serio: i8042 AUX port at 0x60,0x64 irq 12
Jun 17 11:06:30 ubuntu kernel: [    5.988914] mousedev: PS/2 mouse device common for all mice
Jun 17 11:06:30 ubuntu kernel: [    5.989057] rtc_cmos 00:01: RTC can wake from S4
Jun 17 11:06:30 ubuntu kernel: [    5.989164] rtc_cmos 00:01: rtc core: registered rtc_cmos as rtc0
Jun 17 11:06:30 ubuntu kernel: [    5.989186] rtc_cmos 00:01: alarms up to one month, y3k, 114 bytes nvram, hpet irqs
Jun 17 11:06:30 ubuntu kernel: [    5.989192] i2c /dev entries driver
Jun 17 11:06:30 ubuntu kernel: [    5.989241] device-mapper: uevent: version 1.0.3
Jun 17 11:06:30 ubuntu kernel: [    5.989303] device-mapper: ioctl: 4.37.0-ioctl (2017-09-20) initialised: dm-devel@redhat.com
Jun 17 11:06:30 ubuntu kernel: [    5.989329] ledtrig-cpu: registered to indicate activity on CPUs
Jun 17 11:06:30 ubuntu kernel: [    5.989666] NET: Registered protocol family 10
Jun 17 11:06:30 ubuntu kernel: [    5.993441] Segment Routing with IPv6
Jun 17 11:06:30 ubuntu kernel: [    5.993459] NET: Registered protocol family 17
Jun 17 11:06:30 ubuntu kernel: [    5.993467] Key type dns_resolver registered
Jun 17 11:06:30 ubuntu kernel: [    5.993629] RAS: Correctable Errors collector initialized.
Jun 17 11:06:30 ubuntu kernel: [    5.993662] microcode: sig=0x1067a, pf=0x1, revision=0xa07
Jun 17 11:06:30 ubuntu kernel: [    5.993701] microcode: Microcode Update Driver: v2.2.
Jun 17 11:06:30 ubuntu kernel: [    5.993844] registered taskstats version 1
Jun 17 11:06:30 ubuntu kernel: [    5.993854] Loading compiled-in X.509 certificates
Jun 17 11:06:30 ubuntu kernel: [    5.996403] Loaded X.509 cert 'Build time autogenerated kernel key: 6392960b5d1a7feefef54e83c93c27dba99187fc'
Jun 17 11:06:30 ubuntu kernel: [    5.996419] zswap: loaded using pool lzo/zbud
Jun 17 11:06:30 ubuntu kernel: [    5.999678] Key type big_key registered
Jun 17 11:06:30 ubuntu kernel: [    5.999681] Key type trusted registered
Jun 17 11:06:30 ubuntu kernel: [    6.001305] Key type encrypted registered
Jun 17 11:06:30 ubuntu kernel: [    6.001308] AppArmor: AppArmor sha1 policy hashing enabled
Jun 17 11:06:30 ubuntu kernel: [    6.001310] ima: No TPM chip found, activating TPM-bypass! (rc=-19)
Jun 17 11:06:30 ubuntu kernel: [    6.001329] evm: HMAC attrs: 0x1
Jun 17 11:06:30 ubuntu kernel: [    6.001565]   Magic number: 7:507:125
Jun 17 11:06:30 ubuntu kernel: [    6.001641] acpi device:00: hash matches
Jun 17 11:06:30 ubuntu kernel: [    6.001690] rtc_cmos 00:01: setting system clock to 2019-06-17 11:06:12 UTC (1560769572)
Jun 17 11:06:30 ubuntu kernel: [    6.002024] BIOS EDD facility v0.16 2004-Jun-25, 0 devices found
Jun 17 11:06:30 ubuntu kernel: [    6.002024] EDD information not available.
Jun 17 11:06:30 ubuntu kernel: [    6.002052] PM: Hibernation image not present or could not be loaded.
Jun 17 11:06:30 ubuntu kernel: [    6.312023] usb 2-6: new high-speed USB device number 2 using ehci-pci
Jun 17 11:06:30 ubuntu kernel: [    6.465143] usb 2-6: New USB device found, idVendor=0781, idProduct=5567
Jun 17 11:06:30 ubuntu kernel: [    6.465146] usb 2-6: New USB device strings: Mfr=1, Product=2, SerialNumber=3
Jun 17 11:06:30 ubuntu kernel: [    6.465149] usb 2-6: Product: Cruzer Blade
Jun 17 11:06:30 ubuntu kernel: [    6.465152] usb 2-6: Manufacturer: SanDisk
Jun 17 11:06:30 ubuntu kernel: [    6.465154] usb 2-6: SerialNumber: 4C530001230912112555
Jun 17 11:06:30 ubuntu kernel: [    6.589860] ata2.00: SATA link down (SStatus 0 SControl 300)
Jun 17 11:06:30 ubuntu kernel: [    6.589871] ata2.01: SATA link down (SStatus 0 SControl 300)
Jun 17 11:06:30 ubuntu kernel: [    6.720050] usb 8-1: new low-speed USB device number 2 using uhci_hcd
Jun 17 11:06:30 ubuntu kernel: [    6.732079] ata1.00: SATA link up 3.0 Gbps (SStatus 123 SControl 300)
Jun 17 11:06:30 ubuntu kernel: [    6.732089] ata1.01: SATA link down (SStatus 0 SControl 300)
Jun 17 11:06:30 ubuntu kernel: [    6.734489] ata1.00: ATA-7: ST3250310AS, 3.AHB, max UDMA/100
Jun 17 11:06:30 ubuntu kernel: [    6.734492] ata1.00: 488397168 sectors, multi 16: LBA48 NCQ (depth 0/32)
Jun 17 11:06:30 ubuntu kernel: [    6.739136] ata1.00: configured for UDMA/100
Jun 17 11:06:30 ubuntu kernel: [    6.739309] scsi 0:0:0:0: Direct-Access     ATA      ST3250310AS      B    PQ: 0 ANSI: 5
Jun 17 11:06:30 ubuntu kernel: [    6.739506] sd 0:0:0:0: Attached scsi generic sg0 type 0
Jun 17 11:06:30 ubuntu kernel: [    6.739518] sd 0:0:0:0: [sda] 488397168 512-byte logical blocks: (250 GB/233 GiB)
Jun 17 11:06:30 ubuntu kernel: [    6.739530] sd 0:0:0:0: [sda] Write Protect is off
Jun 17 11:06:30 ubuntu kernel: [    6.739532] sd 0:0:0:0: [sda] Mode Sense: 00 3a 00 00
Jun 17 11:06:30 ubuntu kernel: [    6.739559] sd 0:0:0:0: [sda] Write cache: enabled, read cache: enabled, doesn't support DPO or FUA
Jun 17 11:06:30 ubuntu kernel: [    6.780027] clocksource: tsc: mask: 0xffffffffffffffff max_cycles: 0x2a2cc05f0a4, max_idle_ns: 440795343748 ns
Jun 17 11:06:30 ubuntu kernel: [    6.793716]  sda: sda1 sda2
Jun 17 11:06:30 ubuntu kernel: [    6.794130] sd 0:0:0:0: [sda] Attached SCSI disk
Jun 17 11:06:30 ubuntu kernel: [    6.796972] Freeing unused kernel memory: 2364K
Jun 17 11:06:30 ubuntu kernel: [    6.796974] Write protecting the kernel read-only data: 18432k
Jun 17 11:06:30 ubuntu kernel: [    6.797897] Freeing unused kernel memory: 2024K
Jun 17 11:06:30 ubuntu kernel: [    6.798155] Freeing unused kernel memory: 88K
Jun 17 11:06:30 ubuntu kernel: [    6.800366] x86/mm: Checked W+X mappings: passed, no W+X pages found.
Jun 17 11:06:30 ubuntu kernel: [    6.800367] x86/mm: Checking user space page tables
Jun 17 11:06:30 ubuntu kernel: [    6.802321] x86/mm: Checked W+X mappings: passed, no W+X pages found.
Jun 17 11:06:30 ubuntu kernel: [    6.894455] r8169 Gigabit Ethernet driver 2.3LK-NAPI loaded
Jun 17 11:06:30 ubuntu kernel: [    6.894466] r8169 0000:02:00.0: can't disable ASPM; OS doesn't have ASPM control
Jun 17 11:06:30 ubuntu kernel: [    6.894874] r8169 0000:02:00.0 eth0: RTL8168d/8111d at 0xffffb35c00659000, 6c:62:6d:b2:b4:4d, XID 081000c0 IRQ 24
Jun 17 11:06:30 ubuntu kernel: [    6.894876] r8169 0000:02:00.0 eth0: jumbo features [frames: 9200 bytes, tx checksumming: ko]
Jun 17 11:06:30 ubuntu kernel: [    6.895467] Floppy drive(s): fd0 is 1.44M
Jun 17 11:06:30 ubuntu kernel: [    6.910048] usb 8-1: New USB device found, idVendor=046d, idProduct=c31d
Jun 17 11:06:30 ubuntu kernel: [    6.910051] usb 8-1: New USB device strings: Mfr=1, Product=2, SerialNumber=0
Jun 17 11:06:30 ubuntu kernel: [    6.910053] usb 8-1: Product: USB Keyboard
Jun 17 11:06:30 ubuntu kernel: [    6.910054] usb 8-1: Manufacturer: Logitech
Jun 17 11:06:30 ubuntu kernel: [    6.939650] r8169 0000:02:00.0 enp2s0: renamed from eth0
Jun 17 11:06:30 ubuntu kernel: [    6.944439] hidraw: raw HID events driver (C) Jiri Kosina
Jun 17 11:06:30 ubuntu kernel: [    6.968329] pci 0000:00:00.0: Intel G45/G43 Chipset
Jun 17 11:06:30 ubuntu kernel: [    6.968344] pci 0000:00:00.0: detected gtt size: 2097152K total, 262144K mappable
Jun 17 11:06:30 ubuntu kernel: [    6.968940] pci 0000:00:00.0: detected 131072K stolen memory
Jun 17 11:06:30 ubuntu kernel: [    6.968975] [drm] Memory usable by graphics device = 2048M
Jun 17 11:06:30 ubuntu kernel: [    6.968978] [drm] Replacing VGA console driver
Jun 17 11:06:30 ubuntu kernel: [    6.969623] Console: switching to colour dummy device 80x25
Jun 17 11:06:30 ubuntu kernel: [    6.975786] [drm] Supports vblank timestamp caching Rev 2 (21.10.2013).
Jun 17 11:06:30 ubuntu kernel: [    6.975788] [drm] Driver supports precise vblank timestamp query.
Jun 17 11:06:30 ubuntu kernel: [    6.976339] i915 0000:00:02.0: vgaarb: changed VGA decodes: olddecodes=io+mem,decodes=io+mem:owns=io+mem
Jun 17 11:06:30 ubuntu kernel: [    6.982042] [drm] RC6 disabled, disabling runtime PM support
Jun 17 11:06:30 ubuntu kernel: [    6.982220] [drm] Initialized i915 1.6.0 20170619 for 0000:00:02.0 on minor 0
Jun 17 11:06:30 ubuntu kernel: [    6.987408] usbcore: registered new interface driver usbhid
Jun 17 11:06:30 ubuntu kernel: [    6.987409] usbhid: USB HID core driver
Jun 17 11:06:30 ubuntu kernel: [    6.989260] input: Logitech USB Keyboard as /devices/pci0000:00/0000:00:1d.3/usb8/8-1/8-1:1.0/0003:046D:C31D.0001/input/input5
Jun 17 11:06:30 ubuntu kernel: [    7.048239] hid-generic 0003:046D:C31D.0001: input,hidraw0: USB HID v1.10 Keyboard [Logitech USB Keyboard] on usb-0000:00:1d.3-1/input0
Jun 17 11:06:30 ubuntu kernel: [    7.048519] input: Logitech USB Keyboard as /devices/pci0000:00/0000:00:1d.3/usb8/8-1/8-1:1.1/0003:046D:C31D.0002/input/input6
Jun 17 11:06:30 ubuntu kernel: [    7.078300] fbcon: inteldrmfb (fb0) is primary device
Jun 17 11:06:30 ubuntu kernel: [    7.097851] Console: switching to colour frame buffer device 180x56
Jun 17 11:06:30 ubuntu kernel: [    7.108253] hid-generic 0003:046D:C31D.0002: input,hidraw1: USB HID v1.10 Device [Logitech USB Keyboard] on usb-0000:00:1d.3-1/input1
Jun 17 11:06:30 ubuntu kernel: [    7.117474] i915 0000:00:02.0: fb0: inteldrmfb frame buffer device
Jun 17 11:06:30 ubuntu kernel: [    7.359340] usb-storage 2-6:1.0: USB Mass Storage device detected
Jun 17 11:06:30 ubuntu kernel: [    7.359427] scsi host2: usb-storage 2-6:1.0
Jun 17 11:06:30 ubuntu kernel: [    7.359492] usbcore: registered new interface driver usb-storage
Jun 17 11:06:30 ubuntu kernel: [    7.360778] usbcore: registered new interface driver uas
Jun 17 11:06:30 ubuntu kernel: [    8.106491] input: ImPS/2 Logitech Wheel Mouse as /devices/platform/i8042/serio1/input/input4
Jun 17 11:06:30 ubuntu kernel: [    8.380675] scsi 2:0:0:0: Direct-Access     SanDisk  Cruzer Blade     1.00 PQ: 0 ANSI: 6
Jun 17 11:06:30 ubuntu kernel: [    8.380917] sd 2:0:0:0: Attached scsi generic sg1 type 0
Jun 17 11:06:30 ubuntu kernel: [    8.381525] sd 2:0:0:0: [sdb] 30595072 512-byte logical blocks: (15.7 GB/14.6 GiB)
Jun 17 11:06:30 ubuntu kernel: [    8.383281] sd 2:0:0:0: [sdb] Write Protect is off
Jun 17 11:06:30 ubuntu kernel: [    8.383284] sd 2:0:0:0: [sdb] Mode Sense: 43 00 00 00
Jun 17 11:06:30 ubuntu kernel: [    8.384289] sd 2:0:0:0: [sdb] Write cache: disabled, read cache: enabled, doesn't support DPO or FUA
Jun 17 11:06:30 ubuntu kernel: [    8.389541]  sdb: sdb1
Jun 17 11:06:30 ubuntu kernel: [    8.392781] sd 2:0:0:0: [sdb] Attached SCSI removable disk
Jun 17 11:06:30 ubuntu kernel: [    9.948065] floppy0: no floppy controllers found
Jun 17 11:06:30 ubuntu kernel: [   11.293889] aufs 4.13-20170911
Jun 17 11:06:30 ubuntu kernel: [   11.619019] random: crng init done
Jun 17 11:06:30 ubuntu kernel: [   16.112034] Floppy drive(s): fd0 is 1.44M
Jun 17 11:06:30 ubuntu kernel: [   19.164090] floppy0: no floppy controllers found
Jun 17 11:06:30 ubuntu kernel: [   23.346629] lp: driver loaded but no devices found
Jun 17 11:06:30 ubuntu kernel: [   23.354651] ppdev: user-space parallel port driver
Jun 17 11:06:30 ubuntu kernel: [   23.369799] parport_pc 00:03: reported by Plug and Play ACPI
Jun 17 11:06:30 ubuntu kernel: [   23.369859] parport0: PC-style at 0x378 (0x778), irq 7, dma 3 [PCSPP,TRISTATE,COMPAT,EPP,ECP,DMA]
Jun 17 11:06:30 ubuntu kernel: [   23.464276] lp0: using parport0 (interrupt-driven).
Jun 17 11:06:30 ubuntu kernel: [   23.617594] shpchp: Standard Hot Plug PCI Controller Driver version: 0.4
Jun 17 11:06:30 ubuntu kernel: [   23.676746] Floppy drive(s): fd0 is 1.44M
Jun 17 11:06:30 ubuntu kernel: [   24.055000] ACPI Warning: SystemIO range 0x0000000000000828-0x000000000000082F conflicts with OpRegion 0x0000000000000800-0x000000000000084F (\PMRG) (20170531/utaddress-247)
Jun 17 11:06:30 ubuntu kernel: [   24.055007] ACPI: If an ACPI driver is available for this device, you should use it instead of the native driver
Jun 17 11:06:30 ubuntu kernel: [   24.055034] lpc_ich: Resource conflict(s) found affecting gpio_ich
Jun 17 11:06:30 ubuntu systemd[1]: Starting Clean up any mess left by 0dns-up...
Jun 17 11:06:30 ubuntu systemd[1]: Starting LSB: AppArmor initialization...
Jun 17 11:06:30 ubuntu systemd[1]: Started Tell Plymouth To Write Out Runtime Data.
Jun 17 11:06:30 ubuntu systemd-tmpfiles[1049]: [/usr/lib/tmpfiles.d/var.conf:14] Duplicate line for path "/var/log", ignoring.
Jun 17 11:06:30 ubuntu systemd[1]: Started Create Volatile Files and Directories.
Jun 17 11:06:30 ubuntu systemd[1]: Starting Update UTMP about System Boot/Shutdown...
Jun 17 11:06:30 ubuntu systemd[1]: Starting Network Time Synchronization...
Jun 17 11:06:30 ubuntu systemd[1]: Started Clean up any mess left by 0dns-up.
Jun 17 11:06:30 ubuntu systemd[1]: Starting Nameserver information manager...
Jun 17 11:06:30 ubuntu systemd[1]: Started Nameserver information manager.
Jun 17 11:06:30 ubuntu systemd[1]: Started Network Time Synchronization.
Jun 17 11:06:30 ubuntu systemd[1]: Started Update UTMP about System Boot/Shutdown.
Jun 17 11:06:30 ubuntu systemd[1]: Reached target System Time Synchronized.
Jun 17 11:06:30 ubuntu systemd[1]: Reached target Network (Pre).
Jun 17 11:06:30 ubuntu systemd[1]: Started LSB: AppArmor initialization.
Jun 17 11:06:30 ubuntu systemd[1]: Starting Raise network interfaces...
Jun 17 11:06:30 ubuntu systemd[1]: Reached target System Initialization.
Jun 17 11:06:30 ubuntu systemd[1]: Listening on Avahi mDNS/DNS-SD Stack Activation Socket.
Jun 17 11:06:30 ubuntu systemd[1]: Listening on CUPS Scheduler.
Jun 17 11:06:30 ubuntu systemd[1]: Listening on UUID daemon activation socket.
Jun 17 11:06:30 ubuntu systemd[1]: Listening on ACPID Listen Socket.
Jun 17 11:06:30 ubuntu systemd[1]: Started ACPI Events Check.
Jun 17 11:06:30 ubuntu systemd[1]: Started Timer to automatically refresh installed snaps.
Jun 17 11:06:30 ubuntu systemd[1]: Started Daily apt download activities.
Jun 17 11:06:30 ubuntu systemd[1]: Starting Socket activation for snappy daemon.
Jun 17 11:06:30 ubuntu systemd[1]: Listening on D-Bus System Message Bus Socket.
Jun 17 11:06:30 ubuntu systemd[1]: Started CUPS Scheduler.
Jun 17 11:06:30 ubuntu systemd[1]: Reached target Paths.
Jun 17 11:06:30 ubuntu systemd[1]: Started Daily Cleanup of Temporary Directories.
Jun 17 11:06:30 ubuntu systemd[1]: Started Daily apt upgrade and clean activities.
Jun 17 11:06:30 ubuntu systemd[1]: Reached target Timers.
Jun 17 11:06:30 ubuntu systemd[1]: Listening on Socket activation for snappy daemon.
Jun 17 11:06:30 ubuntu systemd[1]: Reached target Sockets.
Jun 17 11:06:30 ubuntu systemd[1]: Reached target Basic System.
Jun 17 11:06:30 ubuntu systemd[1]: Starting Thermal Daemon Service...
Jun 17 11:06:30 ubuntu systemd[1]: Starting Avahi mDNS/DNS-SD Stack...
Jun 17 11:06:30 ubuntu systemd[1]: Starting Restore /etc/resolv.conf if the system crashed before the ppp link was shut down...
Jun 17 11:06:30 ubuntu systemd[1]: Starting LSB: automatic crash report generation...
Jun 17 11:06:30 ubuntu systemd[1]: Starting LSB: daemon to balance interrupts for SMP systems...
Jun 17 11:06:30 ubuntu systemd[1]: Starting LSB: Speech Dispatcher...
Jun 17 11:06:30 ubuntu systemd[1]: Starting LSB: Set the CPU Frequency Scaling governor to "ondemand"...
Jun 17 11:06:30 ubuntu systemd[1]: Started ACPI event daemon.
Jun 17 11:06:30 ubuntu systemd[1]: Starting System Logging Service...
Jun 17 11:06:30 ubuntu systemd[1]: Starting Login Service...
Jun 17 11:06:30 ubuntu systemd[1]: Starting Accounts Service...
Jun 17 11:06:30 ubuntu systemd[1]: Starting LSB: Record successful boot for GRUB...
Jun 17 11:06:30 ubuntu systemd[1]: Started CUPS Scheduler.
Jun 17 11:06:30 ubuntu systemd[1]: Starting Permit User Sessions...
Jun 17 11:06:30 ubuntu systemd[1]: Starting Ubuntu live CD installer...
Jun 17 11:06:30 ubuntu systemd[1]: Started D-Bus System Message Bus.
Jun 17 11:06:30 ubuntu acpid: starting up with netlink and the input layer
Jun 17 11:06:30 ubuntu acpid: 9 rules loaded
Jun 17 11:06:30 ubuntu acpid: waiting for events: event logging is off
Jun 17 11:06:30 ubuntu mtp-probe: checking bus 2, device 2: "/sys/devices/pci0000:00/0000:00:1d.7/usb2/2-6"
Jun 17 11:06:30 ubuntu mtp-probe: checking bus 8, device 2: "/sys/devices/pci0000:00/0000:00:1d.3/usb8/8-1"
Jun 17 11:06:30 ubuntu mtp-probe: bus: 2, device: 2 was not an MTP device
Jun 17 11:06:30 ubuntu mtp-probe: bus: 8, device: 2 was not an MTP device
Jun 17 11:06:30 ubuntu avahi-daemon[1156]: Found user 'avahi' (UID 111) and group 'avahi' (GID 120).
Jun 17 11:06:30 ubuntu avahi-daemon[1156]: Successfully dropped root privileges.
Jun 17 11:06:30 ubuntu avahi-daemon[1156]: avahi-daemon 0.6.32-rc starting up.
Jun 17 11:06:30 ubuntu dbus[1180]: [system] AppArmor D-Bus mediation is enabled
Jun 17 11:06:30 ubuntu avahi-daemon[1156]: Successfully called chroot().
Jun 17 11:06:30 ubuntu avahi-daemon[1156]: Successfully dropped remaining capabilities.
Jun 17 11:06:30 ubuntu avahi-daemon[1156]: No service file found in /etc/avahi/services.
Jun 17 11:06:30 ubuntu dbus[1180]: [system] Successfully activated service 'org.freedesktop.systemd1'
Jun 17 11:06:30 ubuntu avahi-daemon[1156]: Network interface enumeration completed.
Jun 17 11:06:30 ubuntu avahi-daemon[1156]: Server startup complete. Host name is ubuntu.local. Local service cookie is 847529628.
Jun 17 11:06:30 ubuntu systemd[1]: Started Avahi mDNS/DNS-SD Stack.
Jun 17 11:06:30 ubuntu systemd[1]: Started Make remote CUPS printers available locally.
Jun 17 11:06:30 ubuntu systemd[1]: Starting Detect the available GPUs and deal with any system changes...
Jun 17 11:06:30 ubuntu systemd[1]: Started Regular background program processing daemon.
Jun 17 11:06:30 ubuntu systemd[1]: Started Run anacron jobs.
Jun 17 11:06:30 ubuntu systemd[1]: Starting Network Manager...
Jun 17 11:06:30 ubuntu systemd[1]: Starting Snappy daemon...
Jun 17 11:06:30 ubuntu systemd[1]: Started System Logging Service.
Jun 17 11:06:30 ubuntu systemd[1]: Started Set console font and keymap.
Jun 17 11:06:30 ubuntu systemd[1]: Started Restore /etc/resolv.conf if the system crashed before the ppp link was shut down.
Jun 17 11:06:30 ubuntu systemd[1]: Started Permit User Sessions.
Jun 17 11:06:30 ubuntu cron[1221]: (CRON) INFO (pidfile fd = 3)
Jun 17 11:06:30 ubuntu cron[1221]: (CRON) INFO (Running @reboot jobs)
Jun 17 11:06:30 ubuntu speech-dispatcher[1160]:  * speech-dispatcher disabled; edit /etc/default/speech-dispatcher
Jun 17 11:06:30 ubuntu systemd[1]: Started LSB: Speech Dispatcher.
Jun 17 11:06:30 ubuntu apport[1158]:  * Starting automatic crash report generation: apport
Jun 17 11:06:30 ubuntu irqbalance[1159]:  * Starting SMP IRQ Balancer: irqbalance
Jun 17 11:06:30 ubuntu apport[1158]:    ...done.
Jun 17 11:06:30 ubuntu systemd[1]: Started LSB: automatic crash report generation.
Jun 17 11:06:30 ubuntu gpu-manager[1220]: /etc/modprobe.d is not a file
Jun 17 11:06:30 ubuntu systemd[1]: Started Login Service.
Jun 17 11:06:30 ubuntu systemd[1]: Created slice system-getty.slice.
Jun 17 11:06:30 ubuntu gpu-manager[1220]: /etc/modprobe.d is not a file
Jun 17 11:06:30 ubuntu gpu-manager[1220]: message repeated 2 times: [ /etc/modprobe.d is not a file]
Jun 17 11:06:30 ubuntu gpu-manager[1220]: /etc/modprobe.d is not a file
Jun 17 11:06:30 ubuntu gpu-manager[1220]: Error: can't open /lib/modules/4.13.0-36-generic/updates/dkms
Jun 17 11:06:30 ubuntu gpu-manager[1220]: Error: can't open /lib/modules/4.13.0-36-generic/updates/dkms
Jun 17 11:06:31 ubuntu systemd[1]: Started LSB: Set the CPU Frequency Scaling governor to "ondemand".
Jun 17 11:06:31 ubuntu gpu-manager[1220]: update-alternatives: error: no alternatives for x86_64-linux-gnu_gfxcore_conf
Jun 17 11:06:31 ubuntu systemd[1]: Started Detect the available GPUs and deal with any system changes.
Jun 17 11:06:31 ubuntu systemd[1]: Started LSB: Record successful boot for GRUB.
Jun 17 11:06:31 ubuntu kernel: [   24.655055] snd_hda_codec_realtek hdaudioC0D0: autoconfig for ALC888: line_outs=1 (0x14/0x0/0x0/0x0/0x0) type:line
Jun 17 11:06:31 ubuntu kernel: [   24.655058] snd_hda_codec_realtek hdaudioC0D0:    speaker_outs=1 (0x15/0x0/0x0/0x0/0x0)
Jun 17 11:06:31 ubuntu kernel: [   24.655060] snd_hda_codec_realtek hdaudioC0D0:    hp_outs=1 (0x1b/0x0/0x0/0x0/0x0)
Jun 17 11:06:31 ubuntu kernel: [   24.655062] snd_hda_codec_realtek hdaudioC0D0:    mono: mono_out=0x0
Jun 17 11:06:31 ubuntu kernel: [   24.655063] snd_hda_codec_realtek hdaudioC0D0:    inputs:
Jun 17 11:06:31 ubuntu kernel: [   24.655065] snd_hda_codec_realtek hdaudioC0D0:      Front Mic=0x19
Jun 17 11:06:31 ubuntu kernel: [   24.655067] snd_hda_codec_realtek hdaudioC0D0:      Rear Mic=0x18
Jun 17 11:06:31 ubuntu kernel: [   24.655068] snd_hda_codec_realtek hdaudioC0D0:      Line=0x1a
Jun 17 11:06:31 ubuntu irqbalance[1159]:    ...done.
Jun 17 11:06:31 ubuntu systemd[1]: Started LSB: daemon to balance interrupts for SMP systems.
Jun 17 11:06:31 ubuntu kernel: [   24.678621] input: HDA Intel Front Mic as /devices/pci0000:00/0000:00:1b.0/sound/card0/input7
Jun 17 11:06:31 ubuntu kernel: [   24.678694] input: HDA Intel Rear Mic as /devices/pci0000:00/0000:00:1b.0/sound/card0/input8
Jun 17 11:06:31 ubuntu kernel: [   24.678757] input: HDA Intel Line as /devices/pci0000:00/0000:00:1b.0/sound/card0/input9
Jun 17 11:06:31 ubuntu kernel: [   24.678819] input: HDA Intel Line Out as /devices/pci0000:00/0000:00:1b.0/sound/card0/input10
Jun 17 11:06:31 ubuntu kernel: [   24.678880] input: HDA Intel Front Headphone as /devices/pci0000:00/0000:00:1b.0/sound/card0/input11
Jun 17 11:06:31 ubuntu systemd[1]: Started Thermal Daemon Service.
Jun 17 11:06:31 ubuntu systemd[1]: Started Raise network interfaces.
Jun 17 11:06:31 ubuntu thermald[1154]: NO RAPL sysfs present
Jun 17 11:06:31 ubuntu thermald[1154]: 13 CPUID levels; family:model:stepping 0x6:17:a (6:23:10)
Jun 17 11:06:31 ubuntu thermald[1154]:  Need Linux PowerCap sysfs
Jun 17 11:06:31 ubuntu thermald[1154]: Unsupported cpu model, use thermal-conf.xml file or run with --ignore-cpuid-check
Jun 17 11:06:31 ubuntu thermald[1154]: THD engine start failed
Jun 17 11:06:31 ubuntu dbus[1180]: [system] Activating via systemd: service name='org.freedesktop.PolicyKit1' unit='polkitd.service'
Jun 17 11:06:31 ubuntu systemd[1]: Starting Authenticate and Authorize Users to Run Privileged Tasks...
Jun 17 11:06:31 ubuntu systemd[1]: Listening on Load/Save RF Kill Switch Status /dev/rfkill Watch.
Jun 17 11:06:31 ubuntu polkitd[1358]: started daemon version 0.105 using authority implementation `local' version `0.105'
Jun 17 11:06:31 ubuntu dbus[1180]: [system] Successfully activated service 'org.freedesktop.PolicyKit1'
Jun 17 11:06:31 ubuntu systemd[1]: Started Authenticate and Authorize Users to Run Privileged Tasks.
Jun 17 11:06:31 ubuntu accounts-daemon[1173]: started daemon version 0.6.40
Jun 17 11:06:31 ubuntu systemd[1]: Started Accounts Service.
Jun 17 11:06:31 ubuntu systemd[1]: Reached target Printer.
Jun 17 11:06:31 ubuntu kernel: [   24.799979] intel_powerclamp: No package C-state available
Jun 17 11:06:31 ubuntu kernel: [   25.232161] gpio_ich: GPIO from 451 to 511 on gpio_ich
Jun 17 11:06:31 ubuntu systemd[1]: Started CUPS Scheduler.
Jun 17 11:06:31 ubuntu systemd[1]: Reached target Sound Card.
Jun 17 11:06:31 ubuntu NetworkManager[1224]: <info>  [1560769591.8003] NetworkManager (version 1.2.6) is starting...
Jun 17 11:06:31 ubuntu NetworkManager[1224]: <info>  [1560769591.8004] Read config: /etc/NetworkManager/NetworkManager.conf (etc: default-wifi-powersave-on.conf)
Jun 17 11:06:31 ubuntu NetworkManager[1224]: <info>  [1560769591.8170] manager[0x18f11b0]: monitoring kernel firmware directory '/lib/firmware'.
Jun 17 11:06:31 ubuntu NetworkManager[1224]: <info>  [1560769591.8176] monitoring ifupdown state file '/run/network/ifstate'.
Jun 17 11:06:31 ubuntu NetworkManager[1224]: <info>  [1560769591.8199] dns-mgr[0x18d0950]: init: dns=dnsmasq, rc-manager=resolvconf, plugin=dnsmasq
Jun 17 11:06:31 ubuntu systemd[1]: Started Network Manager.
Jun 17 11:06:31 ubuntu systemd[1]: Starting Network Manager Wait Online...
Jun 17 11:06:31 ubuntu systemd[1]: Reached target Network.
Jun 17 11:06:31 ubuntu systemd[1]: Started Unattended Upgrades Shutdown.
Jun 17 11:06:31 ubuntu dbus[1180]: [system] Activating via systemd: service name='org.freedesktop.nm_dispatcher' unit='dbus-org.freedesktop.nm-dispatcher.service'
Jun 17 11:06:31 ubuntu systemd[1]: Starting Network Manager Script Dispatcher Service...
Jun 17 11:06:31 ubuntu dbus[1180]: [system] Successfully activated service 'org.freedesktop.nm_dispatcher'
Jun 17 11:06:31 ubuntu systemd[1]: Started Network Manager Script Dispatcher Service.
Jun 17 11:06:31 ubuntu NetworkManager[1224]: <info>  [1560769591.9837] init!
Jun 17 11:06:31 ubuntu NetworkManager[1224]: <info>  [1560769591.9839] management mode: unmanaged
Jun 17 11:06:31 ubuntu NetworkManager[1224]: <info>  [1560769591.9844] devices added (path: /sys/devices/pci0000:00/0000:00:1c.1/0000:02:00.0/net/enp2s0, iface: enp2s0)
Jun 17 11:06:31 ubuntu NetworkManager[1224]: <info>  [1560769591.9844] device added (path: /sys/devices/pci0000:00/0000:00:1c.1/0000:02:00.0/net/enp2s0, iface: enp2s0): no ifupdown configuration found.
Jun 17 11:06:31 ubuntu NetworkManager[1224]: <info>  [1560769591.9844] devices added (path: /sys/devices/virtual/net/lo, iface: lo)
Jun 17 11:06:31 ubuntu NetworkManager[1224]: <info>  [1560769591.9844] device added (path: /sys/devices/virtual/net/lo, iface: lo): no ifupdown configuration found.
Jun 17 11:06:31 ubuntu NetworkManager[1224]: <info>  [1560769591.9844] end _init.
Jun 17 11:06:31 ubuntu NetworkManager[1224]: <info>  [1560769591.9845] settings: loaded plugin ifupdown: (C) 2008 Canonical Ltd.  To report bugs please use the NetworkManager mailing list. (/usr/lib/x86_64-linux-gnu/NetworkManager/libnm-settings-plugin-ifupdown.so)
Jun 17 11:06:31 ubuntu NetworkManager[1224]: <info>  [1560769591.9845] settings: loaded plugin keyfile: (c) 2007 - 2015 Red Hat, Inc.  To report bugs please use the NetworkManager mailing list.
Jun 17 11:06:31 ubuntu dbus[1180]: [system] Activating via systemd: service name='org.freedesktop.hostname1' unit='dbus-org.freedesktop.hostname1.service'
Jun 17 11:06:31 ubuntu NetworkManager[1224]: <info>  [1560769591.9848] SettingsPlugin-Ofono: init!
Jun 17 11:06:31 ubuntu NetworkManager[1224]: <warn>  [1560769591.9849] SettingsPlugin-Ofono: file doesn't exist: /var/lib/ofono
Jun 17 11:06:31 ubuntu NetworkManager[1224]: <info>  [1560769591.9850] SettingsPlugin-Ofono: end _init.
Jun 17 11:06:31 ubuntu NetworkManager[1224]: <info>  [1560769591.9850] settings: loaded plugin ofono: (C) 2013-2016 Canonical Ltd.  To report bugs please use the NetworkManager mailing list. (/usr/lib/x86_64-linux-gnu/NetworkManager/libnm-settings-plugin-ofono.so)
Jun 17 11:06:31 ubuntu NetworkManager[1224]: <info>  [1560769591.9850] (26220912) ... get_connections.
Jun 17 11:06:31 ubuntu NetworkManager[1224]: <info>  [1560769591.9850] (26220912) ... get_connections (managed=false): return empty list.
Jun 17 11:06:31 ubuntu NetworkManager[1224]: <info>  [1560769591.9852] SettingsPlugin-Ofono: (26221072) ... get_connections.
Jun 17 11:06:31 ubuntu NetworkManager[1224]: <info>  [1560769591.9853] SettingsPlugin-Ofono: (26221072) connections count: 0
Jun 17 11:06:31 ubuntu NetworkManager[1224]: <info>  [1560769591.9853] get unmanaged devices count: 0
Jun 17 11:06:31 ubuntu systemd[1]: Starting Hostname Service...
Jun 17 11:06:32 ubuntu dbus[1180]: [system] Successfully activated service 'org.freedesktop.hostname1'
Jun 17 11:06:32 ubuntu systemd[1]: Started Hostname Service.
Jun 17 11:06:32 ubuntu NetworkManager[1224]: <info>  [1560769592.0443] settings: hostname: using hostnamed
Jun 17 11:06:32 ubuntu NetworkManager[1224]: <info>  [1560769592.0444] settings: hostname changed from (none) to "ubuntu"
Jun 17 11:06:32 ubuntu NetworkManager[1224]: <info>  [1560769592.0448] Using DHCP client 'dhclient'
Jun 17 11:06:32 ubuntu NetworkManager[1224]: <info>  [1560769592.0449] manager: WiFi enabled by radio killswitch; enabled by state file
Jun 17 11:06:32 ubuntu NetworkManager[1224]: <info>  [1560769592.0449] manager: WWAN enabled by radio killswitch; enabled by state file
Jun 17 11:06:32 ubuntu NetworkManager[1224]: <info>  [1560769592.0449] manager: Networking is enabled by state file
Jun 17 11:06:32 ubuntu NetworkManager[1224]: <info>  [1560769592.0450] Loaded device plugin: NMVxlanFactory (internal)
Jun 17 11:06:32 ubuntu NetworkManager[1224]: <info>  [1560769592.0450] Loaded device plugin: NMVlanFactory (internal)
Jun 17 11:06:32 ubuntu NetworkManager[1224]: <info>  [1560769592.0451] Loaded device plugin: NMVethFactory (internal)
Jun 17 11:06:32 ubuntu NetworkManager[1224]: <info>  [1560769592.0451] Loaded device plugin: NMTunFactory (internal)
Jun 17 11:06:32 ubuntu NetworkManager[1224]: <info>  [1560769592.0451] Loaded device plugin: NMMacvlanFactory (internal)
Jun 17 11:06:32 ubuntu nm-dispatcher: req:1 'hostname': new request (1 scripts)
Jun 17 11:06:32 ubuntu NetworkManager[1224]: <info>  [1560769592.0451] Loaded device plugin: NMIPTunnelFactory (internal)
Jun 17 11:06:32 ubuntu nm-dispatcher: req:1 'hostname': start running ordered scripts...
Jun 17 11:06:32 ubuntu NetworkManager[1224]: <info>  [1560769592.0452] Loaded device plugin: NMInfinibandFactory (internal)
Jun 17 11:06:32 ubuntu NetworkManager[1224]: <info>  [1560769592.0452] Loaded device plugin: NMEthernetFactory (internal)
Jun 17 11:06:32 ubuntu NetworkManager[1224]: <info>  [1560769592.0452] Loaded device plugin: NMBridgeFactory (internal)
Jun 17 11:06:32 ubuntu NetworkManager[1224]: <info>  [1560769592.0452] Loaded device plugin: NMBondFactory (internal)
Jun 17 11:06:32 ubuntu NetworkManager[1224]: <info>  [1560769592.1150] Loaded device plugin: NMAtmManager (/usr/lib/x86_64-linux-gnu/NetworkManager/libnm-device-plugin-adsl.so)
Jun 17 11:06:32 ubuntu NetworkManager[1224]: <info>  [1560769592.2657] Loaded device plugin: NMBluezManager (/usr/lib/x86_64-linux-gnu/NetworkManager/libnm-device-plugin-bluetooth.so)
Jun 17 11:06:32 ubuntu NetworkManager[1224]: <info>  [1560769592.2933] Loaded device plugin: NMWifiFactory (/usr/lib/x86_64-linux-gnu/NetworkManager/libnm-device-plugin-wifi.so)
Jun 17 11:06:32 ubuntu NetworkManager[1224]: <info>  [1560769592.3756] Loaded device plugin: NMWwanFactory (/usr/lib/x86_64-linux-gnu/NetworkManager/libnm-device-plugin-wwan.so)
Jun 17 11:06:32 ubuntu systemd-udevd[1022]: Process '/usr/sbin/alsactl -E HOME=/run/alsa restore 0' failed with exit code 99.
Jun 17 11:06:32 ubuntu NetworkManager[1224]: <info>  [1560769592.3951] manager: (enp2s0): new Ethernet device (/org/freedesktop/NetworkManager/Devices/0)
Jun 17 11:06:32 ubuntu NetworkManager[1224]: <info>  [1560769592.3963] keyfile: add connection in-memory (4245a977-20ce-3117-95fe-5be0f364b288,"Wired connection 1")
Jun 17 11:06:32 ubuntu NetworkManager[1224]: <info>  [1560769592.3969] settings: (enp2s0): created default wired connection 'Wired connection 1'
Jun 17 11:06:32 ubuntu NetworkManager[1224]: <info>  [1560769592.3983] device (enp2s0): state change: unmanaged -> unavailable (reason 'managed') [10 20 2]
Jun 17 11:06:32 ubuntu kernel: [   25.900355] IPv6: ADDRCONF(NETDEV_UP): enp2s0: link is not ready
Jun 17 11:06:32 ubuntu NetworkManager[1224]: nm_device_get_device_type: assertion 'NM_IS_DEVICE (self)' failed
Jun 17 11:06:32 ubuntu kernel: [   25.978087] r8169 0000:02:00.0 enp2s0: link down
Jun 17 11:06:32 ubuntu kernel: [   25.978154] r8169 0000:02:00.0 enp2s0: link down
Jun 17 11:06:32 ubuntu kernel: [   25.978233] IPv6: ADDRCONF(NETDEV_UP): enp2s0: link is not ready
Jun 17 11:06:32 ubuntu NetworkManager[1224]: <info>  [1560769592.4788] device (lo): link connected
Jun 17 11:06:32 ubuntu NetworkManager[1224]: <info>  [1560769592.4799] manager: (lo): new Generic device (/org/freedesktop/NetworkManager/Devices/1)
Jun 17 11:06:32 ubuntu NetworkManager[1224]: <info>  [1560769592.4867] urfkill disappeared from the bus
Jun 17 11:06:32 ubuntu NetworkManager[1224]: <info>  [1560769592.5179] ofono is now available
Jun 17 11:06:32 ubuntu NetworkManager[1224]: <warn>  [1560769592.5191] failed to enumerate oFono devices: GDBus.Error:org.freedesktop.DBus.Error.ServiceUnknown: The name org.ofono was not provided by any .service files
Jun 17 11:06:32 ubuntu snapd[1225]: AppArmor status: apparmor is enabled and all features are available
Jun 17 11:06:32 ubuntu snapd[1225]: 2019/06/17 11:06:32.603488 daemon.go:306: started snapd/2.29.4.2 (series 16; classic) ubuntu/16.04 (amd64) linux/4.13.0-36-generic.
Jun 17 11:06:32 ubuntu systemd[1]: Started Snappy daemon.
Jun 17 11:06:32 ubuntu snapd[1225]: 2019/06/17 11:06:32.606651 stateengine.go:98: state ensure error: Get https://api.snapcraft.io/api/v1/snaps/sections: dial tcp: lookup api.snapcraft.io on [::1]:53: read udp [::1]:38510->[::1]:53: read: connection refused
Jun 17 11:06:33 ubuntu kernel: [   26.844043] floppy0: no floppy controllers found
Jun 17 11:06:34 ubuntu systemd[1]: Received SIGRTMIN+21 from PID 227 (plymouthd).
Jun 17 11:06:34 ubuntu systemd[1]: Created slice User Slice of ubuntu.
Jun 17 11:06:34 ubuntu systemd[1]: Starting User Manager for UID 999...
Jun 17 11:06:34 ubuntu systemd[1]: Started Session c1 of user ubuntu.
Jun 17 11:06:34 ubuntu systemd[1536]: Reached target Paths.
Jun 17 11:06:34 ubuntu systemd[1536]: Reached target Sockets.
Jun 17 11:06:34 ubuntu systemd[1536]: Reached target Timers.
Jun 17 11:06:34 ubuntu systemd[1536]: Reached target Basic System.
Jun 17 11:06:34 ubuntu systemd[1536]: Reached target Default.
Jun 17 11:06:34 ubuntu systemd[1536]: Startup finished in 27ms.
Jun 17 11:06:34 ubuntu systemd[1]: Started User Manager for UID 999.
Jun 17 11:06:34 ubuntu org.a11y.Bus[1544]: Activating service name='org.a11y.atspi.Registry'
Jun 17 11:06:34 ubuntu org.a11y.Bus[1544]: ** (process:1585): WARNING **: Failed to register client: GDBus.Error:org.freedesktop.DBus.Error.ServiceUnknown: The name org.gnome.SessionManager was not provided by any .service files
Jun 17 11:06:34 ubuntu org.a11y.Bus[1544]: Successfully activated service 'org.a11y.atspi.Registry'
Jun 17 11:06:34 ubuntu org.a11y.atspi.Registry[1590]: SpiRegistry daemon is running with well-known name - org.a11y.atspi.Registry
Jun 17 11:06:35 ubuntu dbus[1180]: [system] Activating via systemd: service name='org.freedesktop.UPower' unit='upower.service'
Jun 17 11:06:35 ubuntu systemd[1]: Starting Daemon for power management...
Jun 17 11:06:35 ubuntu dbus[1180]: [system] Successfully activated service 'org.freedesktop.UPower'
Jun 17 11:06:35 ubuntu systemd[1]: Started Daemon for power management.
Jun 17 11:06:35 ubuntu dbus[1180]: [system] Activating via systemd: service name='org.freedesktop.ColorManager' unit='colord.service'
Jun 17 11:06:35 ubuntu systemd[1]: Starting Manage, Install and Generate Color Profiles...
Jun 17 11:06:35 ubuntu dbus[1180]: [system] Successfully activated service 'org.freedesktop.ColorManager'
Jun 17 11:06:35 ubuntu systemd[1]: Started Manage, Install and Generate Color Profiles.
Jun 17 11:06:35 ubuntu dbus[1180]: [system] Activating via systemd: service name='org.freedesktop.RealtimeKit1' unit='rtkit-daemon.service'
Jun 17 11:06:35 ubuntu systemd[1]: Starting RealtimeKit Scheduling Policy Service...
Jun 17 11:06:35 ubuntu dbus[1180]: [system] Successfully activated service 'org.freedesktop.RealtimeKit1'
Jun 17 11:06:35 ubuntu systemd[1]: Started RealtimeKit Scheduling Policy Service.
Jun 17 11:06:35 ubuntu rtkit-daemon[1649]: Successfully called chroot.
Jun 17 11:06:35 ubuntu rtkit-daemon[1649]: Successfully dropped privileges.
Jun 17 11:06:35 ubuntu rtkit-daemon[1649]: Successfully limited resources.
Jun 17 11:06:35 ubuntu rtkit-daemon[1649]: Running.
Jun 17 11:06:35 ubuntu rtkit-daemon[1649]: Watchdog thread running.
Jun 17 11:06:35 ubuntu rtkit-daemon[1649]: Canary thread running.
Jun 17 11:06:35 ubuntu rtkit-daemon[1649]: Successfully made thread 1648 of process 1648 (n/a) owned by '999' high priority at nice level -11.
Jun 17 11:06:35 ubuntu rtkit-daemon[1649]: Supervising 1 threads of 1 processes of 1 users.
Jun 17 11:06:35 ubuntu NetworkManager[1224]: <info>  [1560769595.6548] device (enp2s0): link connected
Jun 17 11:06:35 ubuntu NetworkManager[1224]: <info>  [1560769595.6566] device (enp2s0): state change: unavailable -> disconnected (reason 'carrier-changed') [20 30 40]
Jun 17 11:06:35 ubuntu kernel: [   29.156187] r8169 0000:02:00.0 enp2s0: link up
Jun 17 11:06:35 ubuntu kernel: [   29.156197] IPv6: ADDRCONF(NETDEV_CHANGE): enp2s0: link becomes ready
Jun 17 11:06:35 ubuntu NetworkManager[1224]: <info>  [1560769595.6610] policy: auto-activating connection 'Wired connection 1'
Jun 17 11:06:35 ubuntu NetworkManager[1224]: <info>  [1560769595.6645] device (enp2s0): Activation: starting connection 'Wired connection 1' (4245a977-20ce-3117-95fe-5be0f364b288)
Jun 17 11:06:35 ubuntu NetworkManager[1224]: <info>  [1560769595.6655] device (enp2s0): state change: disconnected -> prepare (reason 'none') [30 40 0]
Jun 17 11:06:35 ubuntu NetworkManager[1224]: <info>  [1560769595.6670] manager: NetworkManager state is now CONNECTING
Jun 17 11:06:35 ubuntu NetworkManager[1224]: <info>  [1560769595.6782] device (enp2s0): state change: prepare -> config (reason 'none') [40 50 0]
Jun 17 11:06:35 ubuntu NetworkManager[1224]: <info>  [1560769595.6850] device (enp2s0): state change: config -> ip-config (reason 'none') [50 70 0]
Jun 17 11:06:35 ubuntu NetworkManager[1224]: <info>  [1560769595.6875] dhcp4 (enp2s0): activation: beginning transaction (timeout in 45 seconds)
Jun 17 11:06:35 ubuntu NetworkManager[1224]: <info>  [1560769595.7135] dhcp4 (enp2s0): dhclient started with pid 1669
Jun 17 11:06:35 ubuntu org.gnome.ScreenSaver[1544]: Gtk-Message: Failed to load module "overlay-scrollbar"
Jun 17 11:06:35 ubuntu dbus[1180]: [system] Activating via systemd: service name='org.bluez' unit='dbus-org.bluez.service'
Jun 17 11:06:35 ubuntu dhclient[1669]: DHCPDISCOVER on enp2s0 to 255.255.255.255 port 67 interval 3 (xid=0x755a013c)
Jun 17 11:06:35 ubuntu rtkit-daemon[1649]: Supervising 1 threads of 1 processes of 1 users.
Jun 17 11:06:35 ubuntu rtkit-daemon[1649]: Successfully made thread 1709 of process 1648 (n/a) owned by '999' RT at priority 5.
Jun 17 11:06:35 ubuntu rtkit-daemon[1649]: Supervising 2 threads of 1 processes of 1 users.
Jun 17 11:06:35 ubuntu rtkit-daemon[1649]: Supervising 2 threads of 1 processes of 1 users.
Jun 17 11:06:35 ubuntu rtkit-daemon[1649]: Successfully made thread 1711 of process 1648 (n/a) owned by '999' RT at priority 5.
Jun 17 11:06:35 ubuntu rtkit-daemon[1649]: Supervising 3 threads of 1 processes of 1 users.
Jun 17 11:06:35 ubuntu pulseaudio[1648]: [pulseaudio] authkey.c: Failed to open cookie file '/home/ubuntu/.config/pulse/cookie': No such file or directory
Jun 17 11:06:35 ubuntu pulseaudio[1648]: [pulseaudio] authkey.c: Failed to load authentication key '/home/ubuntu/.config/pulse/cookie': No such file or directory
Jun 17 11:06:35 ubuntu pulseaudio[1648]: [pulseaudio] authkey.c: Failed to open cookie file '/home/ubuntu/.pulse-cookie': No such file or directory
Jun 17 11:06:35 ubuntu pulseaudio[1648]: [pulseaudio] authkey.c: Failed to load authentication key '/home/ubuntu/.pulse-cookie': No such file or directory
Jun 17 11:06:36 ubuntu rtkit-daemon[1649]: Successfully made thread 1723 of process 1723 (n/a) owned by '999' high priority at nice level -11.
Jun 17 11:06:36 ubuntu rtkit-daemon[1649]: Supervising 4 threads of 2 processes of 1 users.
Jun 17 11:06:36 ubuntu pulseaudio[1723]: [pulseaudio] pid.c: Daemon already running.
Jun 17 11:06:36 ubuntu org.gnome.ScreenSaver[1544]: ** (gnome-screensaver:1666): WARNING **: Couldn't get presence status: The name org.gnome.SessionManager was not provided by any .service files
Jun 17 11:06:36 ubuntu colord-sane: [bjnp] create_broadcast_socket: ERROR - bind socket to local address failed - Cannot assign requested address
Jun 17 11:06:36 ubuntu dbus[1180]: [system] Activating via systemd: service name='org.freedesktop.locale1' unit='dbus-org.freedesktop.locale1.service'
Jun 17 11:06:36 ubuntu systemd[1]: Starting Locale Service...
Jun 17 11:06:36 ubuntu dbus[1180]: [system] Successfully activated service 'org.freedesktop.locale1'
Jun 17 11:06:36 ubuntu systemd[1]: Started Locale Service.
Jun 17 11:06:36 ubuntu avahi-daemon[1156]: Joining mDNS multicast group on interface enp2s0.IPv6 with address fe80::f01e:5ad1:7116:66d4.
Jun 17 11:06:36 ubuntu avahi-daemon[1156]: New relevant interface enp2s0.IPv6 for mDNS.
Jun 17 11:06:36 ubuntu avahi-daemon[1156]: Registering new address record for fe80::f01e:5ad1:7116:66d4 on enp2s0.*.
Jun 17 11:06:37 ubuntu ubiquity[1740]: Ubiquity 2.21.63.6
Jun 17 11:06:38 ubuntu dhclient[1669]: DHCPDISCOVER on enp2s0 to 255.255.255.255 port 67 interval 7 (xid=0x755a013c)
Jun 17 11:06:40 ubuntu colord-sane: io/hpmud/pp.c 627: unable to read device-id ret=-1
Jun 17 11:06:42 ubuntu ubiquity[1740]: switched to page language
Jun 17 11:06:42 ubuntu NetworkManager[1224]: <info>  [1560769602.5000] manager: WiFi hardware radio set enabled
Jun 17 11:06:42 ubuntu NetworkManager[1224]: <info>  [1560769602.5000] manager: WWAN hardware radio set enabled
Jun 17 11:06:43 ubuntu ubiquity[1740]: log-output -t ubiquity setxkbmap -layout us,cm,gb,gh -variant ,,,
Jun 17 11:06:43 ubuntu ubiquity[1740]: switched to page wireless
Jun 17 11:06:43 ubuntu ubiquity[1740]: switched to page language
Jun 17 11:06:45 ubuntu dhclient[1669]: DHCPDISCOVER on enp2s0 to 255.255.255.255 port 67 interval 16 (xid=0x755a013c)
Jun 17 11:07:00 ubuntu pulseaudio[1648]: [pulseaudio] bluez5-util.c: GetManagedObjects() failed: org.freedesktop.DBus.Error.TimedOut: Failed to activate service 'org.bluez': timed out
Jun 17 11:07:01 ubuntu dhclient[1669]: DHCPDISCOVER on enp2s0 to 255.255.255.255 port 67 interval 9 (xid=0x755a013c)
Jun 17 11:07:02 ubuntu systemd[1]: NetworkManager-wait-online.service: Main process exited, code=exited, status=1/FAILURE
Jun 17 11:07:02 ubuntu systemd[1]: Failed to start Network Manager Wait Online.
Jun 17 11:07:02 ubuntu systemd[1]: NetworkManager-wait-online.service: Unit entered failed state.
Jun 17 11:07:02 ubuntu systemd[1]: NetworkManager-wait-online.service: Failed with result 'exit-code'.
Jun 17 11:07:02 ubuntu systemd[1]: Reached target Network is Online.
Jun 17 11:07:02 ubuntu systemd[1]: Started crash report submission daemon.
Jun 17 11:07:02 ubuntu systemd[1]: Starting /etc/rc.local Compatibility...
